--------- beginning of /dev/log/system
D/PowerManagerService(  355): lightSensorChangedLocked value=550 immediate=false
D/PowerManagerService(  355): lcdValue 102
D/PowerManagerService(  355): buttonValue 255
D/PowerManagerService(  355): keyboardValue 0
D/PowerManagerService(  355): <<<<< FEATURE_ALIGN_BKL >>>>> LCD BKL Changes because of LS
V/PowerManagerService(  355): animateTo(target=102, sensor=550, mask=2, duration=960), currentValue=80, startTime=105376599
V/PowerManagerService(  355): Animating light: start:80, end:102, elapsed:0, duration:960, current:80, newValue:80, delay:0, highestSensor:144
V/PowerManagerService_performance(  355): Animating screen brightness: 80
D/PowerManagerService(  355): delay =43,newValue =81
V/PowerManagerService(  355): Animating light: start:80, end:102, elapsed:1, duration:960, current:80, newValue:81, delay:43, highestSensor:144
V/PowerManagerService_performance(  355): Animating screen brightness: 81
D/PowerManagerService(  355): delay =43,newValue =82
V/PowerManagerService(  355): Animating light: start:80, end:102, elapsed:46, duration:960, current:81, newValue:82, delay:43, highestSensor:163
V/PowerManagerService_performance(  355): Animating screen brightness: 82
D/PowerManagerService(  355): delay =43,newValue =83
V/PowerManagerService(  355): Animating light: start:80, end:102, elapsed:91, duration:960, current:82, newValue:83, delay:43, highestSensor:182
V/PowerManagerService_performance(  355): Animating screen brightness: 83
D/PowerManagerService(  355): delay =43,newValue =84
V/PowerManagerService(  355): Animating light: start:80, end:102, elapsed:136, duration:960, current:83, newValue:84, delay:43, highestSensor:201
V/PowerManagerService_performance(  355): Animating screen brightness: 84
D/PowerManagerService(  355): delay =43,newValue =85
V/PowerManagerService(  355): Animating light: start:80, end:102, elapsed:181, duration:960, current:84, newValue:85, delay:43, highestSensor:220
V/PowerManagerService_performance(  355): Animating screen brightness: 85
D/PowerManagerService(  355): delay =43,newValue =86
V/PowerManagerService(  355): Animating light: start:80, end:102, elapsed:226, duration:960, current:85, newValue:86, delay:43, highestSensor:239
V/PowerManagerService_performance(  355): Animating screen brightness: 86
D/PowerManagerService(  355): delay =43,newValue =87
V/PowerManagerService(  355): Animating light: start:80, end:102, elapsed:270, duration:960, current:86, newValue:87, delay:43, highestSensor:258
V/PowerManagerService_performance(  355): Animating screen brightness: 87
D/PowerManagerService(  355): delay =43,newValue =88
V/PowerManagerService(  355): Animating light: start:80, end:102, elapsed:315, duration:960, current:87, newValue:88, delay:43, highestSensor:277
V/PowerManagerService_performance(  355): Animating screen brightness: 88
D/PowerManagerService(  355): delay =43,newValue =89
V/PowerManagerService(  355): Animating light: start:80, end:102, elapsed:360, duration:960, current:88, newValue:89, delay:43, highestSensor:296
V/PowerManagerService_performance(  355): Animating screen brightness: 89
D/PowerManagerService(  355): delay =43,newValue =90
V/PowerManagerService(  355): Animating light: start:80, end:102, elapsed:405, duration:960, current:89, newValue:90, delay:43, highestSensor:315
V/PowerManagerService_performance(  355): Animating screen brightness: 90
D/PowerManagerService(  355): delay =43,newValue =91
V/PowerManagerService(  355): Animating light: start:80, end:102, elapsed:449, duration:960, current:90, newValue:91, delay:43, highestSensor:333
V/PowerManagerService_performance(  355): Animating screen brightness: 91
D/PowerManagerService(  355): delay =43,newValue =92
V/PowerManagerService(  355): Animating light: start:80, end:102, elapsed:494, duration:960, current:91, newValue:92, delay:43, highestSensor:352
V/PowerManagerService_performance(  355): Animating screen brightness: 92
D/PowerManagerService(  355): delay =43,newValue =93
V/PowerManagerService(  355): Animating light: start:80, end:102, elapsed:539, duration:960, current:92, newValue:93, delay:43, highestSensor:371
V/PowerManagerService_performance(  355): Animating screen brightness: 93
D/PowerManagerService(  355): delay =43,newValue =94
V/PowerManagerService(  355): Animating light: start:80, end:102, elapsed:583, duration:960, current:93, newValue:94, delay:43, highestSensor:390
V/PowerManagerService_performance(  355): Animating screen brightness: 94
D/PowerManagerService(  355): delay =43,newValue =95
V/PowerManagerService(  355): Animating light: start:80, end:102, elapsed:628, duration:960, current:94, newValue:95, delay:43, highestSensor:409
V/PowerManagerService_performance(  355): Animating screen brightness: 95
D/PowerManagerService(  355): delay =43,newValue =96
V/PowerManagerService(  355): Animating light: start:80, end:102, elapsed:673, duration:960, current:95, newValue:96, delay:43, highestSensor:428
V/PowerManagerService_performance(  355): Animating screen brightness: 96
D/PowerManagerService(  355): delay =43,newValue =97
V/PowerManagerService(  355): Animating light: start:80, end:102, elapsed:718, duration:960, current:96, newValue:97, delay:43, highestSensor:447
V/PowerManagerService_performance(  355): Animating screen brightness: 97
D/PowerManagerService(  355): delay =43,newValue =98
V/PowerManagerService(  355): Animating light: start:80, end:102, elapsed:763, duration:960, current:97, newValue:98, delay:43, highestSensor:466
V/PowerManagerService_performance(  355): Animating screen brightness: 98
D/PowerManagerService(  355): delay =43,newValue =99
V/PowerManagerService(  355): Animating light: start:80, end:102, elapsed:807, duration:960, current:98, newValue:99, delay:43, highestSensor:485
V/PowerManagerService_performance(  355): Animating screen brightness: 99
D/PowerManagerService(  355): delay =43,newValue =100
V/PowerManagerService(  355): Animating light: start:80, end:102, elapsed:852, duration:960, current:99, newValue:100, delay:43, highestSensor:504
V/PowerManagerService_performance(  355): Animating screen brightness: 100
D/PowerManagerService(  355): delay =43,newValue =101
V/PowerManagerService(  355): Animating light: start:80, end:102, elapsed:897, duration:960, current:100, newValue:101, delay:43, highestSensor:523
V/PowerManagerService_performance(  355): Animating screen brightness: 101
D/PowerManagerService(  355): delay =18,newValue =102
V/PowerManagerService(  355): Animating light: start:80, end:102, elapsed:942, duration:960, current:101, newValue:102, delay:18, highestSensor:542
V/PowerManagerService_performance(  355): Animating screen brightness: 102
D/PowerManagerService(  355): UA mLastEventTime=37207679 time=37217986 mUAAllowed=true mUserState=0x3 mWLState=0x1 mP-SensorActive=false mP-SensorEnabed=false timeoutOverride=-1 force=false
D/PowerManagerService(  355): reactivate mProxIgnored=false
D/PowerManagerService(  355): setPowerState: mPowerState=0x3 newState=0x7 noChangeLights=false reason=2
D/PowerManagerService(  355): setPowerState: mPowerState=3 newState=7 noChangeLights=false
D/PowerManagerService(  355):   oldKeyboardBright=false newKeyboardBright=false
D/PowerManagerService(  355):   oldScreenBright=true newScreenBright=true
D/PowerManagerService(  355):   oldButtonBright=false newButtonBright=true
D/PowerManagerService(  355):   oldScreenOn=true newScreenOn=true
D/PowerManagerService(  355):   oldBatteryLow=false newBatteryLow=false
D/PowerManagerService(  355): offMask=0x0 dimMask=0x0 onMask=0x4 difference=0x4 realDifference=0x4 forceState=0x0
I/PowerManagerService(  355): Setting brightess on 102: 4
D/PowerManagerService(  355): setTimeoutLocked now=37217986 timeoutOverride=-1 nextState=3 when=37223986
V/ActivityManager(  355): Broadcast: Intent { act=android.intent.action.CLOSE_SYSTEM_DIALOGS flg=0x40000010 (has extras) } ordered=false userid=0
I/ActivityManager(  355): START {act=android.intent.action.MAIN cat=[android.intent.category.HOME] flg=0x10200000 cmp=com.android.launcher/com.android.launcher2.Launcher u=0} from pid 355
V/ActivityManager(  355): At 8 ckp TaskRecord{43c8fa10 #18 A com.android.settings U 0}: ActivityRecord{424ae6c0 com.android.settings/.SubSettings}
V/ActivityManager(  355): At 7 ckp TaskRecord{43c8fa10 #18 A com.android.settings U 0}: ActivityRecord{422d5ff8 com.android.settings/.SubSettings}
V/ActivityManager(  355): At 6 ckp TaskRecord{43c8fa10 #18 A com.android.settings U 0}: ActivityRecord{43c88e48 com.android.settings/.Settings}
V/ActivityManager(  355): At 5 ckp TaskRecord{42670db8 #2 A com.android.launcher U 0}: ActivityRecord{42656a18 com.android.launcher/com.android.launcher2.Launcher}
V/ActivityManager(  355): Removing and adding at 8
V/ActivityManager(  355): At 4 ckp TaskRecord{42551a88 #73 I com.android.settings/.Settings$ManageApplicationsActivity U 0}: ActivityRecord{43188ac0 com.android.settings/.SubSettings}
V/ActivityManager(  355): At 3 ckp TaskRecord{42551a88 #73 I com.android.settings/.Settings$ManageApplicationsActivity U 0}: ActivityRecord{424a60b0 com.android.settings/.Settings$ManageApplicationsActivity}
V/ActivityManager(  355): At 2 ckp TaskRecord{43df76b0 #69 A jp.naver.line.android U 0}: ActivityRecord{424df6c0 jp.naver.line.android/.activity.main.MainActivity}
V/ActivityManager(  355): At 1 ckp TaskRecord{43079ab0 #33 I com.android.settings/.Settings$DevelopmentSettingsActivity U 0}: ActivityRecord{424a52b8 com.android.settings/.UsbSettings}
V/ActivityManager(  355): At 0 ckp TaskRecord{43260aa8 #16 A com.ljq.firebase U 0}: ActivityRecord{42f97f10 com.ljq.firebase/.InviteReceiveActivity}
D/RecentsPanelView(  440): panelHeight=0
D/PowerManagerService(  355): acquireWakeLock flags=0x1 tag=ActivityManager-Launch
D/PhoneStatusBar(  440): animateCollapse(): mExpanded=false mExpandedVisible=false mExpanded=false mAnimating=false mAnimY=0.0 mAnimVel=0.0 flags=0
D/ActivityThread( 7051): ACT-AM_ON_PAUSE_CALLED ActivityRecord{423e0168 token=android.os.BinderProxy@428c76c0 {com.android.settings/com.android.settings.SubSettings}}
D/PowerManagerService(  355): setKeyboardVisibility: false
V/WindowManager(  355): Changing focus from Window{42394de8 com.android.settings/com.android.settings.SubSettings paused=true} to null
I/WindowManager(  355): Losing focus: Window{42394de8 com.android.settings/com.android.settings.SubSettings paused=true}
W/WindowManager(  355): No new IME target
W/InputMethodManagerService(  355): Ignoring hideSoftInput of uid 10018: com.android.internal.view.IInputMethodClient$Stub$Proxy@43cbb208
D/ActivityThread(  541): ACT-NEW_INTENT handled : 0 / NewIntentData{intents=[Intent { act=android.intent.action.MAIN cat=[android.intent.category.HOME] flg=0x10600000 cmp=com.android.launcher/com.android.launcher2.Launcher }] token=android.os.BinderProxy@422a9528}
D/ActivityThread(  541): ACT-AM_ON_RESUME_CALLED ActivityRecord{422a9d50 token=android.os.BinderProxy@422a9528 {com.android.launcher/com.android.launcher2.Launcher}}
D/ActivityThread(  541): ACT-RESUME_ACTIVITY handled : 1 / android.os.BinderProxy@422a9528
V/WindowManager(  355): Changing focus from null to Window{42feb198 com.android.launcher/com.android.launcher2.Launcher paused=false}
D/PhoneStatusBar(  440): hiding the MENU button
I/WindowManager(  355): Gaining focus: Window{42feb198 com.android.launcher/com.android.launcher2.Launcher paused=false}
D/ActivityThread( 7051): ACT-PAUSE_ACTIVITY handled : 1 / android.os.BinderProxy@428c76c0
V/InputMethodManagerService(  355): windowGainedFocus: android.os.BinderProxy@42fea538 controlFlags=#104 softInputMode=#120 windowFlags=#1910100
V/ActivityManager(  355): Activity idle: Token{42656b58 ActivityRecord{42656a18 com.android.launcher/com.android.launcher2.Launcher}}
D/PowerManagerService(  355): releaseWakeLock flags=0x1 tag=ActivityManager-Launch total_time=309ms
V/ActivityManager(  355): Stopping ActivityRecord{424ae6c0 com.android.settings/.SubSettings}: nowVisible=false waitingVisible=true finishing=false
V/ActivityManager(  355): Activity idle: null
D/ActivityManager(  355): ACT-IDLE_NOW_MSG from windowsVisible() for idle: ActivityRecord{42656a18 com.android.launcher/com.android.launcher2.Launcher}
V/ActivityManager(  355): Stopping ActivityRecord{424ae6c0 com.android.settings/.SubSettings}: nowVisible=true waitingVisible=false finishing=false
V/ActivityManager(  355): Ready to stop: ActivityRecord{424ae6c0 com.android.settings/.SubSettings}
D/ActivityThread( 7051): ACT-STOP_ACTIVITY_HIDE handled : 0 / android.os.BinderProxy@428c76c0
V/ActivityManager(  355): Activity stopped: token=Token{42f71d80 ActivityRecord{424ae6c0 com.android.settings/.SubSettings}}
D/PowerManagerService(  355): UA mLastEventTime=37217986 time=37219291 mUAAllowed=true mUserState=0x7 mWLState=0x1 mP-SensorActive=false mP-SensorEnabed=false timeoutOverride=-1 force=false
D/PowerManagerService(  355): reactivate mProxIgnored=false
D/PowerManagerService(  355): setPowerState: mPowerState=0x7 newState=0x7 noChangeLights=false reason=2
D/PowerManagerService(  355): setTimeoutLocked now=37219291 timeoutOverride=-1 nextState=3 when=37225291
V/ActivityManager(  355): Broadcast sticky: Intent { act=android.intent.action.BATTERY_CHANGED flg=0x60000010 (has extras) } ordered=false userid=0
D/WifiService(  355): onReceive, action=android.intent.action.BATTERY_CHANGED
D/WifiService(  355): ACTION_BATTERY_CHANGED pluggedType: 2
D/UsbDeviceManager(  355): onReceive - ACTION_BATTERY_CHANGED - mPlugType: 2, mSettingUsbCharging: false, mConnected: true, mSettingUsbBicr: false
D/PowerManagerService(  355): UA mLastEventTime=37219291 time=37220332 mUAAllowed=true mUserState=0x7 mWLState=0x1 mP-SensorActive=false mP-SensorEnabed=false timeoutOverride=-1 force=false
D/PowerManagerService(  355): reactivate mProxIgnored=false
D/PowerManagerService(  355): setPowerState: mPowerState=0x7 newState=0x7 noChangeLights=false reason=2
D/PowerManagerService(  355): setTimeoutLocked now=37220332 timeoutOverride=-1 nextState=3 when=37226332
D/PowerManagerService(  355): UA mLastEventTime=37220332 time=37221169 mUAAllowed=true mUserState=0x7 mWLState=0x1 mP-SensorActive=false mP-SensorEnabed=false timeoutOverride=-1 force=false
D/PowerManagerService(  355): reactivate mProxIgnored=false
D/PowerManagerService(  355): setPowerState: mPowerState=0x7 newState=0x7 noChangeLights=false reason=2
D/PowerManagerService(  355): setTimeoutLocked now=37221169 timeoutOverride=-1 nextState=3 when=37227169
I/ActivityManager(  355): START {act=android.intent.action.MAIN cat=[android.intent.category.LAUNCHER] flg=0x10200000 cmp=cn.wps.moffice_eng/cn.wps.moffice.documentmanager.PreStartActivity u=0} from pid 541
D/PowerManagerService(  355): acquireWakeLock flags=0x1 tag=ActivityManager-Launch
D/ActivityThread(  541): ACT-AM_ON_PAUSE_CALLED ActivityRecord{422a9d50 token=android.os.BinderProxy@422a9528 {com.android.launcher/com.android.launcher2.Launcher}}
I/ActivityManager(  355): Start proc cn.wps.moffice_eng for activity cn.wps.moffice_eng/cn.wps.moffice.documentmanager.PreStartActivity: pid=13189 uid=10031 gids={3003, 1015, 1028, 1006, 1013}
D/ActivityThread(  541): ACT-PAUSE_ACTIVITY handled : 1 / android.os.BinderProxy@422a9528
V/ActivityManager(  355): Binding process pid 13189 to record ProcessRecord{424db340 13189:cn.wps.moffice_eng/u0a31}
V/ActivityManager(  355): New death recipient com.android.server.am.ActivityManagerService$AppDeathRecipient@424dcb90 for thread android.os.BinderProxy@42fff180
V/ActivityManager(  355): New app record ProcessRecord{424db340 13189:cn.wps.moffice_eng/u0a31} thread=android.os.BinderProxy@42fff180 pid=13189
D/PowerManagerService(  355): setKeyboardVisibility: false
V/ActivityManager(  355): ACT-Launching: ActivityRecord{4239c1f8 cn.wps.moffice_eng/cn.wps.moffice.documentmanager.PreStartActivity}
V/WindowManager(  355): Changing focus from Window{42feb198 com.android.launcher/com.android.launcher2.Launcher paused=false} to null
I/WindowManager(  355): Losing focus: Window{42feb198 com.android.launcher/com.android.launcher2.Launcher paused=false}
I/ActivityManager(  355): START {flg=0x10000000 cmp=cn.wps.moffice_eng/cn.wps.moffice.documentmanager.DexOptWaitingActivity u=0} from pid 13189
D/PowerManagerService(  355): acquireWakeLock flags=0x1 tag=ActivityManager-Launch
W/ActivityManager(  355): Activity pause timeout for ActivityRecord{4239c1f8 cn.wps.moffice_eng/cn.wps.moffice.documentmanager.PreStartActivity}
I/ActivityManager(  355): Start proc cn.wps.moffice_eng:dexsplash for activity cn.wps.moffice_eng/cn.wps.moffice.documentmanager.DexOptWaitingActivity: pid=13214 uid=10031 gids={3003, 1015, 1028, 1006, 1013}
V/ActivityManager(  355): Binding process pid 13214 to record ProcessRecord{4250e440 13214:cn.wps.moffice_eng:dexsplash/u0a31}
V/ActivityManager(  355): New death recipient com.android.server.am.ActivityManagerService$AppDeathRecipient@424fa690 for thread android.os.BinderProxy@425faee8
V/ActivityManager(  355): New app record ProcessRecord{4250e440 13214:cn.wps.moffice_eng:dexsplash/u0a31} thread=android.os.BinderProxy@425faee8 pid=13214
D/PowerManagerService(  355): setKeyboardVisibility: false
V/ActivityManager(  355): ACT-Launching: ActivityRecord{424c4dc8 cn.wps.moffice_eng/cn.wps.moffice.documentmanager.DexOptWaitingActivity}
D/ActivityThread(13214): BIND_APPLICATION handled : 0 / AppBindData{appInfo=ApplicationInfo{422a65f0 cn.wps.moffice_eng}}
D/ActivityThread(13214): ACT-AM_ON_RESUME_CALLED ActivityRecord{422a7ec8 token=android.os.BinderProxy@422a7180 {cn.wps.moffice_eng/cn.wps.moffice.documentmanager.DexOptWaitingActivity}}
D/ActivityThread(13214): ACT-LAUNCH_ACTIVITY handled : 0 / ActivityRecord{422a7ec8 token=android.os.BinderProxy@422a7180 {cn.wps.moffice_eng/cn.wps.moffice.documentmanager.DexOptWaitingActivity}}
V/WindowManager(  355): Changing focus from null to Window{4251ad28 cn.wps.moffice_eng/cn.wps.moffice.documentmanager.DexOptWaitingActivity paused=false}
D/PhoneStatusBar(  440): hiding the MENU button
I/WindowManager(  355): Gaining focus: Window{4251ad28 cn.wps.moffice_eng/cn.wps.moffice.documentmanager.DexOptWaitingActivity paused=false}
V/InputMethodManagerService(  355): windowGainedFocus: android.os.BinderProxy@42fb9c10 controlFlags=#104 softInputMode=#120 windowFlags=#1800500
V/ActivityManager(  355): Activity idle: Token{424202a8 ActivityRecord{424c4dc8 cn.wps.moffice_eng/cn.wps.moffice.documentmanager.DexOptWaitingActivity}}
D/PowerManagerService(  355): releaseWakeLock flags=0x1 tag=ActivityManager-Launch total_time=2237ms
V/ActivityManager(  355): Stopping ActivityRecord{42656a18 com.android.launcher/com.android.launcher2.Launcher}: nowVisible=false waitingVisible=true finishing=false
V/ActivityManager(  355): Stopping ActivityRecord{4239c1f8 cn.wps.moffice_eng/cn.wps.moffice.documentmanager.PreStartActivity}: nowVisible=false waitingVisible=true finishing=false
V/ActivityManager(  355): Activity idle: null
D/ActivityManager(  355): ACT-IDLE_NOW_MSG from windowsVisible() for idle: ActivityRecord{424c4dc8 cn.wps.moffice_eng/cn.wps.moffice.documentmanager.DexOptWaitingActivity}
V/ActivityManager(  355): Stopping ActivityRecord{42656a18 com.android.launcher/com.android.launcher2.Launcher}: nowVisible=true waitingVisible=false finishing=false
V/ActivityManager(  355): Ready to stop: ActivityRecord{42656a18 com.android.launcher/com.android.launcher2.Launcher}
V/ActivityManager(  355): Stopping ActivityRecord{4239c1f8 cn.wps.moffice_eng/cn.wps.moffice.documentmanager.PreStartActivity}: nowVisible=true waitingVisible=false finishing=false
V/ActivityManager(  355): Ready to stop: ActivityRecord{4239c1f8 cn.wps.moffice_eng/cn.wps.moffice.documentmanager.PreStartActivity}
D/PhoneStatusBar(  440): animateCollapse(): mExpanded=false mExpandedVisible=false mExpanded=false mAnimating=false mAnimY=0.0 mAnimVel=0.0 flags=0
D/ActivityThread(  541): ACT-STOP_ACTIVITY_HIDE handled : 0 / android.os.BinderProxy@422a9528
V/ActivityManager(  355): Activity stopped: token=Token{42656b58 ActivityRecord{42656a18 com.android.launcher/com.android.launcher2.Launcher}}
D/PowerManagerService(  355): user activity timeout timed out nextState=3
D/PowerManagerService(  355): setPowerState: mPowerState=0x7 newState=0x3 noChangeLights=false reason=3
D/PowerManagerService(  355): setPowerState: mPowerState=7 newState=3 noChangeLights=false
D/PowerManagerService(  355):   oldKeyboardBright=false newKeyboardBright=false
D/PowerManagerService(  355):   oldScreenBright=true newScreenBright=true
D/PowerManagerService(  355):   oldButtonBright=true newButtonBright=false
D/PowerManagerService(  355):   oldScreenOn=true newScreenOn=true
D/PowerManagerService(  355):   oldBatteryLow=false newBatteryLow=false
D/PowerManagerService(  355): offMask=0x4 dimMask=0x0 onMask=0x0 difference=0x4 realDifference=0x4 forceState=0x0
I/PowerManagerService(  355): Setting brightess off: 4
D/PowerManagerService(  355): setTimeoutLocked now=37227177 timeoutOverride=-1 nextState=1 when=39014177
E/ActivityThread(13189): Failed to find provider info for com.google.android.gms.chimera
D/ConnectivityService(  355): getActiveNetworkInfo:NetworkInfo: type: WIFI[], state: CONNECTED/CONNECTED, reason: (unspecified), extra: (none), roaming: false, failover: false, isAvailable: true, simId: 0/10031
V/ActivityManager(  355): Broadcast sticky: Intent { act=android.intent.action.BATTERY_CHANGED flg=0x60000010 (has extras) } ordered=false userid=0
D/WifiService(  355): onReceive, action=android.intent.action.BATTERY_CHANGED
D/WifiService(  355): ACTION_BATTERY_CHANGED pluggedType: 2
D/UsbDeviceManager(  355): onReceive - ACTION_BATTERY_CHANGED - mPlugType: 2, mSettingUsbCharging: false, mConnected: true, mSettingUsbBicr: false
D/ActivityThread(13189): BIND_APPLICATION handled : 0 / AppBindData{appInfo=ApplicationInfo{422a5e90 cn.wps.moffice_eng}}
V/ActivityManager(  355): Broadcast: Intent { act=cn.wps.moffice.KSOStatAnalytics.eventflow flg=0x10 (has extras) } ordered=false userid=0
D/PowerManagerService(  355): setKeyboardVisibility: false
V/ActivityManager(  355): Broadcast: Intent { act=cn.wps.moffice.KSOStatAnalytics.event flg=0x10 (has extras) } ordered=false userid=0
W/ActivityManager(  355): Unable to start service Intent { act=com.google.android.gms.ads.identifier.service.START pkg=com.google.android.gms }: not found
V/ActivityManager(  355): Broadcast: Intent { act=cn.wps.moffice.background.switch flg=0x10 pkg=cn.wps.moffice_eng } ordered=false userid=0
V/ActivityManager(  355): Broadcast: Intent { act=cn.wps.moffice.KSOStatAnalytics.event flg=0x10 (has extras) } ordered=false userid=0
W/ActivityManager(  355): Activity idle timeout for ActivityRecord{4239c1f8 cn.wps.moffice_eng/cn.wps.moffice.documentmanager.PreStartActivity}
V/ActivityManager(  355): Activity idle: Token{42541210 ActivityRecord{4239c1f8 cn.wps.moffice_eng/cn.wps.moffice.documentmanager.PreStartActivity}}
V/ActivityManager(  355): Broadcast: Intent { act=receiver_action_finish_DexOptWaitingActivity flg=0x10 pkg=cn.wps.moffice_eng } ordered=false userid=0
D/ActivityThread(13189): ACT-AM_ON_RESUME_CALLED ActivityRecord{422a9c50 token=android.os.BinderProxy@422a9430 {cn.wps.moffice_eng/cn.wps.moffice.documentmanager.PreStartActivity}}
D/PowerManagerService(  355): acquireWakeLock flags=0x1 tag=ActivityManager-Launch
D/ActivityThread(13214): ACT-AM_ON_PAUSE_CALLED ActivityRecord{422a7ec8 token=android.os.BinderProxy@422a7180 {cn.wps.moffice_eng/cn.wps.moffice.documentmanager.DexOptWaitingActivity}}
D/PowerManagerService(  355): setKeyboardVisibility: false
D/ActivityThread(13214): ACT-PAUSE_ACTIVITY_FINISHING handled : 0 / android.os.BinderProxy@422a7180
V/WindowManager(  355): Changing focus from Window{4251ad28 cn.wps.moffice_eng/cn.wps.moffice.documentmanager.DexOptWaitingActivity paused=false} to null
I/WindowManager(  355): Losing focus: Window{4251ad28 cn.wps.moffice_eng/cn.wps.moffice.documentmanager.DexOptWaitingActivity paused=false}
D/ActivityThread(  541): ACT-SHOW_WINDOW handled : 0 / android.os.BinderProxy@422a9528
D/ActivityThread(13189): ACT-LAUNCH_ACTIVITY handled : 0 / ActivityRecord{422a9c50 token=android.os.BinderProxy@422a9430 {cn.wps.moffice_eng/cn.wps.moffice.documentmanager.PreStartActivity}}
D/ActivityThread(13189): ACT-AM_ON_PAUSE_CALLED ActivityRecord{422a9c50 token=android.os.BinderProxy@422a9430 {cn.wps.moffice_eng/cn.wps.moffice.documentmanager.PreStartActivity}}
D/ActivityThread(13189): ACT-PAUSE_ACTIVITY handled : 1 / android.os.BinderProxy@422a9430
V/ActivityManager(  355): Broadcast: Intent { act=cn.wps.moffice.background.switch flg=0x10 pkg=cn.wps.moffice_eng } ordered=false userid=0
D/ActivityThread(13189): ACT-STOP_ACTIVITY_HIDE handled : 0 / android.os.BinderProxy@422a9430
D/ActivityThread(13189): SVC-Creating service: CreateServiceData{token=android.os.BinderProxy@425d8a88 className=cn.wps.moffice.main.cloud.roaming.service.WPSQingService packageName=cn.wps.moffice_eng intent=null}
D/ActivityThread(13189): SVC-CREATE_SERVICE handled : 0 / CreateServiceData{token=android.os.BinderProxy@425d8a88 className=cn.wps.moffice.main.cloud.roaming.service.WPSQingService packageName=cn.wps.moffice_eng intent=null}
D/ConnectivityService(  355): getActiveNetworkInfo:NetworkInfo: type: WIFI[], state: CONNECTED/CONNECTED, reason: (unspecified), extra: (none), roaming: false, failover: false, isAvailable: true, simId: 0/10031
D/ConnectivityService(  355): getActiveNetworkInfo:NetworkInfo: type: WIFI[], state: CONNECTED/CONNECTED, reason: (unspecified), extra: (none), roaming: false, failover: false, isAvailable: true, simId: 0/10031
D/ConnectivityService(  355): getActiveNetworkInfo:NetworkInfo: type: WIFI[], state: CONNECTED/CONNECTED, reason: (unspecified), extra: (none), roaming: false, failover: false, isAvailable: true, simId: 0/10031
D/ConnectivityService(  355): getActiveNetworkInfo:NetworkInfo: type: WIFI[], state: CONNECTED/CONNECTED, reason: (unspecified), extra: (none), roaming: false, failover: false, isAvailable: true, simId: 0/10031
D/ActivityThread(13189): SVC-BIND_SERVICE handled : 0 / BindServiceData{token=android.os.BinderProxy@425d8a88 intent=Intent { act=cn.wps.moffice.qing.service cmp=cn.wps.moffice_eng/cn.wps.moffice.main.cloud.roaming.service.WPSQingService }}
D/MobileDataStateTracker(  355): default: getNetworkInfo: updated IsAvailable=false
D/MobileDataStateTracker(  355): default: getNetworkInfo: updated IsAvailable=false
D/ActivityThread(13189): SVC-Creating service: CreateServiceData{token=android.os.BinderProxy@4244bb68 className=cn.wps.moffice.common.qing.roaming.PollingService packageName=cn.wps.moffice_eng intent=null}
D/ActivityThread(13189): SVC-CREATE_SERVICE handled : 0 / CreateServiceData{token=android.os.BinderProxy@4244bb68 className=cn.wps.moffice.common.qing.roaming.PollingService packageName=cn.wps.moffice_eng intent=null}
D/ActivityThread(13189): SVC-SERVICE_ARGS handled : 0 / ServiceArgsData{token=android.os.BinderProxy@4244bb68 startId=1 args=Intent { cmp=cn.wps.moffice_eng/cn.wps.moffice.common.qing.roaming.PollingService }}
D/ActivityThread(13189): BDC-Calling onReceive: intent=Intent { act=cn.wps.moffice.background.switch flg=0x10 pkg=cn.wps.moffice_eng cmp=cn.wps.moffice_eng/cn.wps.moffice.main.common.BackgroundSwitchReceiver }, ordered=true, receiver=cn.wps.moffice.main.common.BackgroundSwitchReceiver@42614e48
D/ActivityThread(13189): BDC-RECEIVER handled : 0 / ReceiverData{intent=Intent { act=cn.wps.moffice.background.switch flg=0x10 pkg=cn.wps.moffice_eng cmp=cn.wps.moffice_eng/cn.wps.moffice.main.common.BackgroundSwitchReceiver } packageName=cn.wps.moffice_eng resultCode=-1 resultData=null resultExtras=null}
V/ActivityManager(  355): Broadcast: Intent { act=cn.wps.moffice.background.switch flg=0x10 pkg=cn.wps.moffice_eng } ordered=false userid=0
D/ActivityThread(13189): ACT-AM_ON_RESUME_CALLED ActivityRecord{422a9c50 token=android.os.BinderProxy@422a9430 {cn.wps.moffice_eng/cn.wps.moffice.documentmanager.PreStartActivity}}
D/ActivityThread(13189): ACT-RESUME_ACTIVITY handled : 0 / android.os.BinderProxy@422a9430
V/WindowManager(  355): Changing focus from null to Window{425b5d70 cn.wps.moffice_eng/cn.wps.moffice.documentmanager.PreStartActivity paused=false}
D/PhoneStatusBar(  440): hiding the MENU button
I/WindowManager(  355): Gaining focus: Window{425b5d70 cn.wps.moffice_eng/cn.wps.moffice.documentmanager.PreStartActivity paused=false}
V/ActivityManager(  355): Activity stopped: token=Token{42541210 ActivityRecord{4239c1f8 cn.wps.moffice_eng/cn.wps.moffice.documentmanager.PreStartActivity}}
I/ActivityManager(  355): Activity reported stop, but no longer stopping: ActivityRecord{4239c1f8 cn.wps.moffice_eng/cn.wps.moffice.documentmanager.PreStartActivity}
V/ActivityManager(  355): Broadcast: Intent { act=action_cross_process_msg flg=0x10 (has extras) } ordered=false userid=0
V/ActivityManager(  355): Broadcast: Intent { act=cn.wps.moffice.local.push_show flg=0x10 pkg=cn.wps.moffice_eng } ordered=false userid=0
D/ActivityThread(13189): BDC-Calling onReceive: intent=Intent { act=cn.wps.moffice.background.switch flg=0x10 pkg=cn.wps.moffice_eng cmp=cn.wps.moffice_eng/cn.wps.moffice.main.common.BackgroundSwitchReceiver }, ordered=true, receiver=cn.wps.moffice.main.common.BackgroundSwitchReceiver@4266ba60
D/ActivityThread(13189): BDC-RECEIVER handled : 0 / ReceiverData{intent=Intent { act=cn.wps.moffice.background.switch flg=0x10 pkg=cn.wps.moffice_eng cmp=cn.wps.moffice_eng/cn.wps.moffice.main.common.BackgroundSwitchReceiver } packageName=cn.wps.moffice_eng resultCode=-1 resultData=null resultExtras=null}
V/ActivityManager(  355): Broadcast: Intent { act=receiver_action_finish_DexOptWaitingActivity flg=0x10 pkg=cn.wps.moffice_eng } ordered=false userid=0
V/InputMethodManagerService(  355): windowGainedFocus: android.os.BinderProxy@43188aa8 controlFlags=#104 softInputMode=#20 windowFlags=#1800500
D/ActivityThread(13189): BDC-Calling onReceive: intent=Intent { act=cn.wps.moffice.background.switch flg=0x10 pkg=cn.wps.moffice_eng cmp=cn.wps.moffice_eng/cn.wps.moffice.main.common.BackgroundSwitchReceiver }, ordered=true, receiver=cn.wps.moffice.main.common.BackgroundSwitchReceiver@423ffdd0
W/ActivityManager(  355): Duplicate finish request for ActivityRecord{424c4dc8 cn.wps.moffice_eng/cn.wps.moffice.documentmanager.DexOptWaitingActivity}
D/ActivityThread(13189): BDC-RECEIVER handled : 0 / ReceiverData{intent=Intent { act=cn.wps.moffice.background.switch flg=0x10 pkg=cn.wps.moffice_eng cmp=cn.wps.moffice_eng/cn.wps.moffice.main.common.BackgroundSwitchReceiver } packageName=cn.wps.moffice_eng resultCode=-1 resultData=null resultExtras=null}
D/ActivityThread(13189): BDC-Calling onReceive: intent=Intent { act=cn.wps.moffice.local.push_show flg=0x10 pkg=cn.wps.moffice_eng cmp=cn.wps.moffice_eng/cn.wps.moffice.common.qing.roaming.RoamingPushReceiver }, ordered=true, receiver=cn.wps.moffice.common.qing.roaming.RoamingPushReceiver@423d2218
V/ActivityManager(  355): Activity idle: Token{42541210 ActivityRecord{4239c1f8 cn.wps.moffice_eng/cn.wps.moffice.documentmanager.PreStartActivity}}
D/PowerManagerService(  355): releaseWakeLock flags=0x1 tag=ActivityManager-Launch total_time=1040ms
V/ActivityManager(  355): Stopping ActivityRecord{424c4dc8 cn.wps.moffice_eng/cn.wps.moffice.documentmanager.DexOptWaitingActivity}: nowVisible=false waitingVisible=true finishing=true
V/ActivityManager(  355): Activity idle: Token{42541210 ActivityRecord{4239c1f8 cn.wps.moffice_eng/cn.wps.moffice.documentmanager.PreStartActivity}}
V/ActivityManager(  355): Stopping ActivityRecord{424c4dc8 cn.wps.moffice_eng/cn.wps.moffice.documentmanager.DexOptWaitingActivity}: nowVisible=false waitingVisible=true finishing=true
D/ActivityThread(13189): BDC-RECEIVER handled : 0 / ReceiverData{intent=Intent { act=cn.wps.moffice.local.push_show flg=0x10 pkg=cn.wps.moffice_eng cmp=cn.wps.moffice_eng/cn.wps.moffice.common.qing.roaming.RoamingPushReceiver } packageName=cn.wps.moffice_eng resultCode=-1 resultData=null resultExtras=null}
D/ActivityThread(13189): SVC-SERVICE_ARGS handled : 0 / ServiceArgsData{token=android.os.BinderProxy@4244bb68 startId=2 args=Intent { cmp=cn.wps.moffice_eng/cn.wps.moffice.common.qing.roaming.PollingService }}
D/ActivityThread(13189): SVC-SERVICE_ARGS handled : 0 / ServiceArgsData{token=android.os.BinderProxy@4244bb68 startId=3 args=Intent { cmp=cn.wps.moffice_eng/cn.wps.moffice.common.qing.roaming.PollingService }}
D/ActivityManager(  355): ACT-IDLE_NOW_MSG from windowsVisible() for idle: ActivityRecord{42656a18 com.android.launcher/com.android.launcher2.Launcher}
V/ActivityManager(  355): Activity idle: null
V/ActivityManager(  355): Stopping ActivityRecord{424c4dc8 cn.wps.moffice_eng/cn.wps.moffice.documentmanager.DexOptWaitingActivity}: nowVisible=true waitingVisible=false finishing=true
V/ActivityManager(  355): Ready to stop: ActivityRecord{424c4dc8 cn.wps.moffice_eng/cn.wps.moffice.documentmanager.DexOptWaitingActivity}
D/ActivityThread(13214): ACT-DESTROY_ACTIVITY handled : 1 / android.os.BinderProxy@422a7180
D/ActivityThread(13189): SVC-SERVICE_ARGS handled : 0 / ServiceArgsData{token=android.os.BinderProxy@4244bb68 startId=4 args=Intent { cmp=cn.wps.moffice_eng/cn.wps.moffice.common.qing.roaming.PollingService }}
D/ConnectivityService(  355): getActiveNetworkInfo:NetworkInfo: type: WIFI[], state: CONNECTED/CONNECTED, reason: (unspecified), extra: (none), roaming: false, failover: false, isAvailable: true, simId: 0/10031
I/ActivityManager(  355): Start proc cn.wps.moffice_eng:pushservice for service cn.wps.moffice_eng/cn.wps.moffice.main.persistent.core.CoreService: pid=13297 uid=10031 gids={3003, 1015, 1028, 1006, 1013}
V/ActivityManager(  355): Binding process pid 13297 to record ProcessRecord{426137d0 13297:cn.wps.moffice_eng:pushservice/u0a31}
V/ActivityManager(  355): New death recipient com.android.server.am.ActivityManagerService$AppDeathRecipient@42f878d8 for thread android.os.BinderProxy@42fd5790
V/ActivityManager(  355): New app record ProcessRecord{426137d0 13297:cn.wps.moffice_eng:pushservice/u0a31} thread=android.os.BinderProxy@42fd5790 pid=13297
W/ActivityThread(13297): Duplicate remove pending of provider cn.wps.moffice.persistence.AppDataProvider
W/ActivityThread(13297): Duplicate remove pending of provider cn.wps.moffice.persistence.AppDataProvider
W/ActivityThread(13297): Duplicate remove pending of provider cn.wps.moffice.persistence.AppDataProvider
W/ActivityThread(13297): Duplicate remove pending of provider cn.wps.moffice.persistence.AppDataProvider
W/ActivityThread(13297): Duplicate remove pending of provider cn.wps.moffice.persistence.AppDataProvider
W/ActivityThread(13297): Duplicate remove pending of provider cn.wps.moffice.persistence.AppDataProvider
W/ActivityThread(13297): Duplicate remove pending of provider cn.wps.moffice.persistence.AppDataProvider
W/ActivityThread(13297): Duplicate remove pending of provider cn.wps.moffice.persistence.AppDataProvider
W/ActivityThread(13297): Duplicate remove pending of provider cn.wps.moffice.persistence.AppDataProvider
W/ActivityThread(13297): Duplicate remove pending of provider cn.wps.moffice.persistence.AppDataProvider
W/ActivityThread(13297): Duplicate remove pending of provider cn.wps.moffice.persistence.AppDataProvider
W/ActivityThread(13297): Duplicate remove pending of provider cn.wps.moffice.persistence.AppDataProvider
W/ActivityThread(13297): Duplicate remove pending of provider cn.wps.moffice.persistence.AppDataProvider
W/ActivityThread(13297): Duplicate remove pending of provider cn.wps.moffice.persistence.AppDataProvider
W/ActivityThread(13297): Duplicate remove pending of provider cn.wps.moffice.persistence.AppDataProvider
W/ActivityThread(13297): Duplicate remove pending of provider cn.wps.moffice.persistence.AppDataProvider
W/ActivityThread(13297): Duplicate remove pending of provider cn.wps.moffice.persistence.AppDataProvider
W/ActivityThread(13297): Duplicate remove pending of provider cn.wps.moffice.persistence.AppDataProvider
W/ActivityThread(13297): Duplicate remove pending of provider cn.wps.moffice.persistence.AppDataProvider
W/ActivityThread(13297): Duplicate remove pending of provider cn.wps.moffice.persistence.AppDataProvider
W/ActivityThread(13297): Duplicate remove pending of provider cn.wps.moffice.persistence.AppDataProvider
W/ActivityThread(13297): Duplicate remove pending of provider cn.wps.moffice.persistence.AppDataProvider
W/ActivityThread(13297): Duplicate remove pending of provider cn.wps.moffice.persistence.AppDataProvider
D/ConnectivityService(  355): getActiveNetworkInfo:NetworkInfo: type: WIFI[], state: CONNECTED/CONNECTED, reason: (unspecified), extra: (none), roaming: false, failover: false, isAvailable: true, simId: 0/10031
W/ActivityThread(13297): Duplicate remove pending of provider cn.wps.moffice.persistence.AppDataProvider
W/ActivityThread(13297): Duplicate remove pending of provider cn.wps.moffice.persistence.AppDataProvider
W/ActivityThread(13297): Duplicate remove pending of provider cn.wps.moffice.persistence.AppDataProvider
W/ActivityThread(13297): Duplicate remove pending of provider cn.wps.moffice.persistence.AppDataProvider
W/ActivityManager(  355): Unable to start service Intent { act=com.google.android.gms.ads.identifier.service.START pkg=com.google.android.gms }: not found
W/ActivityManager(  355): Unable to start service Intent { act=com.google.android.gms.ads.identifier.service.START pkg=com.google.android.gms }: not found
W/ActivityThread(13297): Duplicate remove pending of provider cn.wps.moffice.persistence.AppDataProvider
W/ActivityThread(13297): Duplicate remove pending of provider cn.wps.moffice.persistence.AppDataProvider
D/ActivityThread(13297): BIND_APPLICATION handled : 0 / AppBindData{appInfo=ApplicationInfo{422a7a00 cn.wps.moffice_eng}}
D/ActivityThread(13297): SVC-Creating service: CreateServiceData{token=android.os.BinderProxy@422a8538 className=cn.wps.moffice.main.persistent.core.CoreService packageName=cn.wps.moffice_eng intent=null}
D/ActivityThread(13297): SVC-CREATE_SERVICE handled : 0 / CreateServiceData{token=android.os.BinderProxy@422a8538 className=cn.wps.moffice.main.persistent.core.CoreService packageName=cn.wps.moffice_eng intent=null}
D/ActivityThread(13297): SVC-SERVICE_ARGS handled : 0 / ServiceArgsData{token=android.os.BinderProxy@422a8538 startId=1 args=Intent { cmp=cn.wps.moffice_eng/cn.wps.moffice.main.persistent.core.CoreService }}
D/ActivityThread(13297): SVC-SERVICE_ARGS handled : 0 / ServiceArgsData{token=android.os.BinderProxy@422a8538 startId=2 args=Intent { cmp=cn.wps.moffice_eng/cn.wps.moffice.main.persistent.core.CoreService }}
W/ActivityThread(13297): Duplicate remove pending of provider cn.wps.moffice.persistence.AppDataProvider
V/ActivityManager(  355): Broadcast: Intent { act=action_cross_process_msg flg=0x10 (has extras) } ordered=false userid=0
D/ActivityThread(13297): SVC-Creating service: CreateServiceData{token=android.os.BinderProxy@42432168 className=cn.wps.moffice.main.pushunion.PushInitService packageName=cn.wps.moffice_eng intent=null}
D/ActivityThread(13297): SVC-CREATE_SERVICE handled : 0 / CreateServiceData{token=android.os.BinderProxy@42432168 className=cn.wps.moffice.main.pushunion.PushInitService packageName=cn.wps.moffice_eng intent=null}
D/ActivityThread(13297): SVC-SERVICE_ARGS handled : 0 / ServiceArgsData{token=android.os.BinderProxy@42432168 startId=1 args=Intent { pkg=cn.wps.moffice_eng cmp=cn.wps.moffice_eng/cn.wps.moffice.main.pushunion.PushInitService }}
W/ActivityThread(13297): Duplicate remove pending of provider cn.wps.moffice.persistence.AppDataProvider
V/ActivityManager(  355): Broadcast: Intent { act=cn.wps.moffice.KSOStatAnalytics.eventflow flg=0x10 (has extras) } ordered=false userid=0
V/ActivityManager(  355): Broadcast: Intent { act=cn.wps.moffice.firebase.event flg=0x10 (has extras) } ordered=false userid=0
V/ActivityManager(  355): Broadcast: Intent { act=cn.wps.moffice.kingsoft.dw.KStatProvider flg=0x10 (has extras) } ordered=false userid=0
W/ActivityThread(13297): Duplicate remove pending of provider cn.wps.moffice.persistence.AppDataProvider
I/ActivityManager(  355): Start proc cn.wps.moffice_eng:gcmpush for service cn.wps.moffice_eng/cn.wps.moffice.common.download.extlibs.service.DownloadService: pid=13364 uid=10031 gids={3003, 1015, 1028, 1006, 1013}
W/ActivityThread(13297): Duplicate remove pending of provider cn.wps.moffice.persistence.AppDataProvider
D/ConnectivityService(  355): getActiveNetworkInfo:NetworkInfo: type: WIFI[], state: CONNECTED/CONNECTED, reason: (unspecified), extra: (none), roaming: false, failover: false, isAvailable: true, simId: 0/10031
V/ActivityManager(  355): Broadcast: Intent { act=cn.wps.moffice.KSOStatAnalytics.eventflow flg=0x10 (has extras) } ordered=false userid=0
V/ActivityManager(  355): Binding process pid 13364 to record ProcessRecord{42d12a60 13364:cn.wps.moffice_eng:gcmpush/u0a31}
V/ActivityManager(  355): New death recipient com.android.server.am.ActivityManagerService$AppDeathRecipient@430015b0 for thread android.os.BinderProxy@42feae58
V/ActivityManager(  355): New app record ProcessRecord{42d12a60 13364:cn.wps.moffice_eng:gcmpush/u0a31} thread=android.os.BinderProxy@42feae58 pid=13364
V/ActivityManager(  355): Broadcast: Intent { act=cn.wps.moffice.KSOStatAnalytics.event flg=0x10 (has extras) } ordered=false userid=0
V/ActivityManager(  355): Broadcast: Intent { act=cn.wps.moffice.KSOStatAnalytics.eventflow flg=0x10 (has extras) } ordered=false userid=0
W/ActivityThread(13297): Duplicate remove pending of provider cn.wps.moffice.persistence.AppDataProvider
V/ActivityManager(  355): Broadcast: Intent { act=cn.wps.moffice.KSOStatAnalytics.eventflow flg=0x10 (has extras) } ordered=false userid=0
D/ConnectivityService(  355): getActiveNetworkInfo:NetworkInfo: type: WIFI[], state: CONNECTED/CONNECTED, reason: (unspecified), extra: (none), roaming: false, failover: false, isAvailable: true, simId: 0/10031
W/ActivityThread(13297): Duplicate remove pending of provider cn.wps.moffice.persistence.AppDataProvider
D/MobileDataStateTracker(  355): default: getNetworkInfo: updated IsAvailable=false
D/MobileDataStateTracker(  355): default: getNetworkInfo: updated IsAvailable=false
W/ActivityThread(13297): Duplicate remove pending of provider cn.wps.moffice.persistence.AppDataProvider
D/ActivityThread(13297): SVC-SERVICE_ARGS handled : 0 / ServiceArgsData{token=android.os.BinderProxy@42432168 startId=2 args=Intent { pkg=cn.wps.moffice_eng cmp=cn.wps.moffice_eng/cn.wps.moffice.main.pushunion.PushInitService }}
D/ConnectivityService(  355): getActiveNetworkInfo:NetworkInfo: type: WIFI[], state: CONNECTED/CONNECTED, reason: (unspecified), extra: (none), roaming: false, failover: false, isAvailable: true, simId: 0/10031
--------- beginning of /dev/log/main
D/NativeCrypto(13189): Returned from SSL_Read() with result 1, error code 0 ssl=0x59492510, appData=0x59492db8
D/NativeCrypto(13189): Returned from SSL_Read() with result 1, error code 0 ssl=0x58324418, appData=0x58346858
D/NativeCrypto(13189): ssl=0x59492510 sslRead buf=0x425020a0 len=1,timeo=0
D/NativeCrypto(13189): Doing SSL_Read() ssl=0x59492510, appData=0x59492db8
D/NativeCrypto(13189): Returned from SSL_Read() with result 1, error code 0 ssl=0x59492510, appData=0x59492db8
D/NativeCrypto(13189): ssl=0x59492510 sslRead buf=0x425020d8 len=1,timeo=0
D/NativeCrypto(13189): ssl=0x58324418 sslRead buf=0x42617300 len=1,timeo=15000
D/NativeCrypto(13189): Doing SSL_Read() ssl=0x58324418, appData=0x58346858
D/NativeCrypto(13189): Returned from SSL_Read() with result 1, error code 0 ssl=0x58324418, appData=0x58346858
D/NativeCrypto(13189): ssl=0x58324418 sslRead buf=0x425bdf30 len=1,timeo=15000
D/NativeCrypto(13189): Doing SSL_Read() ssl=0x58324418, appData=0x58346858
D/NativeCrypto(13189): Returned from SSL_Read() with result 1, error code 0 ssl=0x58324418, appData=0x58346858
D/NativeCrypto(13189): Doing SSL_Read() ssl=0x59492510, appData=0x59492db8
D/NativeCrypto(13189): Returned from SSL_Read() with result 1, error code 0 ssl=0x59492510, appData=0x59492db8
D/NativeCrypto(13189): ssl=0x59492510 sslRead buf=0x425be070 len=1,timeo=0
D/NativeCrypto(13189): Doing SSL_Read() ssl=0x59492510, appData=0x59492db8
D/NativeCrypto(13189): Returned from SSL_Read() with result 1, error code 0 ssl=0x59492510, appData=0x59492db8
D/NativeCrypto(13189): ssl=0x59492510 sslRead buf=0x425be0a8 len=1,timeo=0
D/NativeCrypto(13189): Doing SSL_Read() ssl=0x59492510, appData=0x59492db8
D/NativeCrypto(13189): Returned from SSL_Read() with result 1, error code 0 ssl=0x59492510, appData=0x59492db8
D/NativeCrypto(13189): ssl=0x59492510 sslRead buf=0x425be0e0 len=1,timeo=0
D/NativeCrypto(13189): ssl=0x58324418 sslRead buf=0x425bdf68 len=1,timeo=15000
D/NativeCrypto(13189): Doing SSL_Read() ssl=0x58324418, appData=0x58346858
D/NativeCrypto(13189): Returned from SSL_Read() with result 1, error code 0 ssl=0x58324418, appData=0x58346858
D/NativeCrypto(13189): ssl=0x58324418 sslRead buf=0x425f09a0 len=1,timeo=15000
D/NativeCrypto(13189): Doing SSL_Read() ssl=0x58324418, appData=0x58346858
D/NativeCrypto(13189): Returned from SSL_Read() with result 1, error code 0 ssl=0x58324418, appData=0x58346858
D/NativeCrypto(13189): ssl=0x58324418 sslRead buf=0x4261fba0 len=1,timeo=15000
D/NativeCrypto(13189): Doing SSL_Read() ssl=0x58324418, appData=0x58346858
D/NativeCrypto(13189): Doing SSL_Read() ssl=0x59492510, appData=0x59492db8
D/NativeCrypto(13189): Returned from SSL_Read() with result 1, error code 0 ssl=0x59492510, appData=0x59492db8
D/NativeCrypto(13189): ssl=0x59492510 sslRead buf=0x42616898 len=1,timeo=0
D/NativeCrypto(13189): Doing SSL_Read() ssl=0x59492510, appData=0x59492db8
D/NativeCrypto(13189): Returned from SSL_Read() with result 1, error code 0 ssl=0x59492510, appData=0x59492db8
D/NativeCrypto(13189): Returned from SSL_Read() with result 1, error code 0 ssl=0x58324418, appData=0x58346858
D/NativeCrypto(13189): ssl=0x58324418 sslRead buf=0x42637078 len=1,timeo=15000
D/NativeCrypto(13189): Doing SSL_Read() ssl=0x58324418, appData=0x58346858
D/NativeCrypto(13189): ssl=0x59492510 sslRead buf=0x42645148 len=1,timeo=0
D/NativeCrypto(13189): Doing SSL_Read() ssl=0x59492510, appData=0x59492db8
D/NativeCrypto(13189): Returned from SSL_Read() with result 1, error code 0 ssl=0x59492510, appData=0x59492db8
D/NativeCrypto(13189): Returned from SSL_Read() with result 1, error code 0 ssl=0x58324418, appData=0x58346858
D/NativeCrypto(13189): ssl=0x58324418 sslRead buf=0x42874240 len=1,timeo=15000
D/NativeCrypto(13189): ssl=0x59492510 sslRead buf=0x426370d0 len=1,timeo=0
D/NativeCrypto(13189): Doing SSL_Read() ssl=0x59492510, appData=0x59492db8
D/NativeCrypto(13189): Returned from SSL_Read() with result 1, error code 0 ssl=0x59492510, appData=0x59492db8
D/NativeCrypto(13189): Doing SSL_Read() ssl=0x58324418, appData=0x58346858
D/NativeCrypto(13189): Returned from SSL_Read() with result 1, error code 0 ssl=0x58324418, appData=0x58346858
D/NativeCrypto(13189): ssl=0x58324418 sslRead buf=0x42577f88 len=1,timeo=15000
D/NativeCrypto(13189): Doing SSL_Read() ssl=0x58324418, appData=0x58346858
D/NativeCrypto(13189): Returned from SSL_Read() with result 1, error code 0 ssl=0x58324418, appData=0x58346858
D/NativeCrypto(13189): ssl=0x59492510 sslRead buf=0x42577f70 len=1,timeo=0
D/NativeCrypto(13189): Doing SSL_Read() ssl=0x59492510, appData=0x59492db8
D/NativeCrypto(13189): Returned from SSL_Read() with result 1, error code 0 ssl=0x59492510, appData=0x59492db8
D/NativeCrypto(13189): ssl=0x59492510 sslRead buf=0x42578208 len=1,timeo=0
D/NativeCrypto(13189): Doing SSL_Read() ssl=0x59492510, appData=0x59492db8
D/NativeCrypto(13189): Returned from SSL_Read() with result 1, error code 0 ssl=0x59492510, appData=0x59492db8
D/NativeCrypto(13189): ssl=0x59492510 sslRead buf=0x42578240 len=1,timeo=0
D/NativeCrypto(13189): Doing SSL_Read() ssl=0x59492510, appData=0x59492db8
D/NativeCrypto(13189): Returned from SSL_Read() with result 1, error code 0 ssl=0x59492510, appData=0x59492db8
D/NativeCrypto(13189): ssl=0x58324418 sslRead buf=0x42578090 len=1,timeo=15000
D/NativeCrypto(13189): ssl=0x59492510 sslRead buf=0x42578278 len=1,timeo=0
D/NativeCrypto(13189): Doing SSL_Read() ssl=0x59492510, appData=0x59492db8
D/NativeCrypto(13189): Returned from SSL_Read() with result 1, error code 0 ssl=0x59492510, appData=0x59492db8
D/NativeCrypto(13189): Doing SSL_Read() ssl=0x58324418, appData=0x58346858
D/NativeCrypto(13189): Returned from SSL_Read() with result 1, error code 0 ssl=0x58324418, appData=0x58346858
D/NativeCrypto(13189): ssl=0x59492510 sslRead buf=0x4266ff40 len=1,timeo=0
D/NativeCrypto(13189): Doing SSL_Read() ssl=0x59492510, appData=0x59492db8
D/NativeCrypto(13189): Returned from SSL_Read() with result 1, error code 0 ssl=0x59492510, appData=0x59492db8
D/NativeCrypto(13189): ssl=0x58324418 sslRead buf=0x4266ff58 len=1,timeo=15000
D/NativeCrypto(13189): Doing SSL_Read() ssl=0x58324418, appData=0x58346858
D/NativeCrypto(13189): Returned from SSL_Read() with result 1, error code 0 ssl=0x58324418, appData=0x58346858
D/NativeCrypto(13189): ssl=0x59492510 sslRead buf=0x4267f610 len=1,timeo=0
D/NativeCrypto(13189): Doing SSL_Read() ssl=0x59492510, appData=0x59492db8
D/NativeCrypto(13189): Returned from SSL_Read() with result 1, error code 0 ssl=0x59492510, appData=0x59492db8
D/NativeCrypto(13189): ssl=0x59492510 sslRead buf=0x4267f648 len=1,timeo=0
D/NativeCrypto(13189): Doing SSL_Read() ssl=0x59492510, appData=0x59492db8
