V/FA      (13364): Registered activity lifecycle callback
D/dalvikvm(13364): create interp thread : stack size=32KB
D/dalvikvm(13364): create new thread
D/dalvikvm(13364): new thread created
D/dalvikvm(13364): update thread list
D/dalvikvm(13364): threadid=12: interp stack at 0x54d38000
D/dalvikvm(13364): threadid=12: created from interp
D/dalvikvm(13364): start new thread
D/dalvikvm(13364): threadid=12: notify debugger
D/dalvikvm(13364): threadid=12 (Measurement Worker): calling run()
D/dalvikvm(13364): create interp thread : stack size=32KB
D/dalvikvm(13364): create new thread
D/dalvikvm(13364): new thread created
D/dalvikvm(13364): update thread list
D/dalvikvm(13364): threadid=13: interp stack at 0x54f48000
D/dalvikvm(13364): threadid=13: created from interp
D/dalvikvm(13364): start new thread
D/dalvikvm(13364): threadid=13: notify debugger
D/dalvikvm(13364): threadid=13 (SharedPreferencesImpl-load): calling run()
D/dalvikvm(13364): threadid=13: exiting
D/dalvikvm(13364): threadid=13: bye!
E/ActivityThread(13364): Failed to find provider info for com.google.android.gms.phenotype
D/dalvikvm(13364): create interp thread : stack size=32KB
D/dalvikvm(13364): create new thread
D/dalvikvm(13364): new thread created
D/dalvikvm(13364): update thread list
D/dalvikvm(13364): threadid=13: interp stack at 0x54f48000
D/dalvikvm(13364): threadid=13: created from interp
D/dalvikvm(13364): start new thread
D/dalvikvm(13364): threadid=13: notify debugger
D/dalvikvm(13364): threadid=13 (SharedPreferencesImpl-load): calling run()
D/dalvikvm(13364): threadid=13: exiting
D/dalvikvm(13364): threadid=13: bye!
D/dalvikvm(13364): create interp thread : stack size=32KB
D/dalvikvm(13364): create new thread
D/dalvikvm(13364): new thread created
D/dalvikvm(13364): update thread list
D/dalvikvm(13364): threadid=13: interp stack at 0x54f48000
D/dalvikvm(13364): threadid=13: created from interp
D/dalvikvm(13364): start new thread
D/dalvikvm(13364): threadid=13: notify debugger
D/dalvikvm(13364): threadid=13 (FirebaseInstanceId): calling run()
D/dalvikvm(13364): create interp thread : stack size=32KB
D/dalvikvm(13364): create new thread
D/dalvikvm(13364): new thread created
D/dalvikvm(13364): update thread list
D/PowerManagerService(  355): acquireWakeLock flags=0x1 tag=fiid-sync
D/dalvikvm(13364): threadid=14: interp stack at 0x55050000
D/dalvikvm(13364): threadid=14: created from interp
D/dalvikvm(13364): start new thread
D/dalvikvm(13364): create interp thread : stack size=32KB
D/dalvikvm(13364): create new thread
D/dalvikvm(13364): new thread created
D/dalvikvm(13364): update thread list
D/dalvikvm(13364): threadid=14: notify debugger
D/dalvikvm(13364): threadid=14 (SharedPreferencesImpl-load): calling run()
D/dalvikvm(13364): threadid=14: exiting
D/dalvikvm(13364): threadid=14: bye!
D/dalvikvm(13364): threadid=14: interp stack at 0x55158000
D/dalvikvm(13364): threadid=14: created from interp
D/dalvikvm(13364): start new thread
D/dalvikvm(13364): create interp thread : stack size=32KB
D/dalvikvm(13364): create new thread
D/dalvikvm(13364): new thread created
D/dalvikvm(13364): update thread list
D/dalvikvm(13364): threadid=14: notify debugger
D/dalvikvm(13364): threadid=14 (pool-3-thread-1): calling run()
D/dalvikvm(13364): create interp thread : stack size=32KB
D/dalvikvm(13364): create new thread
D/dalvikvm(13364): new thread created
D/dalvikvm(13364): update thread list
D/dalvikvm(13364): threadid=15: interp stack at 0x55050000
D/dalvikvm(13364): threadid=15: created from interp
D/dalvikvm(13364): start new thread
E/FirebaseInstanceId(13364): Google Play services missing or without correct permission.
D/FirebaseApp(13364): com.google.firebase.auth.FirebaseAuth is not linked. Skipping initialization.
D/PowerManagerService(  355): releaseWakeLock flags=0x1 tag=fiid-sync total_time=8ms
D/IPCThreadState(  355): [DN #5] BR_CLEAR_DEATH_NOTIFICATION_DONE cookie 0x56403d60
D/FirebaseApp(13364): com.google.firebase.crash.FirebaseCrash is not linked. Skipping initialization.
I/FirebaseInitProvider(13364): FirebaseApp initialization successful
D/dalvikvm(13364): threadid=15: notify debugger
D/dalvikvm(13364): threadid=15 (pool-3-thread-2): calling run()
D/dalvikvm(13364): threadid=16: interp stack at 0x55260000
D/dalvikvm(13364): threadid=16: created from interp
D/dalvikvm(13364): start new thread
D/dalvikvm(13364): threadid=16: notify debugger
D/dalvikvm(13364): threadid=16 (SharedPreferencesImpl-load): calling run()
W/zzd     (13364): Application name is not set. Call Builder#setApplicationName.
D/dalvikvm(13364): create interp thread : stack size=32KB
D/dalvikvm(13364): create new thread
D/dalvikvm(13364): new thread created
D/dalvikvm(13364): update thread list
D/dalvikvm(13364): threadid=17: interp stack at 0x55368000
D/dalvikvm(13364): threadid=17: created from interp
D/dalvikvm(13364): start new thread
D/dalvikvm(13364): create interp thread : stack size=32KB
D/dalvikvm(13364): create new thread
D/dalvikvm(13364): new thread created
D/dalvikvm(13364): update thread list
D/dalvikvm(13364): threadid=17: notify debugger
D/dalvikvm(13364): threadid=17 (pool-3-thread-3): calling run()
D/dalvikvm(13364): threadid=16: exiting
D/dalvikvm(13364): threadid=16: bye!
V/FA      (13364): Collection enabled
D/dalvikvm(13364): threadid=16: interp stack at 0x55470000
D/dalvikvm(13364): threadid=16: created from interp
D/dalvikvm(13364): start new thread
D/dalvikvm(13364): threadid=16: notify debugger
D/dalvikvm(13364): threadid=16 (pool-3-thread-4): calling run()
V/FA      (13364): App package, google app id: cn.wps.moffice_eng, 1:507860335923:android:5058eb844292c68c
I/dalvikvm(13364): Could not find method android.content.pm.PackageManager.isInstantApp, referenced from method com.google.android.gms.common.wrappers.InstantApps.jL
W/dalvikvm(13364): VFY: unable to resolve virtual method 308: Landroid/content/pm/PackageManager;.isInstantApp ()Z
D/dalvikvm(13364): VFY: replacing opcode 0x6e at 0x0028
I/FA      (13364): App measurement is starting up, version: 15300
I/FA      (13364): To enable debug logging run: adb shell setprop log.tag.FA VERBOSE
D/ADB_SERVICES(  126): adb fdevent_process list (34) (15) (10) (75) (76) 
I/FA      (13364): To enable faster debug mode event logging run:
I/FA      (13364):   adb shell setprop debug.firebase.analytics.app cn.wps.moffice_eng
D/FA      (13364): Debug-level message logging enabled
V/FA      (13364): Persisting first open: 1563872339601
W/ActivityThread(13364): Duplicate remove pending of provider cn.wps.moffice.persistence.AppDataProvider
W/ActivityThread(13364): Duplicate remove pending of provider cn.wps.moffice.persistence.AppDataProvider
V/FA      (13364): Updating deferred analytics collection: false
D/SurfaceTexture(  104): [StatusBar] onFrameAvailable
D/SurfaceTexture(  104): [StatusBar] updateTexImage
I/SurfaceFlinger(  104): [SurfaceFlinger] frames:3, duration:1.503000, fps:1.995810
E/KSO_STAT(13189): Error: Upload mail data failed
D/MobileDataStateTracker(  355): default: getNetworkInfo: updated IsAvailable=false
D/MobileDataStateTracker(  355): default: getNetworkInfo: updated IsAvailable=false
D/PowerManagerService(  355): acquireWakeLock flags=0x1 tag=fiid-sync
D/MobileDataStateTracker(  355): default: getNetworkInfo: updated IsAvailable=false
E/FirebaseInstanceId(13364): Google Play services missing or without correct permission.
D/PowerManagerService(  355): releaseWakeLock flags=0x1 tag=fiid-sync total_time=3ms
D/IPCThreadState(  355): [DN #5] BR_CLEAR_DEATH_NOTIFICATION_DONE cookie 0x56408878
D/MobileDataStateTracker(  355): default: getNetworkInfo: updated IsAvailable=false
D/MobileDataStateTracker(  355): default: getNetworkInfo: updated IsAvailable=false
D/MobileDataStateTracker(  355): default: getNetworkInfo: updated IsAvailable=false
V/ActivityManager(  355): Broadcast: Intent { act=cn.wps.moffice.KSOStatAnalytics.eventflow flg=0x10 (has extras) } ordered=false userid=0
I/CUSTOME_EVENT(13189): [eventWithValue]: thirdad:{"state":"on"}
D/MobileDataStateTracker(  355): default: getNetworkInfo: updated IsAvailable=false
D/MobileDataStateTracker(  355): default: getNetworkInfo: updated IsAvailable=false
D/dalvikvm(13364): GC_CONCURRENT freed 1219K, 12% free 10282K/11639K, paused 1ms+2ms, total 67ms
D/dalvikvm(13364): WAIT_FOR_CONCURRENT_GC blocked 46ms
D/dalvikvm(13364): WAIT_FOR_CONCURRENT_GC blocked 39ms
W/ActivityThread(13364): Duplicate remove pending of provider cn.wps.moffice.persistence.AppDataProvider
I/dalvikvm(13364): Could not find method android.text.TextUtils.getLayoutDirectionFromLocale, referenced from method lzx.aBo
W/dalvikvm(13364): VFY: unable to resolve static method 2438: Landroid/text/TextUtils;.getLayoutDirectionFromLocale (Ljava/util/Locale;)I
D/dalvikvm(13364): VFY: replacing opcode 0x71 at 0x000c
I/dalvikvm(13364): Could not find method android.view.Window.setNavigationBarColor, referenced from method lzx.k
W/dalvikvm(13364): VFY: unable to resolve virtual method 2864: Landroid/view/Window;.setNavigationBarColor (I)V
D/dalvikvm(13364): VFY: replacing opcode 0x6e at 0x0021
V/AlarmManager(  355): Checking for alarms... rtc=1563872340000, elapsed=105401961
V/AlarmManager(  355): Checking active alarm when=105401961 Alarm{42f16700 type 3 android}
V/AlarmManager(  355): Alarm triggering: Alarm{42f16700 type 3 android}
V/AlarmManager(  355): Checking active alarm when=107100000 Alarm{423e92e8 type 3 android}
V/AlarmManager(  355): Native set alarm :Alarm{423e92e8 type 3 android}
I/AlarmManager(  355): reset poweroff alarm none
V/AlarmManager(  355): sending alarm Alarm{42f16700 type 3 android}
V/ActivityManager(  355): Broadcast: Intent { act=android.intent.action.TIME_TICK flg=0x40000014 (has extras) } ordered=true userid=0
D/ActivityThread(  355): BDC-Calling onReceive: intent=Intent { act=android.intent.action.TIME_TICK flg=0x40000014 (has extras) }, ordered=true, receiver=com.android.server.AlarmManagerService$ClockReceiver@42433830, IIntentReceiver=424338d8
D/PowerManagerService(  355): acquireWakeLock flags=0x1 tag=AlarmManager
V/AlarmManager(  355): set: Alarm{431b8158 type 3 android}
V/AlarmManager(  355): Adding alarm Alarm{431b8158 type 3 android} at 0
V/AlarmManager(  355): alarms: 4 type: 3
V/AlarmManager(  355): 0: Jan 02 01:17:41 pm android
V/AlarmManager(  355): 1: Jan 02 01:45:00 pm android
V/AlarmManager(  355): 2: Jan 02 04:15:00 pm com.android.phone
V/AlarmManager(  355): 3: Jan 03 08:00:53 am android
V/AlarmManager(  355): Native set alarm :Alarm{431b8158 type 3 android}
D/ActivityThread(  355): BDC-Calling finishReceiver: IIntentReceiver=424338d8
D/ActivityThread(  355): BDC-Calling onReceive: intent=Intent { act=android.intent.action.TIME_TICK flg=0x40000014 (has extras) }, ordered=true, receiver=com.android.internal.policy.impl.KeyguardUpdateMonitor$5@4236da90, IIntentReceiver=422d83a0
D/KeyguardUpdateMonitor(  355): received broadcast android.intent.action.TIME_TICK
D/KeyguardUpdateMonitor(  355): handleTimeUpdate
D/ActivityThread(  355): BDC-Calling finishReceiver: IIntentReceiver=422d83a0
V/LSYTIME (13364): 192
D/ActivityThread(  440): BDC-Calling onReceive: intent=Intent { act=android.intent.action.TIME_TICK flg=0x40000014 (has extras) }, ordered=true, receiver=com.android.systemui.statusbar.policy.Clock$1@422fe668, IIntentReceiver=423d4348
D/Clock   (  440): action =android.intent.action.TIME_TICK
V/Provider/Setting(  440): from settings cache , name = time_12_24 value = 12
D/ActivityThread(  440): BDC-Calling finishReceiver: IIntentReceiver=423d4348
W/ActivityThread(13364): Duplicate remove pending of provider cn.wps.moffice.persistence.AppDataProvider
W/dalvikvm(13364): Unable to resolve superclass of Lcom/google/android/gms/measurement/AppMeasurementJobService; (42)
W/dalvikvm(13364): Link of class 'Lcom/google/android/gms/measurement/AppMeasurementJobService;' failed
E/dalvikvm(13364): Could not find class 'com.google.android.gms.measurement.AppMeasurementJobService', referenced from method mai.hO
W/dalvikvm(13364): VFY: unable to resolve const-class 3121 (Lcom/google/android/gms/measurement/AppMeasurementJobService;) in Lmai;
D/dalvikvm(13364): VFY: replacing opcode 0x1c at 0x0010
D/SurfaceTexture(  104): [StatusBar] onFrameAvailable
D/FirebaseSdkUtil(13364): firebase disable
D/ActivityThread(  440): BDC-Calling onReceive: intent=Intent { act=android.intent.action.TIME_TICK flg=0x40000014 (has extras) }, ordered=true, receiver=com.android.systemui.statusbar.policy.Clock$1@42306540, IIntentReceiver=423d6b88
D/Clock   (  440): action =android.intent.action.TIME_TICK
V/Provider/Setting(  440): from settings cache , name = time_12_24 value = 12
D/ActivityThread(  440): BDC-Calling finishReceiver: IIntentReceiver=423d6b88
D/SurfaceTexture(  104): [StatusBar] updateTexImage
V/ActivityManager(  355): Broadcast: Intent { act=cn.wps.moffice.KSOStatAnalytics.eventflow flg=0x10 (has extras) } ordered=false userid=0
I/CUSTOME_EVENT(13189): [eventWithValue]: reddot:{"state":"off"}
D/ActivityThread(  440): BDC-Calling onReceive: intent=Intent { act=android.intent.action.TIME_TICK flg=0x40000014 (has extras) }, ordered=true, receiver=com.android.systemui.statusbar.policy.DateView$1@423070f0, IIntentReceiver=423d79e0
D/ActivityThread(  440): BDC-Calling finishReceiver: IIntentReceiver=423d79e0
D/MobileDataStateTracker(  355): default: getNetworkInfo: updated IsAvailable=false
D/MobileDataStateTracker(  355): default: getNetworkInfo: updated IsAvailable=false
D/ActivityThread(  440): BDC-Calling onReceive: intent=Intent { act=android.intent.action.TIME_TICK flg=0x40000014 (has extras) }, ordered=true, receiver=android.widget.DateTimeView$1@424bbd18, IIntentReceiver=424bd4d8
V/Provider/Setting(  440): from settings cache , name = date_format value = null
D/ActivityThread(  440): BDC-Calling finishReceiver: IIntentReceiver=424bd4d8
D/SizeAdaptiveLayout(  440): com.android.internal.widget.SizeAdaptiveLayout@4248b7a8child view android.widget.FrameLayout@424b20f8 measured out of bounds at 95px clamped to 96px
D/ActivityThread(  440): BDC-Calling onReceive: intent=Intent { act=android.intent.action.TIME_TICK flg=0x40000014 (has extras) }, ordered=true, receiver=android.widget.DateTimeView$1@424cfe00, IIntentReceiver=424d1688
V/Provider/Setting(  440): from settings cache , name = date_format value = null
D/ActivityThread(  440): BDC-Calling finishReceiver: IIntentReceiver=424d1688
D/SizeAdaptiveLayout(  440): com.android.internal.widget.SizeAdaptiveLayout@424c6f30child view android.widget.FrameLayout@424c8758 measured out of bounds at 95px clamped to 96px
D/ActivityThread(  440): BDC-Calling onReceive: intent=Intent { act=android.intent.action.TIME_TICK flg=0x40000014 (has extras) }, ordered=true, receiver=android.widget.DateTimeView$1@423cd280, IIntentReceiver=425843a8
D/ActivityThread(  440): BDC-Calling finishReceiver: IIntentReceiver=425843a8
D/ActivityThread(  440): BDC-Calling onReceive: intent=Intent { act=android.intent.action.TIME_TICK flg=0x40000014 (has extras) }, ordered=true, receiver=android.widget.DateTimeView$1@423c3b40, IIntentReceiver=4231b310
D/ActivityThread(  440): BDC-Calling finishReceiver: IIntentReceiver=4231b310
D/ActivityThread(  440): BDC-Calling onReceive: intent=Intent { act=android.intent.action.TIME_TICK flg=0x40000014 (has extras) }, ordered=true, receiver=android.widget.DateTimeView$1@4256ae78, IIntentReceiver=4243c1b8
D/ActivityThread(  440): BDC-Calling finishReceiver: IIntentReceiver=4243c1b8
D/ActivityThread(  440): BDC-Calling onReceive: intent=Intent { act=android.intent.action.TIME_TICK flg=0x40000014 (has extras) }, ordered=true, receiver=android.widget.DateTimeView$1@4244ac20, IIntentReceiver=423bbba0
D/ActivityThread(  440): BDC-Calling finishReceiver: IIntentReceiver=423bbba0
D/ActivityThread(  440): BDC-Calling onReceive: intent=Intent { act=android.intent.action.TIME_TICK flg=0x40000014 (has extras) }, ordered=true, receiver=android.widget.DateTimeView$1@423bb100, IIntentReceiver=422a5510
D/ActivityThread(  440): BDC-Calling finishReceiver: IIntentReceiver=422a5510
D/ActivityThread(  541): BDC-Calling onReceive: intent=Intent { act=android.intent.action.TIME_TICK flg=0x40000014 (has extras) }, ordered=true, receiver=android.widget.AnalogClock$1@425bb228, IIntentReceiver=425a5650
D/ActivityThread(  541): BDC-Calling finishReceiver: IIntentReceiver=425a5650
D/PowerManagerService(  355): releaseWakeLock flags=0x1 tag=AlarmManager total_time=156ms
W/ActivityThread(13364): Duplicate remove pending of provider cn.wps.moffice.persistence.AppDataProvider
I/dalvikvm(13189): Jit: resizing JitTable from 4096 to 8192
I/dalvikvm(13364): Could not find method android.app.Activity.requestPermissions, referenced from method jfe.requestPermissions
W/dalvikvm(13364): VFY: unable to resolve virtual method 971: Landroid/app/Activity;.requestPermissions ([Ljava/lang/String;I)V
D/dalvikvm(13364): VFY: replacing opcode 0x6e at 0x0006
I/dalvikvm(13364): Could not find method android.content.Context.checkSelfPermission, referenced from method jfe.u
W/dalvikvm(13364): VFY: unable to resolve virtual method 1300: Landroid/content/Context;.checkSelfPermission (Ljava/lang/String;)I
D/dalvikvm(13364): VFY: replacing opcode 0x6e at 0x001b
D/dalvikvm(13364): create interp thread : stack size=32KB
D/dalvikvm(13364): create new thread
D/dalvikvm(13364): new thread created
D/dalvikvm(13364): update thread list
D/dalvikvm(13364): threadid=18: interp stack at 0x5528a000
D/dalvikvm(13364): threadid=18: created from interp
D/dalvikvm(13364): start new thread
D/dalvikvm(13364): threadid=18: notify debugger
D/dalvikvm(13364): threadid=18 (ver:11.7.6-ced2c743e13-en00001): calling run()
W/ActivityThread(13364): Duplicate remove pending of provider cn.wps.moffice.persistence.AppDataProvider
D/ActivityThread(13364): BIND_APPLICATION handled : 0 / AppBindData{appInfo=ApplicationInfo{422a8f00 cn.wps.moffice_eng}}
D/ActivityThread(13364): SVC-Creating service: CreateServiceData{token=android.os.BinderProxy@422a9f88 className=cn.wps.moffice.common.download.extlibs.service.DownloadService packageName=cn.wps.moffice_eng intent=null}
D/ActivityThread(13364): SVC-CREATE_SERVICE handled : 0 / CreateServiceData{token=android.os.BinderProxy@422a9f88 className=cn.wps.moffice.common.download.extlibs.service.DownloadService packageName=cn.wps.moffice_eng intent=null}
D/SurfaceTexture(  104): [StatusBar] onFrameAvailable
D/SurfaceTexture(  104): [StatusBar] updateTexImage
D/ActivityThread(13364): SVC-BIND_SERVICE handled : 0 / BindServiceData{token=android.os.BinderProxy@422a9f88 intent=Intent { act=cn.wps.moffice.download.service cmp=cn.wps.moffice_eng/cn.wps.moffice.common.download.extlibs.service.DownloadService }}
W/ActivityThread(13364): Duplicate remove pending of provider cn.wps.moffice.persistence.AppDataProvider
W/ActivityThread(13364): Duplicate remove pending of provider cn.wps.moffice.persistence.AppDataProvider
W/ActivityThread(13364): Duplicate remove pending of provider cn.wps.moffice.persistence.AppDataProvider
W/ActivityThread(13364): Duplicate remove pending of provider cn.wps.moffice.persistence.AppDataProvider
V/ActivityManager(  355): Broadcast: Intent { act=action_cross_process_msg flg=0x10 (has extras) } ordered=false userid=0
D/ActivityThread(13297): SVC-Calling onStartCommand: cn.wps.moffice.main.persistent.core.CoreService@423f5170, flags=0, startId=3
D/ActivityThread(13297): SVC-SERVICE_ARGS handled : 0 / ServiceArgsData{token=android.os.BinderProxy@422a8538 startId=3 args=Intent { cmp=cn.wps.moffice_eng/cn.wps.moffice.main.persistent.core.CoreService }}
W/ActivityThread(13297): Duplicate remove pending of provider cn.wps.moffice.persistence.AppDataProvider
W/ActivityThread(13297): Duplicate remove pending of provider cn.wps.moffice.persistence.AppDataProvider
W/ActivityThread(13297): Duplicate remove pending of provider cn.wps.moffice.persistence.AppDataProvider
W/ActivityThread(13297): Duplicate remove pending of provider cn.wps.moffice.persistence.AppDataProvider
W/ActivityThread(13297): Duplicate remove pending of provider cn.wps.moffice.persistence.AppDataProvider
D/dalvikvm(13189): GC_CONCURRENT freed 2212K, 16% free 13454K/15863K, paused 15ms+4ms, total 59ms
D/dalvikvm(13189): WAIT_FOR_CONCURRENT_GC blocked 44ms
D/dalvikvm(13189): WAIT_FOR_CONCURRENT_GC blocked 9ms
V/ActivityManager(  355): Broadcast: Intent { act=cn.wps.moffice.KSOStatAnalytics.eventflow flg=0x10 (has extras) } ordered=false userid=0
I/CUSTOME_EVENT(13189): [eventWithValue]: back_Ads:{"state":"on"}
D/SurfaceTexture(  104): [StatusBar] onFrameAvailable
D/MobileDataStateTracker(  355): default: getNetworkInfo: updated IsAvailable=false
D/MobileDataStateTracker(  355): default: getNetworkInfo: updated IsAvailable=false
D/SurfaceTexture(  104): [StatusBar] updateTexImage
V/ActivityManager(  355): Broadcast: Intent { act=cn.wps.moffice.KSOStatAnalytics.eventflow flg=0x10 (has extras) } ordered=false userid=0
I/CUSTOME_EVENT(13189): [eventWithValue]: splashads:{"state":"on"}
D/MobileDataStateTracker(  355): default: getNetworkInfo: updated IsAvailable=false
D/MobileDataStateTracker(  355): default: getNetworkInfo: updated IsAvailable=false
D/StateMachine(  355): handleMessage: E msg.what=131155
D/StateMachine(  355): processMsg: ConnectedState
D/WifiStateMachine(  355): ConnectedState{ what=131155 when=-4ms arg1=12 target=Handler (com.android.internal.util.StateMachine$SmHandler) {42563ac8} }
D/StateMachine(  355): processMsg: L2ConnectedState
D/WifiStateMachine(  355): L2ConnectedState{ what=131155 when=-4ms arg1=12 target=Handler (com.android.internal.util.StateMachine$SmHandler) {42563ac8} }
D/WifiNative-wlan0(  355): doString: SIGNAL_POLL
D/wpa_supplicant(  488): wpa_s 0x400ef6e8 cmd SIGNAL_POLL
D/wpa_supplicant(  488): nl80211: survey data missing!
D/WifiCommon(  355): [wlan0]SET "SIGNAL_POLL"
I/WifiStateMachine(  355): fetchRssiAndLinkSpeedNative, newRssi=-50
D/StateMachine(  355): handleMessage: X
V/ActivityManager(  355): Broadcast: Intent { act=cn.wps.moffice.KSOStatAnalytics.eventflow flg=0x10 (has extras) } ordered=false userid=0
I/CUSTOME_EVENT(13189): [eventWithValue]: infoflow:{"state":"on"}
D/MobileDataStateTracker(  355): default: getNetworkInfo: updated IsAvailable=false
D/MobileDataStateTracker(  355): default: getNetworkInfo: updated IsAvailable=false
V/ActivityManager(  355): Broadcast: Intent { act=cn.wps.moffice.KSOStatAnalytics.eventflow flg=0x10 (has extras) } ordered=false userid=0
D/NetworkControllerGemini(  440): refreshViews(0), DataConnected=false
D/NetworkControllerGemini(  440): refreshViews(0), set parameters to signal cluster view.
D/NetworkControllerGemini(  440): refreshViews(0), tempPhoneSignalIconId.0 = 2130837726  tempPhoneSignalIconId.1 = 0  tempMobileActivityIconId= 0  tempDataTypeIconId= 0
D/SignalClusterViewGemini(  440): setMobileDataIndicators(0), visible=true, strengthIcon[0] ~ [1] 2130837726 ~ 0
D/SignalClusterViewGemini(  440): setDataConnected(0), dataConnected=false
D/SignalClusterViewGemini(  440): setDataNetType3G(0), dataNetType=null
D/SignalClusterViewGemini(  440): apply, mMobileVisible=true mMobileActivityId=0 mMobileTypeId=0 mMobileStrengthId[0] = 2130837726 mMobileStrengthId[1] = 0
D/SignalClusterViewGemini(  440): isSimInserted(0), SimInserted=false
D/SignalClusterViewGemini(  440): apply, mMobileVisibleGemini=true mMobileActivityIdGemini=0 mMobileTypeIdGemini=0 mMobileStrengthIdGemini[0] = 2130837726 mMobileStrengthIdGemini[1] = 0
D/SignalClusterViewGemini(  440): isSimInserted(1), SimInserted=false
D/SignalClusterViewGemini(  440): apply, mMobileVisible=true, mWifiVisible=true, mIsAirplaneMode=false
D/SignalClusterViewGemini(  440): isSimInserted(0), SimInserted=false
D/SignalClusterViewGemini(  440): isSimInserted(1), SimInserted=false
D/SignalClusterViewGemini(  440): isSimInserted(1), SimInserted=false
V/ActivityManager(  355): Broadcast: Intent { act=cn.wps.moffice.KSOStatAnalytics.eventflow flg=0x10 (has extras) } ordered=false userid=0
D/SignalClusterViewGemini(  440): isSimInserted(0), SimInserted=false
D/NetworkControllerGemini(  440): refreshViews(1), DataConnected=false
D/SignalClusterViewGemini(  440): setDataConnected(1), dataConnected=false
D/SignalClusterViewGemini(  440): setDataNetType3G(1), dataNetType=null
D/SignalClusterViewGemini(  440): apply, mMobileVisible=true mMobileActivityId=0 mMobileTypeId=0 mMobileStrengthId[0] = 2130837726 mMobileStrengthId[1] = 0
D/SignalClusterViewGemini(  440): isSimInserted(0), SimInserted=false
D/SignalClusterViewGemini(  440): apply, mMobileVisibleGemini=true mMobileActivityIdGemini=0 mMobileTypeIdGemini=0 mMobileStrengthIdGemini[0] = 2130837726 mMobileStrengthIdGemini[1] = 0
D/SignalClusterViewGemini(  440): isSimInserted(1), SimInserted=false
D/SignalClusterViewGemini(  440): apply, mMobileVisible=true, mWifiVisible=true, mIsAirplaneMode=false
D/SignalClusterViewGemini(  440): isSimInserted(0), SimInserted=false
D/SignalClusterViewGemini(  440): isSimInserted(1), SimInserted=false
D/SignalClusterViewGemini(  440): isSimInserted(1), SimInserted=false
D/SignalClusterViewGemini(  440): isSimInserted(0), SimInserted=false
D/SurfaceTexture(  104): [StatusBar] onFrameAvailable
D/SurfaceTexture(  104): [StatusBar] updateTexImage
I/SurfaceFlinger(  104): [SurfaceFlinger] frames:4, duration:1.443000, fps:2.770618
V/ActivityManager(  355): Broadcast: Intent { act=cn.wps.moffice.params_all_loaded flg=0x10 } ordered=false userid=0
D/dalvikvm(13189): threadid=44: exiting
D/dalvikvm(13189): threadid=44: bye!
D/ADB_SERVICES(  126): adb socket read list (15) 
D/ADB_SERVICES(  126): read_data=1352477
D/ADB_SERVICES(  126): max_read_time=0.006616 max_send_time=0.000597 
V/ActivityManager(  355): Broadcast: Intent { act=cn.wps.moffice.KSOStatAnalytics.eventflow flg=0x10 (has extras) } ordered=false userid=0
D/ADB_SERVICES(  126): adb local_socket_ready list (15) 
I/CUSTOME_EVENT(13189): [eventWithValue]: homepage_ad:{"state":"off"}
D/MobileDataStateTracker(  355): default: getNetworkInfo: updated IsAvailable=false
D/MobileDataStateTracker(  355): default: getNetworkInfo: updated IsAvailable=false
D/SurfaceTexture(  104): [StatusBar] onFrameAvailable
D/SurfaceTexture(  104): [StatusBar] updateTexImage
V/ActivityManager(  355): Broadcast: Intent { act=cn.wps.moffice.KSOStatAnalytics.eventflow flg=0x10 (has extras) } ordered=false userid=0
I/CUSTOME_EVENT(13189): [eventWithValue]: popularize:{"state":"off"}
D/MobileDataStateTracker(  355): default: getNetworkInfo: updated IsAvailable=false
D/MobileDataStateTracker(  355): default: getNetworkInfo: updated IsAvailable=false
I/KSO_STAT(13189): Start to upload base data...
V/ActivityManager(  355): Broadcast: Intent { act=cn.wps.moffice.KSOStatAnalytics.eventflow flg=0x10 (has extras) } ordered=false userid=0
V/ActivityManager(  355): Broadcast: Intent { act=cn.wps.moffice.KSOStatAnalytics.eventflow flg=0x10 (has extras) } ordered=false userid=0
I/CUSTOME_EVENT(13189): [eventWithValue]: newthemeshop:{"state":"off"}
D/MobileDataStateTracker(  355): default: getNetworkInfo: updated IsAvailable=false
D/MobileDataStateTracker(  355): default: getNetworkInfo: updated IsAvailable=false
D/SurfaceTexture(  104): [StatusBar] onFrameAvailable
D/SurfaceTexture(  104): [StatusBar] updateTexImage
V/ActivityManager(  355): Broadcast: Intent { act=cn.wps.moffice.KSOStatAnalytics.eventflow flg=0x10 (has extras) } ordered=false userid=0
I/CUSTOME_EVENT(13189): [eventWithValue]: spread_tips:{"state":"off"}
D/MobileDataStateTracker(  355): default: getNetworkInfo: updated IsAvailable=false
D/MobileDataStateTracker(  355): default: getNetworkInfo: updated IsAvailable=false
I/KSO_STAT(13189): Start to upload data...
V/ActivityManager(  355): Broadcast: Intent { act=cn.wps.moffice.KSOStatAnalytics.eventflow flg=0x10 (has extras) } ordered=false userid=0
I/CUSTOME_EVENT(13189): [eventWithValue]: monthCard:{"state":"off"}
D/MobileDataStateTracker(  355): default: getNetworkInfo: updated IsAvailable=false
D/MobileDataStateTracker(  355): default: getNetworkInfo: updated IsAvailable=false
D/dalvikvm(13189): GC_CONCURRENT freed 1632K, 15% free 13490K/15863K, paused 3ms+4ms, total 53ms
D/ConnectivityService(  355): getActiveNetworkInfo:NetworkInfo: type: WIFI[], state: CONNECTED/CONNECTED, reason: (unspecified), extra: (none), roaming: false, failover: false, isAvailable: true, simId: 0/10031
D/dalvikvm(13189): create interp thread : stack size=32KB
D/dalvikvm(13189): create new thread
D/dalvikvm(13189): new thread created
D/dalvikvm(13189): update thread list
D/dalvikvm(13189): threadid=44: interp stack at 0x56556000
D/dalvikvm(13189): threadid=44: created from interp
D/dalvikvm(13189): start new thread
D/dalvikvm(13189): threadid=44: notify debugger
D/dalvikvm(13189): threadid=44 (Thread-550): calling run()
I/KSO_STAT_SyncConfig(13189): last sync time is: 0. current time is: 1563872342119 Sync interval is:86400000
I/KSO_STAT_SyncConfig(13189): It is time to sync with server for event collection frequency
I/KSO_STAT_SyncConfig(13189): Send to sync server parameter is: {"channel":"en00001","sub_cid":"wps","cid":5,"version":"11.7.6"}
I/System.out(13189): [socket][21] connection /10.226.24.33:8888;LocalPort=50343(0)
I/System.out(13189): [CDS]connect[/10.226.24.33:8888] tm:90
D/Posix   (13189): [Posix_connect Debug]Process cn.wps.moffice_eng :8888 
I/System.out(13189): [socket][/192.168.1.125:50343] connected
I/System.out(13189): [CDS]rx timeout:0
I/System.out(13189): >doSendRequest
I/System.out(13189): <doSendRequest
D/NativeCrypto(13189): ssl=0x58cbcd98 NativeCrypto_SSL_do_handshake fd=0x20100005 shc=0x21900009 timeout_millis=0 client_mode=1 npn=0x0
D/NativeCrypto(13189): doing handshake ++
D/NativeCrypto(13189): ssl=0x58cbcd98 info_callback where=0x10 ret=1
D/NativeCrypto(13189): ssl=0x58cbcd98 handshake start in UNKWN  before/connect initialization
D/NativeCrypto(13189): ssl=0x58cbcd98 info_callback ignored
D/NativeCrypto(13189): ssl=0x58cbcd98 info_callback where=0x1001 ret=1
D/NativeCrypto(13189): ssl=0x58cbcd98 SSL_connect:UNKWN  before/connect initialization
D/NativeCrypto(13189): ssl=0x58cbcd98 info_callback ignored
D/NativeCrypto(13189): ssl=0x58cbcd98 info_callback where=0x1001 ret=1
D/NativeCrypto(13189): ssl=0x58cbcd98 SSL_connect:3WCH_A SSLv3 write client hello A
D/NativeCrypto(13189): ssl=0x58cbcd98 info_callback ignored
D/NativeCrypto(13189): ssl=0x58cbcd98 info_callback where=0x1002 ret=-1
D/NativeCrypto(13189): ssl=0x58cbcd98 SSL_connect:error exit in 3RSH_A SSLv3 read server hello A
D/NativeCrypto(13189): ssl=0x58cbcd98 info_callback ignored
D/NativeCrypto(13189): doing handshake -- ret=-1
D/NativeCrypto(13189): ssl=0x58cbcd98 NativeCrypto_SSL_do_handshake ret=-1 errno=11 sslError=2 timeout_millis=0
D/NativeCrypto(13189): sslSelect type=READ fd=69 appData=0x58344c18 timeout_millis=0
V/ActivityManager(  355): Broadcast: Intent { act=cn.wps.moffice.KSOStatAnalytics.eventflow flg=0x10 (has extras) } ordered=false userid=0
D/NetworkControllerGemini(  440): refreshViews(0), DataConnected=false
D/NetworkControllerGemini(  440): refreshViews(0), set parameters to signal cluster view.
D/NetworkControllerGemini(  440): refreshViews(0), tempPhoneSignalIconId.0 = 2130837726  tempPhoneSignalIconId.1 = 0  tempMobileActivityIconId= 0  tempDataTypeIconId= 0
D/SignalClusterViewGemini(  440): setMobileDataIndicators(0), visible=true, strengthIcon[0] ~ [1] 2130837726 ~ 0
D/SignalClusterViewGemini(  440): setDataConnected(0), dataConnected=false
D/SignalClusterViewGemini(  440): setDataNetType3G(0), dataNetType=null
D/SignalClusterViewGemini(  440): apply, mMobileVisible=true mMobileActivityId=0 mMobileTypeId=0 mMobileStrengthId[0] = 2130837726 mMobileStrengthId[1] = 0
D/SignalClusterViewGemini(  440): isSimInserted(0), SimInserted=false
D/SignalClusterViewGemini(  440): apply, mMobileVisibleGemini=true mMobileActivityIdGemini=0 mMobileTypeIdGemini=0 mMobileStrengthIdGemini[0] = 2130837726 mMobileStrengthIdGemini[1] = 0
D/SignalClusterViewGemini(  440): isSimInserted(1), SimInserted=false
D/SignalClusterViewGemini(  440): apply, mMobileVisible=true, mWifiVisible=true, mIsAirplaneMode=false
D/SignalClusterViewGemini(  440): isSimInserted(0), SimInserted=false
D/SignalClusterViewGemini(  440): isSimInserted(1), SimInserted=false
D/SignalClusterViewGemini(  440): isSimInserted(1), SimInserted=false
D/SignalClusterViewGemini(  440): isSimInserted(0), SimInserted=false
D/NetworkControllerGemini(  440): refreshViews(1), DataConnected=false
D/SignalClusterViewGemini(  440): setDataConnected(1), dataConnected=false
D/SignalClusterViewGemini(  440): setDataNetType3G(1), dataNetType=null
D/SignalClusterViewGemini(  440): apply, mMobileVisible=true mMobileActivityId=0 mMobileTypeId=0 mMobileStrengthId[0] = 2130837726 mMobileStrengthId[1] = 0
D/SignalClusterViewGemini(  440): isSimInserted(0), SimInserted=false
D/SignalClusterViewGemini(  440): apply, mMobileVisibleGemini=true mMobileActivityIdGemini=0 mMobileTypeIdGemini=0 mMobileStrengthIdGemini[0] = 2130837726 mMobileStrengthIdGemini[1] = 0
D/SignalClusterViewGemini(  440): isSimInserted(1), SimInserted=false
D/SignalClusterViewGemini(  440): apply, mMobileVisible=true, mWifiVisible=true, mIsAirplaneMode=false
D/SignalClusterViewGemini(  440): isSimInserted(0), SimInserted=false
D/SignalClusterViewGemini(  440): isSimInserted(1), SimInserted=false
D/SignalClusterViewGemini(  440): isSimInserted(1), SimInserted=false
D/SignalClusterViewGemini(  440): isSimInserted(0), SimInserted=false
D/SurfaceTexture(  104): [StatusBar] onFrameAvailable
I/SurfaceTextureClient(  440): [0x52e2ce70] frames:9, duration:3.437000, fps:2.617898
V/ActivityManager(  355): Broadcast: Intent { act=cn.wps.moffice.KSOStatAnalytics.eventflow flg=0x10 (has extras) } ordered=false userid=0
D/SurfaceTexture(  104): [StatusBar] updateTexImage
I/CUSTOME_EVENT(13189): [eventWithValue]: titlebarad:{"state":"off"}
W/ADB_SERVICES(  126): create_local_service_socket() name=shell:export ANDROID_LOG_TAGS="''"; exec logcat
D/ADB_SERVICES(  126): Calling send_ready local=475, remote=256
W/ADB_SERVICES(13416): adb: unable to open /proc/13416/oom_adj
V/ActivityManager(  355): Broadcast: Intent { act=cn.wps.moffice.KSOStatAnalytics.eventflow flg=0x10 (has extras) } ordered=false userid=0
I/CUSTOME_EVENT(13189): [eventWithValue]: foreignshowcreatebubble:{"state":"off"}
I/Process (13214): Sending signal. PID: 13214 SIG: 9
D/NativeCrypto(13189): sslSelect READ fd=69 appData=0x58344c18 timeout_millis=0 => 1
D/NativeCrypto(13189): doing handshake ++
D/NativeCrypto(13189): ssl=0x58cbcd98 info_callback where=0x1001 ret=1
D/NativeCrypto(13189): ssl=0x58cbcd98 SSL_connect:3RSH_A SSLv3 read server hello A
D/NativeCrypto(13189): ssl=0x58cbcd98 info_callback ignored
E/NativeCrypto(13189): ssl=0x58cbcd98 cert_verify_callback x509_store_ctx=0x58a14ae8 arg=0x0
E/NativeCrypto(13189): ssl=0x58cbcd98 cert_verify_callback calling verifyCertificateChain authMethod=ECDHE_RSA
D/NativeCrypto(13189): NativeCrypto_EVP_VerifyInit ctx=0x58324d68
D/NativeCrypto(13189): NativeCrypto_EVP_VerifyInit algorithmChars=RSA-SHA256
D/NativeCrypto(13189): ssl=0x58cbcd98 cert_verify_callback => 1
D/NativeCrypto(13189): ssl=0x58cbcd98 info_callback where=0x1001 ret=1
D/NativeCrypto(13189): ssl=0x58cbcd98 SSL_connect:3RSC_A SSLv3 read server certificate A
D/NativeCrypto(13189): ssl=0x58cbcd98 info_callback ignored
D/NativeCrypto(13189): ssl=0x58cbcd98 info_callback where=0x1001 ret=1
D/NativeCrypto(13189): ssl=0x58cbcd98 SSL_connect:3RSKEA SSLv3 read server key exchange A
D/NativeCrypto(13189): ssl=0x58cbcd98 info_callback ignored
D/NativeCrypto(13189): ssl=0x58cbcd98 info_callback where=0x1001 ret=1
D/NativeCrypto(13189): ssl=0x58cbcd98 SSL_connect:3RSD_A SSLv3 read server done A
D/NativeCrypto(13189): ssl=0x58cbcd98 info_callback ignored
D/NativeCrypto(13189): ssl=0x58cbcd98 info_callback where=0x1001 ret=1
D/NativeCrypto(13189): ssl=0x58cbcd98 SSL_connect:3WCKEA SSLv3 write client key exchange A
D/NativeCrypto(13189): ssl=0x58cbcd98 info_callback ignored
D/NativeCrypto(13189): ssl=0x58cbcd98 info_callback where=0x1001 ret=1
D/NativeCrypto(13189): ssl=0x58cbcd98 SSL_connect:3WCCSA SSLv3 write change cipher spec A
D/NativeCrypto(13189): ssl=0x58cbcd98 info_callback ignored
D/NativeCrypto(13189): ssl=0x58cbcd98 info_callback where=0x1001 ret=1
D/NativeCrypto(13189): ssl=0x58cbcd98 SSL_connect:3WFINA SSLv3 write finished A
D/NativeCrypto(13189): ssl=0x58cbcd98 info_callback ignored
D/NativeCrypto(13189): ssl=0x58cbcd98 info_callback where=0x1001 ret=1
D/NativeCrypto(13189): ssl=0x58cbcd98 SSL_connect:3FLUSH SSLv3 flush data
D/NativeCrypto(13189): ssl=0x58cbcd98 info_callback ignored
D/NativeCrypto(13189): ssl=0x58cbcd98 info_callback where=0x1002 ret=-1
D/NativeCrypto(13189): ssl=0x58cbcd98 SSL_connect:error exit in 3RFINA SSLv3 read finished A
D/NativeCrypto(13189): ssl=0x58cbcd98 info_callback ignored
D/NativeCrypto(13189): doing handshake -- ret=-1
D/NativeCrypto(13189): ssl=0x58cbcd98 NativeCrypto_SSL_do_handshake ret=-1 errno=11 sslError=2 timeout_millis=0
D/NativeCrypto(13189): sslSelect type=READ fd=69 appData=0x58344c18 timeout_millis=0
D/NativeCrypto(13189): sslSelect READ fd=69 appData=0x58344c18 timeout_millis=0 => 1
D/NativeCrypto(13189): doing handshake ++
D/NativeCrypto(13189): ssl=0x58cbcd98 info_callback where=0x1001 ret=1
D/NativeCrypto(13189): ssl=0x58cbcd98 SSL_connect:3RFINA SSLv3 read finished A
D/NativeCrypto(13189): ssl=0x58cbcd98 info_callback ignored
D/NativeCrypto(13189): ssl=0x58cbcd98 info_callback where=0x20 ret=1
D/NativeCrypto(13189): ssl=0x58cbcd98 handshake done in SSLOK  SSL negotiation finished successfully
D/NativeCrypto(13189): ssl=0x58cbcd98 info_callback calling handshakeCompleted
D/NativeCrypto(13189): ssl=0x58cbcd98 info_callback completed
D/NativeCrypto(13189): ssl=0x58cbcd98 info_callback where=0x1002 ret=1
D/NativeCrypto(13189): ssl=0x58cbcd98 SSL_connect:ok exit in SSLOK  SSL negotiation finished successfully
D/NativeCrypto(13189): ssl=0x58cbcd98 info_callback ignored
D/NativeCrypto(13189): doing handshake -- ret=1
D/NativeCrypto(13189): ssl=0x58cbcd98 NativeCrypto_SSL_get_certificate => NULL
I/System.out(13189): [CDS]rx timeout:0
I/System.out(13189): [CDS]rx timeout:0
I/System.out(13189): >doSendRequest
D/NativeCrypto(13189): ssl=0x58cbcd98 sslWrite buf=0x4256a4c0 len=268
D/NativeCrypto(13189): Doing SSL_write() with 268 bytes to go ssl=0x58cbcd98, appData=0x58344c18
D/NativeCrypto(13189): Returned from SSL_write() with result 268, error code 0 ssl=0x58cbcd98, appData=0x58344c18
I/System.out(13189): <doSendRequest
D/NativeCrypto(13189): ssl=0x58cbcd98 sslRead buf=0x4259d308 len=8192,timeo=0
D/NativeCrypto(13189): Doing SSL_Read() ssl=0x58cbcd98, appData=0x58344c18
D/NativeCrypto(13189): Returned from SSL_Read() with result -1, error code 2 ssl=0x58cbcd98, appData=0x58344c18
D/NativeCrypto(13189): sslSelect type=READ fd=69 appData=0x58344c18 timeout_millis=0
D/NativeCrypto(13189): sslSelect READ fd=69 appData=0x58344c18 timeout_millis=0 => 1
D/NativeCrypto(13189): Doing SSL_Read() ssl=0x58cbcd98, appData=0x58344c18
D/NativeCrypto(13189): Returned from SSL_Read() with result 111, error code 0 ssl=0x58cbcd98, appData=0x58344c18
E/KSO_STAT_SyncConfig(13189): send http post failed, status code: 503
I/KSO_STAT_SyncConfig(13189): Post sync request failed.
D/dalvikvm(13189): threadid=44: exiting
D/dalvikvm(13189): threadid=44: bye!
W/ADB_SERVICES(  126): terminating JDWP 13214 connection: Try again
D/ADB_SERVICES(  126): remove pid 13214 to jdwp process list
I/SurfaceFlinger(  104): EventThread Client Pid (13214) disconnecting by (104)...
D/SurfaceFlinger(  104): Disconnecting from (557)
D/IPCThreadState(  355): [DN #5] BR_DEAD_BINDER cookie 0x55d4b280
D/IPCThreadState(  355): [DN #5] BR_DEAD_BINDER cookie 0x55d52eb0
D/IPCThreadState(  355): [DN #5] BR_CLEAR_DEATH_NOTIFICATION_DONE cookie 0x55d52eb0
I/SurfaceFlinger(  104): EventThread Client Pid (13214) disconnected by (104)
D/IPCThreadState(  355): [DN #5] BR_DEAD_BINDER cookie 0x525236c0
D/IPCThreadState(  355): [DN #5] BR_CLEAR_DEATH_NOTIFICATION_DONE cookie 0x525236c0
V/ActivityManager(  355): Death received in com.android.server.am.ActivityManagerService$AppDeathRecipient@424fa690 for thread android.os.BinderProxy@425faee8
I/ActivityManager(  355): Process cn.wps.moffice_eng:dexsplash (pid 13214) has died.
V/ActivityManager(  355): Dying app: ProcessRecord{4250e440 13214:cn.wps.moffice_eng:dexsplash/u0a31}, pid: 13214, thread: android.os.BinderProxy@425faee8
V/ActivityManager(  355): Removing app ProcessRecord{4250e440 0:cn.wps.moffice_eng:dexsplash/u0a31} from list [ActivityRecord{42f97f10 com.ljq.firebase/.InviteReceiveActivity}, ActivityRecord{424a52b8 com.android.settings/.UsbSettings}, ActivityRecord{424df6c0 jp.naver.line.android/.activity.main.MainActivity}, ActivityRecord{424a60b0 com.android.settings/.Settings$ManageApplicationsActivity}, ActivityRecord{43188ac0 com.android.settings/.SubSettings}, ActivityRecord{43c88e48 com.android.settings/.Settings}, ActivityRecord{422d5ff8 com.android.settings/.SubSettings}, ActivityRecord{424ae6c0 com.android.settings/.SubSettings}, ActivityRecord{42656a18 com.android.launcher/com.android.launcher2.Launcher}, ActivityRecord{4239c1f8 cn.wps.moffice_eng/cn.wps.moffice.documentmanager.PreStartActivity}] with 10 entries
V/ActivityManager(  355): Record #9 ActivityRecord{4239c1f8 cn.wps.moffice_eng/cn.wps.moffice.documentmanager.PreStartActivity}: app=ProcessRecord{424db340 13189:cn.wps.moffice_eng/u0a31}
V/ActivityManager(  355): Record #8 ActivityRecord{42656a18 com.android.launcher/com.android.launcher2.Launcher}: app=ProcessRecord{42502040 541:com.android.launcher/u0a18}
V/ActivityManager(  355): Record #7 ActivityRecord{424ae6c0 com.android.settings/.SubSettings}: app=ProcessRecord{424c7ae0 7051:com.android.settings/1000}
V/ActivityManager(  355): Record #6 ActivityRecord{422d5ff8 com.android.settings/.SubSettings}: app=ProcessRecord{424c7ae0 7051:com.android.settings/1000}
V/ActivityManager(  355): Record #5 ActivityRecord{43c88e48 com.android.settings/.Settings}: app=ProcessRecord{424c7ae0 7051:com.android.settings/1000}
V/ActivityManager(  355): Record #4 ActivityRecord{43188ac0 com.android.settings/.SubSettings}: app=ProcessRecord{424c7ae0 7051:com.android.settings/1000}
V/ActivityManager(  355): Record #3 ActivityRecord{424a60b0 com.android.settings/.Settings$ManageApplicationsActivity}: app=ProcessRecord{424c7ae0 7051:com.android.settings/1000}
V/ActivityManager(  355): Record #2 ActivityRecord{424df6c0 jp.naver.line.android/.activity.main.MainActivity}: app=ProcessRecord{43cf4940 7202:jp.naver.line.android/u0a38}
V/ActivityManager(  355): Record #1 ActivityRecord{424a52b8 com.android.settings/.UsbSettings}: app=ProcessRecord{424c7ae0 7051:com.android.settings/1000}
V/ActivityManager(  355): Record #0 ActivityRecord{42f97f10 com.ljq.firebase/.InviteReceiveActivity}: app=ProcessRecord{42f77c30 3493:com.ljq.firebase/u0a33}
V/ActivityManager(  355): Removing app ProcessRecord{4250e440 0:cn.wps.moffice_eng:dexsplash/u0a31} from list [] with 0 entries
V/ActivityManager(  355): Removing app ProcessRecord{4250e440 0:cn.wps.moffice_eng:dexsplash/u0a31} from list [] with 0 entries
V/ActivityManager(  355): Removing app ProcessRecord{4250e440 0:cn.wps.moffice_eng:dexsplash/u0a31} from list [] with 0 entries
V/ActivityManager(  355): Removing app ProcessRecord{4250e440 0:cn.wps.moffice_eng:dexsplash/u0a31} from list [] with 0 entries
D/IPCThreadState(  355): [DN #5] BR_CLEAR_DEATH_NOTIFICATION_DONE cookie 0x55d4b280
D/SurfaceTexture(  104): [StatusBar] onFrameAvailable
D/SurfaceTexture(  104): [StatusBar] updateTexImage
I/SurfaceFlinger(  104): [SurfaceFlinger] frames:4, duration:1.552000, fps:2.576025
I/System.out(13189): [socket][22] connection /10.226.24.33:8888;LocalPort=38533(2000)
I/System.out(13189): [CDS]connect[/10.226.24.33:8888] tm:2
D/Posix   (13189): [Posix_connect Debug]Process cn.wps.moffice_eng :8888 
I/System.out(13189): [socket][/192.168.1.125:38533] connected
I/System.out(13189): [CDS]rx timeout:10000
I/System.out(13189): >doSendRequest
I/System.out(13189): <doSendRequest
D/NativeCrypto(13189): ssl=0x590c7268 NativeCrypto_SSL_do_handshake fd=0x52000005 shc=0x38300009 timeout_millis=10000 client_mode=1 npn=0x0
D/NativeCrypto(13189): doing handshake ++
D/NativeCrypto(13189): ssl=0x590c7268 info_callback where=0x10 ret=1
D/NativeCrypto(13189): ssl=0x590c7268 handshake start in UNKWN  before/connect initialization
D/NativeCrypto(13189): ssl=0x590c7268 info_callback ignored
D/NativeCrypto(13189): ssl=0x590c7268 info_callback where=0x1001 ret=1
D/NativeCrypto(13189): ssl=0x590c7268 SSL_connect:UNKWN  before/connect initialization
D/NativeCrypto(13189): ssl=0x590c7268 info_callback ignored
D/NativeCrypto(13189): ssl=0x590c7268 info_callback where=0x1001 ret=1
D/NativeCrypto(13189): ssl=0x590c7268 SSL_connect:23WCHA SSLv2/v3 write client hello A
D/NativeCrypto(13189): ssl=0x590c7268 info_callback ignored
D/NativeCrypto(13189): ssl=0x590c7268 info_callback where=0x1002 ret=-1
D/NativeCrypto(13189): ssl=0x590c7268 SSL_connect:error exit in 23RSHA SSLv2/v3 read server hello A
D/NativeCrypto(13189): ssl=0x590c7268 info_callback ignored
D/NativeCrypto(13189): doing handshake -- ret=-1
D/NativeCrypto(13189): ssl=0x590c7268 NativeCrypto_SSL_do_handshake ret=-1 errno=11 sslError=2 timeout_millis=10000
D/NativeCrypto(13189): sslSelect type=READ fd=62 appData=0x58cd9f28 timeout_millis=10000
V/ActivityManager(  355): Broadcast: Intent { act=cn.wps.moffice.KSOStatAnalytics.eventflow flg=0x10 (has extras) } ordered=false userid=0
I/CUSTOME_EVENT(13189): [eventWithValue]: operation_push_activeuser:{"source":"fcm","push_type":"touchuan"}
V/ActivityManager(  355): Broadcast: Intent { act=cn.wps.moffice.KSOStatAnalytics.eventflow flg=0x10 (has extras) } ordered=false userid=0
V/ActivityManager(  355): Broadcast: Intent { act=cn.wps.moffice.KSOStatAnalytics.eventflow flg=0x10 (has extras) } ordered=false userid=0
I/CUSTOME_EVENT(13189): [eventWithValue]: operation_push_activeuser:{"source":"fcm","push_type":"normal"}
I/CUSTOME_EVENT(13189): [eventWithValue]: msg_notification_deliverable:{"last_active_interval":"1","active_times":"1","active_init_time":"2019-07-23","from":"fcm"}
D/NativeCrypto(13189): sslSelect READ fd=62 appData=0x58cd9f28 timeout_millis=10000 => 1
D/NativeCrypto(13189): doing handshake ++
D/NativeCrypto(13189): ssl=0x590c7268 info_callback where=0x1002 ret=-1
D/NativeCrypto(13189): ssl=0x590c7268 SSL_connect:error exit in 3RSH_A SSLv3 read server hello A
D/NativeCrypto(13189): ssl=0x590c7268 info_callback ignored
D/NativeCrypto(13189): ssl=0x590c7268 info_callback where=0x1002 ret=-1
D/NativeCrypto(13189): ssl=0x590c7268 SSL_connect:error exit in 3RSH_A SSLv3 read server hello A
D/NativeCrypto(13189): ssl=0x590c7268 info_callback ignored
D/NativeCrypto(13189): doing handshake -- ret=-1
D/NativeCrypto(13189): ssl=0x590c7268 NativeCrypto_SSL_do_handshake ret=-1 errno=11 sslError=2 timeout_millis=10000
D/NativeCrypto(13189): sslSelect type=READ fd=62 appData=0x58cd9f28 timeout_millis=10000
D/NativeCrypto(13189): sslSelect READ fd=62 appData=0x58cd9f28 timeout_millis=10000 => 1
D/NativeCrypto(13189): doing handshake ++
D/NativeCrypto(13189): ssl=0x590c7268 info_callback where=0x1001 ret=1
D/NativeCrypto(13189): ssl=0x590c7268 SSL_connect:3RSH_A SSLv3 read server hello A
D/NativeCrypto(13189): ssl=0x590c7268 info_callback ignored
E/NativeCrypto(13189): ssl=0x590c7268 cert_verify_callback x509_store_ctx=0x55048ae8 arg=0x0
E/NativeCrypto(13189): ssl=0x590c7268 cert_verify_callback calling verifyCertificateChain authMethod=ECDHE_RSA
D/NativeCrypto(13189): ssl=0x590c7268 cert_verify_callback => 0
D/NativeCrypto(13189): ssl=0x590c7268 info_callback where=0x1001 ret=1
D/NativeCrypto(13189): ssl=0x590c7268 SSL_connect:3RSC_A SSLv3 read server certificate A
D/NativeCrypto(13189): ssl=0x590c7268 info_callback ignored
D/NativeCrypto(13189): ssl=0x590c7268 info_callback where=0x1001 ret=1
D/NativeCrypto(13189): ssl=0x590c7268 SSL_connect:3RSKEA SSLv3 read server key exchange A
D/NativeCrypto(13189): ssl=0x590c7268 info_callback ignored
D/NativeCrypto(13189): ssl=0x590c7268 info_callback where=0x1001 ret=1
D/NativeCrypto(13189): ssl=0x590c7268 SSL_connect:3RSD_A SSLv3 read server done A
D/NativeCrypto(13189): ssl=0x590c7268 info_callback ignored
D/SurfaceTexture(  104): [StatusBar] onFrameAvailable
D/SurfaceTexture(  104): [StatusBar] updateTexImage
D/NativeCrypto(13189): ssl=0x590c7268 info_callback where=0x1001 ret=1
D/NativeCrypto(13189): ssl=0x590c7268 SSL_connect:3WCKEA SSLv3 write client key exchange A
D/NativeCrypto(13189): ssl=0x590c7268 info_callback ignored
D/NativeCrypto(13189): ssl=0x590c7268 info_callback where=0x1001 ret=1
D/NativeCrypto(13189): ssl=0x590c7268 SSL_connect:3WCCSA SSLv3 write change cipher spec A
D/NativeCrypto(13189): ssl=0x590c7268 info_callback ignored
D/NativeCrypto(13189): ssl=0x590c7268 info_callback where=0x1001 ret=1
D/NativeCrypto(13189): ssl=0x590c7268 SSL_connect:3WFINA SSLv3 write finished A
D/NativeCrypto(13189): ssl=0x590c7268 info_callback ignored
D/NativeCrypto(13189): ssl=0x590c7268 info_callback where=0x1001 ret=1
D/NativeCrypto(13189): ssl=0x590c7268 SSL_connect:3FLUSH SSLv3 flush data
D/NativeCrypto(13189): ssl=0x590c7268 info_callback ignored
