I/dalvikvm(13419): Could not find method android.view.Window.setNavigationBarColor, referenced from method lzx.k
W/dalvikvm(13419): VFY: unable to resolve virtual method 2864: Landroid/view/Window;.setNavigationBarColor (I)V
D/dalvikvm(13419): VFY: replacing opcode 0x6e at 0x0021
W/ActivityThread(13419): Duplicate remove pending of provider cn.wps.moffice.persistence.AppDataProvider
W/ActivityThread(13419): Duplicate remove pending of provider cn.wps.moffice.persistence.AppDataProvider
W/ActivityThread(13419): Duplicate remove pending of provider cn.wps.moffice.persistence.AppDataProvider
W/ActivityThread(13419): Duplicate remove pending of provider cn.wps.moffice.persistence.AppDataProvider
W/ActivityThread(13419): Duplicate remove pending of provider cn.wps.moffice.persistence.AppDataProvider
W/ActivityThread(13419): Duplicate remove pending of provider cn.wps.moffice.persistence.AppDataProvider
W/ActivityThread(13419): Duplicate remove pending of provider cn.wps.moffice.persistence.AppDataProvider
W/ActivityThread(13419): Duplicate remove pending of provider cn.wps.moffice.persistence.AppDataProvider
W/ActivityThread(13419): Duplicate remove pending of provider cn.wps.moffice.persistence.AppDataProvider
W/ActivityThread(13419): Duplicate remove pending of provider cn.wps.moffice.persistence.AppDataProvider
W/ActivityThread(13419): Duplicate remove pending of provider cn.wps.moffice.persistence.AppDataProvider
W/ActivityThread(13419): Duplicate remove pending of provider cn.wps.moffice.persistence.AppDataProvider
W/ActivityThread(13419): Duplicate remove pending of provider cn.wps.moffice.persistence.AppDataProvider
W/ActivityThread(13419): Duplicate remove pending of provider cn.wps.moffice.persistence.AppDataProvider
W/ActivityThread(13419): Duplicate remove pending of provider cn.wps.moffice.persistence.AppDataProvider
W/ActivityThread(13419): Duplicate remove pending of provider cn.wps.moffice.persistence.AppDataProvider
W/ActivityThread(13419): Duplicate remove pending of provider cn.wps.moffice.persistence.AppDataProvider
W/ActivityThread(13419): Duplicate remove pending of provider cn.wps.moffice.persistence.AppDataProvider
W/ActivityThread(13419): Duplicate remove pending of provider cn.wps.moffice.persistence.AppDataProvider
W/ActivityThread(13419): Duplicate remove pending of provider cn.wps.moffice.persistence.AppDataProvider
W/ActivityThread(13419): Duplicate remove pending of provider cn.wps.moffice.persistence.AppDataProvider
W/ActivityThread(13419): Duplicate remove pending of provider cn.wps.moffice.persistence.AppDataProvider
W/ActivityThread(13419): Duplicate remove pending of provider cn.wps.moffice.persistence.AppDataProvider
W/ActivityThread(13419): Duplicate remove pending of provider cn.wps.moffice.persistence.AppDataProvider
W/ActivityThread(13419): Duplicate remove pending of provider cn.wps.moffice.persistence.AppDataProvider
W/ActivityThread(13419): Duplicate remove pending of provider cn.wps.moffice.persistence.AppDataProvider
V/ActivityManager(  355): Broadcast: Intent { act=cn.wps.moffice.KSOStatAnalytics.eventflow flg=0x10 (has extras) } ordered=false userid=0
D/ActivityThread(13419): ACT-AM_ON_RESUME_CALLED ActivityRecord{422ab1d0 token=android.os.BinderProxy@422aa9c0 {cn.wps.moffice_eng/cn.wps.moffice.crash.CrashActivity}}
I/SurfaceFlinger(  104): EventThread Client Pid (13419) created
I/SurfaceFlinger(  104): EventThread Client Pid (13419) connecting by (104)...
I/SurfaceFlinger(  104): EventThread Client Pid (13419) connected by (104)
D/ActivityThread(13419): ACT-LAUNCH_ACTIVITY handled : 0 / ActivityRecord{422ab1d0 token=android.os.BinderProxy@422aa9c0 {cn.wps.moffice_eng/cn.wps.moffice.crash.CrashActivity}}
I/BufferQueue(  104): [unnamed-104-438] BufferQueue
I/BufferQueue(  104): [unnamed-104-438] consumerConnect
I/BufferQueue(  104): [unnamed-104-438] setSynchronousMode: enabled=1
I/BufferQueue(  104): [unnamed-104-438] setDefaultBufferSize: w=1, h=1
V/WindowManager(  355): Changing focus from null to Window{43c58bb8 cn.wps.moffice_eng/cn.wps.moffice.crash.CrashActivity paused=false}
D/PhoneStatusBar(  440): hiding the MENU button
I/BufferQueue(  104): [cn.wps.moffice_eng/cn.wps.moffice.crash.CrashActivity] setDefaultBufferSize: w=540, h=960
I/WindowManager(  355): Gaining focus: Window{43c58bb8 cn.wps.moffice_eng/cn.wps.moffice.crash.CrashActivity paused=false}
I/SurfaceTextureClient(13419): [void android::SurfaceTextureClient::init()] debug.stc.fps: 3000 ms
D/libEGL  (13419): loaded /vendor/lib/egl/libEGL_mtk.so
D/libEGL  (13419): loaded /vendor/lib/egl/libGLESv1_CM_mtk.so
D/libEGL  (13419): loaded /vendor/lib/egl/libGLESv2_mtk.so
I/BufferQueue(  104): [cn.wps.moffice_eng/cn.wps.moffice.crash.CrashActivity] connect: api=1
I/BufferQueue(  104): [cn.wps.moffice_eng/cn.wps.moffice.crash.CrashActivity] setSynchronousMode: enabled=1
I/BufferQueue(  104): [cn.wps.moffice_eng/cn.wps.moffice.crash.CrashActivity] setSynchronousMode: enabled=1
I/GraphicBuffer(  104): allocate buffer (w:544 h:960 f:5) err(0)
I/BufferQueue(  104): [cn.wps.moffice_eng/cn.wps.moffice.crash.CrashActivity] createGraphicBuffer before(NULL) after(0x42a13188, handle=0x42a13210, w=540, h=960, f=5)
D/OpenGLRenderer(13419): Enabling debug mode 0
D/SurfaceTexture(  104): [cn.wps.moffice_eng/cn.wps.moffice.crash.CrashActivity] onFrameAvailable
D/SurfaceTexture(  104): [cn.wps.moffice_eng/cn.wps.moffice.crash.CrashActivity] updateTexImage
I/GraphicBuffer(  104): allocate buffer (w:544 h:960 f:5) err(0)
I/BufferQueue(  104): [cn.wps.moffice_eng/cn.wps.moffice.crash.CrashActivity] createGraphicBuffer before(NULL) after(0x42a234d8, handle=0x42a1dd28, w=540, h=960, f=5)
I/ActivityManager(  355): [AppLaunch] Displayed Displayed cn.wps.moffice_eng/cn.wps.moffice.crash.CrashActivity: +1s515ms
D/ActivityManager(  355): AP_PROF:AppLaunch_LaunchTime:cn.wps.moffice_eng/cn.wps.moffice.crash.CrashActivity:1515:37247740
V/ActivityManager(  355): Stopping ActivityRecord{4239c1f8 cn.wps.moffice_eng/cn.wps.moffice.documentmanager.PreStartActivity}: nowVisible=true waitingVisible=true finishing=false
V/InputMethodManager(13419): onWindowFocus: android.widget.TextView@424cb4a8 softInputMode=272 first=true flags=#1810100
V/InputMethodManager(13419): Starting input: view=android.widget.TextView@424cb4a8
V/InputMethodManager(13419): Starting input: tba=android.view.inputmethod.EditorInfo@4254de60 ic=null
V/InputMethodManager(13419): START INPUT: android.widget.TextView@424cb4a8 ic=null tba=android.view.inputmethod.EditorInfo@4254de60 controlFlags=#105
V/InputMethodManagerService(  355): windowGainedFocus: android.os.BinderProxy@43c55758 controlFlags=#105 softInputMode=#110 windowFlags=#1810100
V/InputMethodManager(13419): Starting input: Bind result=InputBindResult{null com.android.inputmethod.latin/.LatinIME #383}
D/SurfaceTexture(  104): [cn.wps.moffice_eng/cn.wps.moffice.crash.CrashActivity] onFrameAvailable
D/SurfaceTexture(  104): [cn.wps.moffice_eng/cn.wps.moffice.crash.CrashActivity] updateTexImage
I/GraphicBuffer(  104): allocate buffer (w:544 h:960 f:5) err(0)
I/BufferQueue(  104): [cn.wps.moffice_eng/cn.wps.moffice.crash.CrashActivity] createGraphicBuffer before(NULL) after(0x42a15850, handle=0x42a106a8, w=540, h=960, f=5)
V/InputMethodManager(13419): Starting input: view=android.widget.TextView@424cb4a8
V/InputMethodManager(13419): Starting input: tba=android.view.inputmethod.EditorInfo@4254ecc0 ic=null
V/ActivityManager(  355): Activity idle: Token{43de14d8 ActivityRecord{43eca560 cn.wps.moffice_eng/cn.wps.moffice.crash.CrashActivity}}
D/PowerManagerService(  355): releaseWakeLock flags=0x1 tag=ActivityManager-Launch total_time=2066ms
V/ActivityManager(  355): Stopping ActivityRecord{4239c1f8 cn.wps.moffice_eng/cn.wps.moffice.documentmanager.PreStartActivity}: nowVisible=true waitingVisible=false finishing=false
V/ActivityManager(  355): Ready to stop: ActivityRecord{4239c1f8 cn.wps.moffice_eng/cn.wps.moffice.documentmanager.PreStartActivity}
D/SurfaceTexture(  104): [StatusBar] onFrameAvailable
D/SurfaceTexture(  104): [StatusBar] updateTexImage
D/StateMachine(  355): handleMessage: E msg.what=131155
D/StateMachine(  355): processMsg: ConnectedState
D/WifiStateMachine(  355): ConnectedState{ what=131155 when=-3ms arg1=12 target=Handler (com.android.internal.util.StateMachine$SmHandler) {42563ac8} }
D/StateMachine(  355): processMsg: L2ConnectedState
D/WifiStateMachine(  355): L2ConnectedState{ what=131155 when=-4ms arg1=12 target=Handler (com.android.internal.util.StateMachine$SmHandler) {42563ac8} }
D/WifiNative-wlan0(  355): doString: SIGNAL_POLL
D/wpa_supplicant(  488): wpa_s 0x400ef6e8 cmd SIGNAL_POLL
D/wpa_supplicant(  488): nl80211: survey data missing!
D/WifiCommon(  355): [wlan0]SET "SIGNAL_POLL"
I/WifiStateMachine(  355): fetchRssiAndLinkSpeedNative, newRssi=-53
D/StateMachine(  355): handleMessage: X
V/FA      (13364): Checking service availability
E/dalvikvm(13364): Could not find class 'android.os.UserManager', referenced from method com.google.android.gms.common.GooglePlayServicesUtilLight.isRestrictedUserProfile
W/dalvikvm(13364): VFY: unable to resolve check-cast 214 (Landroid/os/UserManager;) in Lcom/google/android/gms/common/GooglePlayServicesUtilLight;
D/dalvikvm(13364): VFY: replacing opcode 0x1f at 0x000c
I/dalvikvm(13364): Could not find method android.content.pm.PackageManager.getPackageInstaller, referenced from method com.google.android.gms.common.GooglePlayServicesUtilLight.isUninstalledAppPossiblyUpdating
W/dalvikvm(13364): VFY: unable to resolve virtual method 302: Landroid/content/pm/PackageManager;.getPackageInstaller ()Landroid/content/pm/PackageInstaller;
D/dalvikvm(13364): VFY: replacing opcode 0x6e at 0x0012
W/GooglePlayServicesUtil(13364): Google Play services is missing.
V/FA      (13364): Service missing
V/FA      (13364): Setting useService: false
V/FA      (13364): Using local app measurement service
W/dalvikvm(13364): VFY: unable to find class referenced in signature (Landroid/app/job/JobParameters;)
D/ActivityThread(13364): SVC-Creating service: CreateServiceData{token=android.os.BinderProxy@4235d488 className=com.google.android.gms.measurement.AppMeasurementService packageName=cn.wps.moffice_eng intent=null}
V/FA      (13364): Local AppMeasurementService is starting up
D/ActivityThread(13364): SVC-CREATE_SERVICE handled : 0 / CreateServiceData{token=android.os.BinderProxy@4235d488 className=com.google.android.gms.measurement.AppMeasurementService packageName=cn.wps.moffice_eng intent=null}
D/PowerManagerService(  355): acquireWakeLock flags=0x1 tag=fiid-sync
E/FirebaseInstanceId(13364): Google Play services missing or without correct permission.
D/PowerManagerService(  355): releaseWakeLock flags=0x1 tag=fiid-sync total_time=8ms
D/IPCThreadState(  355): [DN #5] BR_CLEAR_DEATH_NOTIFICATION_DONE cookie 0x57241ac0
V/FA      (13364): Connection attempt already in progress
D/ActivityThread(13364): SVC-BIND_SERVICE handled : 0 / BindServiceData{token=android.os.BinderProxy@4235d488 intent=Intent { act=com.google.android.gms.measurement.START cmp=cn.wps.moffice_eng/com.google.android.gms.measurement.AppMeasurementService }}
V/FA      (13364): Bound to IMeasurementService interface
E/dalvikvm(13364): Could not find class 'android.app.job.JobScheduler', referenced from method com.google.android.gms.measurement.internal.zzfp.gEh
W/dalvikvm(13364): VFY: unable to resolve check-cast 41 (Landroid/app/job/JobScheduler;) in Lcom/google/android/gms/measurement/internal/zzfp;
D/dalvikvm(13364): VFY: replacing opcode 0x1f at 0x000a
E/dalvikvm(13364): Could not find class 'android.os.PersistableBundle', referenced from method com.google.android.gms.measurement.internal.zzfp.fQ
W/dalvikvm(13364): VFY: unable to resolve new-instance 202 (Landroid/os/PersistableBundle;) in Lcom/google/android/gms/measurement/internal/zzfp;
D/dalvikvm(13364): VFY: replacing opcode 0x22 at 0x0085
D/dalvikvm(13364): DexOpt: unable to opt direct call 0x0354 at 0x87 in Lcom/google/android/gms/measurement/internal/zzfp;.fQ
D/dalvikvm(13364): DexOpt: unable to opt direct call 0x0086 at 0x93 in Lcom/google/android/gms/measurement/internal/zzfp;.fQ
V/FA      (13364): Connected to service
V/FA      (13364): Processing queued up service tasks: 2
I/FA      (13364): This instance being marked as an uploader
D/NetworkControllerGemini(  440): refreshViews(0), DataConnected=false
D/NetworkControllerGemini(  440): refreshViews(0), set parameters to signal cluster view.
D/NetworkControllerGemini(  440): refreshViews(0), tempPhoneSignalIconId.0 = 2130837726  tempPhoneSignalIconId.1 = 0  tempMobileActivityIconId= 0  tempDataTypeIconId= 0
D/SignalClusterViewGemini(  440): setMobileDataIndicators(0), visible=true, strengthIcon[0] ~ [1] 2130837726 ~ 0
D/SignalClusterViewGemini(  440): setDataConnected(0), dataConnected=false
D/SignalClusterViewGemini(  440): setDataNetType3G(0), dataNetType=null
D/SignalClusterViewGemini(  440): apply, mMobileVisible=true mMobileActivityId=0 mMobileTypeId=0 mMobileStrengthId[0] = 2130837726 mMobileStrengthId[1] = 0
D/SignalClusterViewGemini(  440): isSimInserted(0), SimInserted=false
D/SignalClusterViewGemini(  440): apply, mMobileVisibleGemini=true mMobileActivityIdGemini=0 mMobileTypeIdGemini=0 mMobileStrengthIdGemini[0] = 2130837726 mMobileStrengthIdGemini[1] = 0
D/SignalClusterViewGemini(  440): isSimInserted(1), SimInserted=false
D/SignalClusterViewGemini(  440): apply, mMobileVisible=true, mWifiVisible=true, mIsAirplaneMode=false
D/SignalClusterViewGemini(  440): isSimInserted(0), SimInserted=false
D/SignalClusterViewGemini(  440): isSimInserted(1), SimInserted=false
D/SignalClusterViewGemini(  440): isSimInserted(1), SimInserted=false
D/SignalClusterViewGemini(  440): isSimInserted(0), SimInserted=false
D/NetworkControllerGemini(  440): refreshViews(1), DataConnected=false
D/SignalClusterViewGemini(  440): setDataConnected(1), dataConnected=false
D/SignalClusterViewGemini(  440): setDataNetType3G(1), dataNetType=null
D/SignalClusterViewGemini(  440): apply, mMobileVisible=true mMobileActivityId=0 mMobileTypeId=0 mMobileStrengthId[0] = 2130837726 mMobileStrengthId[1] = 0
D/SignalClusterViewGemini(  440): isSimInserted(0), SimInserted=false
D/SignalClusterViewGemini(  440): apply, mMobileVisibleGemini=true mMobileActivityIdGemini=0 mMobileTypeIdGemini=0 mMobileStrengthIdGemini[0] = 2130837726 mMobileStrengthIdGemini[1] = 0
D/SignalClusterViewGemini(  440): isSimInserted(1), SimInserted=false
D/SignalClusterViewGemini(  440): apply, mMobileVisible=true, mWifiVisible=true, mIsAirplaneMode=false
D/SignalClusterViewGemini(  440): isSimInserted(0), SimInserted=false
D/SignalClusterViewGemini(  440): isSimInserted(1), SimInserted=false
D/SignalClusterViewGemini(  440): isSimInserted(1), SimInserted=false
D/SignalClusterViewGemini(  440): isSimInserted(0), SimInserted=false
D/SurfaceTexture(  104): [StatusBar] onFrameAvailable
D/SurfaceTexture(  104): [StatusBar] updateTexImage
I/SurfaceFlinger(  104): [SurfaceFlinger] frames:7, duration:1.443000, fps:4.850870
D/SurfaceTexture(  104): [StatusBar] onFrameAvailable
D/SurfaceTexture(  104): [StatusBar] updateTexImage
V/ActivityManager(  355): Broadcast: Intent { act=cn.wps.moffice.KSOStatAnalytics.eventflow flg=0x10 (has extras) } ordered=false userid=0
D/dalvikvm(13189): create interp thread : stack size=32KB
D/dalvikvm(13189): create new thread
D/dalvikvm(13189): new thread created
D/dalvikvm(13189): update thread list
D/dalvikvm(13189): threadid=44: interp stack at 0x56556000
D/dalvikvm(13189): threadid=44: created from interp
D/dalvikvm(13189): start new thread
D/dalvikvm(13189): threadid=44: notify debugger
D/dalvikvm(13189): threadid=44 (Thread-5): calling run()
D/dalvikvm(13189): threadid=44: exiting
D/dalvikvm(13189): threadid=44: bye!
I/AndroidRuntime(13189): VM exiting with result code 0, cleanup skipped.
D/SurfaceTexture(  104): [cn.wps.moffice_eng/cn.wps.moffice.crash.CrashActivity] onFrameAvailable
D/IPCThreadState(  355): [DN #5] BR_DEAD_BINDER cookie 0x5502bfd8
W/ADB_SERVICES(  126): terminating JDWP 13189 connection: Try again
D/ADB_SERVICES(  126): remove pid 13189 to jdwp process list
D/ADB_SERVICES(  126):  closing because is_eof=1 r=0 s->fde.force_eof=0
D/IPCThreadState(  355): [DN #5] BR_DEAD_BINDER cookie 0x563db160
D/SurfaceTexture(  104): [cn.wps.moffice_eng/cn.wps.moffice.crash.CrashActivity] updateTexImage
D/IPCThreadState(  355): [DN #5] BR_DEAD_BINDER cookie 0x57cb5a78
D/IPCThreadState(  355): [DN #5] BR_DEAD_BINDER cookie 0x58419dd0
D/IPCThreadState(  355): [DN #5] BR_DEAD_BINDER cookie 0x57d5da28
D/IPCThreadState(13364): [DN #5] BR_DEAD_BINDER cookie 0x51365c08
I/SurfaceFlinger(  104): EventThread Client Pid (13189) disconnecting by (104)...
D/SurfaceFlinger(  104): Disconnecting from (6730)
I/SurfaceFlinger(  104): EventThread Client Pid (13189) disconnected by (104)
D/IPCThreadState(  355): [DN #5] BR_CLEAR_DEATH_NOTIFICATION_DONE cookie 0x57cb5a78
D/IPCThreadState(  355): [DN #5] BR_CLEAR_DEATH_NOTIFICATION_DONE cookie 0x58419dd0
W/InputDispatcher(  355): channel '425b5d70 cn.wps.moffice_eng/cn.wps.moffice.documentmanager.PreStartActivity (server)' ~ Consumer closed input channel or an error occurred.  events=0x9
E/InputDispatcher(  355): channel '425b5d70 cn.wps.moffice_eng/cn.wps.moffice.documentmanager.PreStartActivity (server)' ~ Channel is unrecoverably broken and will be disposed!
I/WindowState(  355): WIN DEATH: Window{425b5d70 cn.wps.moffice_eng/cn.wps.moffice.documentmanager.PreStartActivity paused=false}
V/ActivityManager(  355): Death received in com.android.server.am.ActivityManagerService$AppDeathRecipient@424dcb90 for thread android.os.BinderProxy@42fff180
D/IPCThreadState(13364): [DN #5] BR_CLEAR_DEATH_NOTIFICATION_DONE cookie 0x51365c08
W/InputDispatcher(  355): Attempted to unregister already unregistered input channel '425b5d70 cn.wps.moffice_eng/cn.wps.moffice.documentmanager.PreStartActivity (server)'
I/ActivityManager(  355): Process cn.wps.moffice_eng (pid 13189) has died.
V/ActivityManager(  355): Dying app: ProcessRecord{424db340 13189:cn.wps.moffice_eng/u0a31}, pid: 13189, thread: android.os.BinderProxy@42fff180
D/IPCThreadState(13297): [DN #5] BR_DEAD_BINDER cookie 0x5138ed90
W/ActivityManager(  355): Scheduling restart of crashed service cn.wps.moffice_eng/cn.wps.moffice.common.qing.roaming.PollingService in 5000ms
W/ActivityManager(  355): Scheduling restart of crashed service cn.wps.moffice_eng/cn.wps.moffice.main.cloud.roaming.service.WPSQingService in 14999ms
I/BufferQueue(  104): [cn.wps.moffice_eng/cn.wps.moffice.documentmanager.PreStartActivity] consumerDisconnect
D/IPCThreadState(13297): [DN #5] BR_CLEAR_DEATH_NOTIFICATION_DONE cookie 0x5138ed90
D/ActivityThread(13364): SVC-UNBIND_SERVICE handled : 0 / BindServiceData{token=android.os.BinderProxy@422a9f88 intent=Intent { act=cn.wps.moffice.download.service cmp=cn.wps.moffice_eng/cn.wps.moffice.common.download.extlibs.service.DownloadService }}
D/ActivityThread(13364): SVC-Destroying service: cn.wps.moffice.common.download.extlibs.service.DownloadService@4255fa98
D/ActivityThread(13364): SVC-STOP_SERVICE handled : 0 / android.os.BinderProxy@422a9f88
I/WindowManager(  355): WINDOW DIED Window{425b5d70 cn.wps.moffice_eng/cn.wps.moffice.documentmanager.PreStartActivity paused=false}
D/IPCThreadState(  355): [DN #5] BR_CLEAR_DEATH_NOTIFICATION_DONE cookie 0x563db160
I/ActivityThread(13297): Removing dead content provider: cn.wps.moffice_eng.preferences
D/IPCThreadState(  355): [DN #5] BR_CLEAR_DEATH_NOTIFICATION_DONE cookie 0x5502bfd8
V/ActivityManager(  355): Removing app ProcessRecord{424db340 0:cn.wps.moffice_eng/u0a31} from list [ActivityRecord{42f97f10 com.ljq.firebase/.InviteReceiveActivity}, ActivityRecord{424a52b8 com.android.settings/.UsbSettings}, ActivityRecord{424df6c0 jp.naver.line.android/.activity.main.MainActivity}, ActivityRecord{424a60b0 com.android.settings/.Settings$ManageApplicationsActivity}, ActivityRecord{43188ac0 com.android.settings/.SubSettings}, ActivityRecord{43c88e48 com.android.settings/.Settings}, ActivityRecord{422d5ff8 com.android.settings/.SubSettings}, ActivityRecord{424ae6c0 com.android.settings/.SubSettings}, ActivityRecord{42656a18 com.android.launcher/com.android.launcher2.Launcher}, ActivityRecord{4239c1f8 cn.wps.moffice_eng/cn.wps.moffice.documentmanager.PreStartActivity}, ActivityRecord{43eca560 cn.wps.moffice_eng/cn.wps.moffice.crash.CrashActivity}] with 11 entries
V/ActivityManager(  355): Record #10 ActivityRecord{43eca560 cn.wps.moffice_eng/cn.wps.moffice.crash.CrashActivity}: app=ProcessRecord{43997a30 13419:cn.wps.moffice_eng:crash/u0a31}
V/ActivityManager(  355): Record #9 ActivityRecord{4239c1f8 cn.wps.moffice_eng/cn.wps.moffice.documentmanager.PreStartActivity}: app=ProcessRecord{424db340 0:cn.wps.moffice_eng/u0a31}
V/ActivityManager(  355): Removing this entry!
V/ActivityManager(  355): Record #8 ActivityRecord{42656a18 com.android.launcher/com.android.launcher2.Launcher}: app=ProcessRecord{42502040 541:com.android.launcher/u0a18}
V/ActivityManager(  355): Record #7 ActivityRecord{424ae6c0 com.android.settings/.SubSettings}: app=ProcessRecord{424c7ae0 7051:com.android.settings/1000}
V/ActivityManager(  355): Record #6 ActivityRecord{422d5ff8 com.android.settings/.SubSettings}: app=ProcessRecord{424c7ae0 7051:com.android.settings/1000}
V/ActivityManager(  355): Record #5 ActivityRecord{43c88e48 com.android.settings/.Settings}: app=ProcessRecord{424c7ae0 7051:com.android.settings/1000}
V/ActivityManager(  355): Record #4 ActivityRecord{43188ac0 com.android.settings/.SubSettings}: app=ProcessRecord{424c7ae0 7051:com.android.settings/1000}
V/ActivityManager(  355): Record #3 ActivityRecord{424a60b0 com.android.settings/.Settings$ManageApplicationsActivity}: app=ProcessRecord{424c7ae0 7051:com.android.settings/1000}
V/ActivityManager(  355): Record #2 ActivityRecord{424df6c0 jp.naver.line.android/.activity.main.MainActivity}: app=ProcessRecord{43cf4940 7202:jp.naver.line.android/u0a38}
V/ActivityManager(  355): Record #1 ActivityRecord{424a52b8 com.android.settings/.UsbSettings}: app=ProcessRecord{424c7ae0 7051:com.android.settings/1000}
V/ActivityManager(  355): Record #0 ActivityRecord{42f97f10 com.ljq.firebase/.InviteReceiveActivity}: app=ProcessRecord{42f77c30 3493:com.ljq.firebase/u0a33}
V/ActivityManager(  355): Removing app ProcessRecord{424db340 0:cn.wps.moffice_eng/u0a31} from list [] with 0 entries
V/ActivityManager(  355): Removing app ProcessRecord{424db340 0:cn.wps.moffice_eng/u0a31} from list [] with 0 entries
V/ActivityManager(  355): Removing app ProcessRecord{424db340 0:cn.wps.moffice_eng/u0a31} from list [] with 0 entries
V/ActivityManager(  355): Removing app ProcessRecord{424db340 0:cn.wps.moffice_eng/u0a31} from list [] with 0 entries
W/ActivityManager(  355): Force removing ActivityRecord{4239c1f8 cn.wps.moffice_eng/cn.wps.moffice.documentmanager.PreStartActivity}: app died, no saved state
I/BufferQueue(  104): [cn.wps.moffice_eng/cn.wps.moffice.documentmanager.PreStartActivity] ~BufferQueue
D/IPCThreadState(  355): [DN #5] BR_CLEAR_DEATH_NOTIFICATION_DONE cookie 0x57d5da28
D/SurfaceTexture(  104): [cn.wps.moffice_eng/cn.wps.moffice.crash.CrashActivity] onFrameAvailable
D/SurfaceTexture(  104): [cn.wps.moffice_eng/cn.wps.moffice.crash.CrashActivity] updateTexImage
D/SurfaceTexture(  104): [cn.wps.moffice_eng/cn.wps.moffice.crash.CrashActivity] onFrameAvailable
I/ActivityThread(13419): Removing dead content provider: cn.wps.moffice_eng.preferences
D/SurfaceTexture(  104): [cn.wps.moffice_eng/cn.wps.moffice.crash.CrashActivity] onFrameAvailable
D/SurfaceTexture(  104): [cn.wps.moffice_eng/cn.wps.moffice.crash.CrashActivity] updateTexImage
D/SurfaceTexture(  104): [cn.wps.moffice_eng/cn.wps.moffice.crash.CrashActivity] onFrameAvailable
D/SurfaceTexture(  104): [cn.wps.moffice_eng/cn.wps.moffice.crash.CrashActivity] updateTexImage
D/SurfaceTexture(  104): [StatusBar] onFrameAvailable
D/SurfaceTexture(  104): [cn.wps.moffice_eng/cn.wps.moffice.crash.CrashActivity] onFrameAvailable
D/SurfaceTexture(  104): [cn.wps.moffice_eng/cn.wps.moffice.crash.CrashActivity] updateTexImage
D/SurfaceTexture(  104): [StatusBar] updateTexImage
D/SurfaceTexture(  104): [cn.wps.moffice_eng/cn.wps.moffice.crash.CrashActivity] onFrameAvailable
D/SurfaceTexture(  104): [cn.wps.moffice_eng/cn.wps.moffice.crash.CrashActivity] updateTexImage
D/SurfaceTexture(  104): [cn.wps.moffice_eng/cn.wps.moffice.crash.CrashActivity] onFrameAvailable
D/SurfaceTexture(  104): [cn.wps.moffice_eng/cn.wps.moffice.crash.CrashActivity] updateTexImage
D/SurfaceTexture(  104): [cn.wps.moffice_eng/cn.wps.moffice.crash.CrashActivity] onFrameAvailable
D/SurfaceTexture(  104): [cn.wps.moffice_eng/cn.wps.moffice.crash.CrashActivity] updateTexImage
D/SurfaceTexture(  104): [cn.wps.moffice_eng/cn.wps.moffice.crash.CrashActivity] onFrameAvailable
D/SurfaceTexture(  104): [cn.wps.moffice_eng/cn.wps.moffice.crash.CrashActivity] updateTexImage
D/SurfaceTexture(  104): [cn.wps.moffice_eng/cn.wps.moffice.crash.CrashActivity] updateTexImage
D/SurfaceTexture(  104): [cn.wps.moffice_eng/cn.wps.moffice.crash.CrashActivity] onFrameAvailable
D/SurfaceTexture(  104): [cn.wps.moffice_eng/cn.wps.moffice.crash.CrashActivity] updateTexImage
D/SurfaceTexture(  104): [cn.wps.moffice_eng/cn.wps.moffice.crash.CrashActivity] onFrameAvailable
D/SurfaceTexture(  104): [cn.wps.moffice_eng/cn.wps.moffice.crash.CrashActivity] updateTexImage
D/SurfaceTexture(  104): [cn.wps.moffice_eng/cn.wps.moffice.crash.CrashActivity] onFrameAvailable
D/SurfaceTexture(  104): [cn.wps.moffice_eng/cn.wps.moffice.crash.CrashActivity] updateTexImage
D/SurfaceTexture(  104): [cn.wps.moffice_eng/cn.wps.moffice.crash.CrashActivity] onFrameAvailable
D/SurfaceTexture(  104): [cn.wps.moffice_eng/cn.wps.moffice.crash.CrashActivity] updateTexImage
D/SurfaceTexture(  104): [cn.wps.moffice_eng/cn.wps.moffice.crash.CrashActivity] onFrameAvailable
D/SurfaceTexture(  104): [cn.wps.moffice_eng/cn.wps.moffice.crash.CrashActivity] updateTexImage
D/SurfaceTexture(  104): [cn.wps.moffice_eng/cn.wps.moffice.crash.CrashActivity] onFrameAvailable
D/SurfaceTexture(  104): [cn.wps.moffice_eng/cn.wps.moffice.crash.CrashActivity] updateTexImage
D/NetworkControllerGemini(  440): refreshViews(0), DataConnected=false
D/NetworkControllerGemini(  440): refreshViews(0), set parameters to signal cluster view.
D/NetworkControllerGemini(  440): refreshViews(0), tempPhoneSignalIconId.0 = 2130837726  tempPhoneSignalIconId.1 = 0  tempMobileActivityIconId= 0  tempDataTypeIconId= 0
D/SignalClusterViewGemini(  440): setMobileDataIndicators(0), visible=true, strengthIcon[0] ~ [1] 2130837726 ~ 0
D/SignalClusterViewGemini(  440): setDataConnected(0), dataConnected=false
D/SignalClusterViewGemini(  440): setDataNetType3G(0), dataNetType=null
D/SignalClusterViewGemini(  440): apply, mMobileVisible=true mMobileActivityId=0 mMobileTypeId=0 mMobileStrengthId[0] = 2130837726 mMobileStrengthId[1] = 0
D/SignalClusterViewGemini(  440): isSimInserted(0), SimInserted=false
D/SignalClusterViewGemini(  440): apply, mMobileVisibleGemini=true mMobileActivityIdGemini=0 mMobileTypeIdGemini=0 mMobileStrengthIdGemini[0] = 2130837726 mMobileStrengthIdGemini[1] = 0
D/SignalClusterViewGemini(  440): isSimInserted(1), SimInserted=false
D/SignalClusterViewGemini(  440): apply, mMobileVisible=true, mWifiVisible=true, mIsAirplaneMode=false
D/SignalClusterViewGemini(  440): isSimInserted(0), SimInserted=false
D/SignalClusterViewGemini(  440): isSimInserted(1), SimInserted=false
D/SignalClusterViewGemini(  440): isSimInserted(1), SimInserted=false
D/SignalClusterViewGemini(  440): isSimInserted(0), SimInserted=false
D/NetworkControllerGemini(  440): refreshViews(1), DataConnected=false
D/SignalClusterViewGemini(  440): setDataConnected(1), dataConnected=false
D/SignalClusterViewGemini(  440): setDataNetType3G(1), dataNetType=null
D/SignalClusterViewGemini(  440): apply, mMobileVisible=true mMobileActivityId=0 mMobileTypeId=0 mMobileStrengthId[0] = 2130837726 mMobileStrengthId[1] = 0
D/SignalClusterViewGemini(  440): isSimInserted(0), SimInserted=false
D/SignalClusterViewGemini(  440): apply, mMobileVisibleGemini=true mMobileActivityIdGemini=0 mMobileTypeIdGemini=0 mMobileStrengthIdGemini[0] = 2130837726 mMobileStrengthIdGemini[1] = 0
D/SignalClusterViewGemini(  440): isSimInserted(1), SimInserted=false
D/SignalClusterViewGemini(  440): apply, mMobileVisible=true, mWifiVisible=true, mIsAirplaneMode=false
D/SignalClusterViewGemini(  440): isSimInserted(0), SimInserted=false
D/SignalClusterViewGemini(  440): isSimInserted(1), SimInserted=false
D/SignalClusterViewGemini(  440): isSimInserted(1), SimInserted=false
D/SignalClusterViewGemini(  440): isSimInserted(0), SimInserted=false
D/SurfaceTexture(  104): [StatusBar] onFrameAvailable
D/SurfaceTexture(  104): [StatusBar] updateTexImage
I/SurfaceFlinger(  104): [SurfaceFlinger] frames:19, duration:1.000000, fps:18.989187
D/SurfaceTexture(  104): [StatusBar] onFrameAvailable
D/SurfaceTexture(  104): [StatusBar] updateTexImage
V/ActivityManager(  355): Broadcast sticky: Intent { act=android.intent.action.BATTERY_CHANGED flg=0x60000010 (has extras) } ordered=false userid=0
D/StatusBar.BatteryController(  440): BatteryController onReceive action is android.intent.action.BATTERY_CHANGED
D/StatusBar.BatteryController(  440):  plugged is true fulled is false mBatteryOverTemperature = false  R.drawable.stat_sys_battery_charge is 2130837621 R.drawable.stat_sys_battery is 2130837612  icon is 2130837621
D/KeyguardUpdateMonitor(  355): received broadcast android.intent.action.BATTERY_CHANGED
I/KeyguardUpdateMonitor(  355): ACTION_BATTERY_CHANGED, status=2,plugged=2, level=38, health=2
D/WifiService(  355): onReceive, action=android.intent.action.BATTERY_CHANGED
D/StatusBar.BatteryController(  440): mBatteryPercentage is 38% mShouldShowBatteryPercentage is true mLabelViews.size() 1
D/PowerUI (  440): action = android.intent.action.BATTERY_CHANGED
D/PowerUI (  440): Intent start() ret = false mHideLowBDialog= true
D/KeyguardUpdateMonitor(  355): handleBatteryUpdate
V/Provider/Setting(  355): from settings cache , name = wifi_idle_ms value = null
D/Bluetooth HS/HF(  511): [BT][HFG] [API] mStateReceiver.onReceive(android.intent.action.BATTERY_CHANGED)
V/Provider/Setting(  355): from settings cache , name = stay_on_while_plugged_in value = 3
D/WifiService(  355): ACTION_BATTERY_CHANGED pluggedType: 2
D/UsbDeviceManager(  355): onReceive - ACTION_BATTERY_CHANGED - mPlugType: 2, mSettingUsbCharging: false, mConnected: true, mSettingUsbBicr: false
D/Bluetooth HS/HF(  511): [BT][HFG] [API] mHandler.handleMessage(9)
D/Bluetooth HS/HF(  511): [BT][HFG] [API] updateBatteryState
D/PowerUI (  440): oldBatteryLevel = 38mBatteryLevel = 38
D/PowerUI (  440): dismissLowBatteryWarning***************
D/SurfaceTexture(  104): [StatusBar] onFrameAvailable
I/SurfaceTextureClient(  440): [0x52e2ce70] frames:8, duration:3.134000, fps:2.552094
D/SurfaceTexture(  104): [StatusBar] updateTexImage
D/NetworkControllerGemini(  440): refreshViews(0), DataConnected=false
D/NetworkControllerGemini(  440): refreshViews(0), set parameters to signal cluster view.
D/NetworkControllerGemini(  440): refreshViews(0), tempPhoneSignalIconId.0 = 2130837726  tempPhoneSignalIconId.1 = 0  tempMobileActivityIconId= 0  tempDataTypeIconId= 0
D/SignalClusterViewGemini(  440): setMobileDataIndicators(0), visible=true, strengthIcon[0] ~ [1] 2130837726 ~ 0
D/SignalClusterViewGemini(  440): setDataConnected(0), dataConnected=false
D/SignalClusterViewGemini(  440): setDataNetType3G(0), dataNetType=null
D/SignalClusterViewGemini(  440): apply, mMobileVisible=true mMobileActivityId=0 mMobileTypeId=0 mMobileStrengthId[0] = 2130837726 mMobileStrengthId[1] = 0
D/SignalClusterViewGemini(  440): isSimInserted(0), SimInserted=false
D/SignalClusterViewGemini(  440): apply, mMobileVisibleGemini=true mMobileActivityIdGemini=0 mMobileTypeIdGemini=0 mMobileStrengthIdGemini[0] = 2130837726 mMobileStrengthIdGemini[1] = 0
D/SignalClusterViewGemini(  440): isSimInserted(1), SimInserted=false
D/SignalClusterViewGemini(  440): apply, mMobileVisible=true, mWifiVisible=true, mIsAirplaneMode=false
D/SignalClusterViewGemini(  440): isSimInserted(0), SimInserted=false
D/SignalClusterViewGemini(  440): isSimInserted(1), SimInserted=false
D/SignalClusterViewGemini(  440): isSimInserted(1), SimInserted=false
D/SignalClusterViewGemini(  440): isSimInserted(0), SimInserted=false
D/NetworkControllerGemini(  440): refreshViews(1), DataConnected=false
D/SignalClusterViewGemini(  440): setDataConnected(1), dataConnected=false
D/SignalClusterViewGemini(  440): setDataNetType3G(1), dataNetType=null
D/SignalClusterViewGemini(  440): apply, mMobileVisible=true mMobileActivityId=0 mMobileTypeId=0 mMobileStrengthId[0] = 2130837726 mMobileStrengthId[1] = 0
D/SignalClusterViewGemini(  440): isSimInserted(0), SimInserted=false
D/SignalClusterViewGemini(  440): apply, mMobileVisibleGemini=true mMobileActivityIdGemini=0 mMobileTypeIdGemini=0 mMobileStrengthIdGemini[0] = 2130837726 mMobileStrengthIdGemini[1] = 0
D/SignalClusterViewGemini(  440): isSimInserted(1), SimInserted=false
D/SignalClusterViewGemini(  440): apply, mMobileVisible=true, mWifiVisible=true, mIsAirplaneMode=false
D/SignalClusterViewGemini(  440): isSimInserted(0), SimInserted=false
D/SignalClusterViewGemini(  440): isSimInserted(1), SimInserted=false
D/SignalClusterViewGemini(  440): isSimInserted(1), SimInserted=false
D/SignalClusterViewGemini(  440): isSimInserted(0), SimInserted=false
D/SurfaceTexture(  104): [StatusBar] onFrameAvailable
D/SurfaceTexture(  104): [StatusBar] updateTexImage
I/SurfaceFlinger(  104): [SurfaceFlinger] frames:3, duration:1.000000, fps:2.998236
V/FA      (13364): Nothing to upload or uploading impossible
D/SurfaceTexture(  104): [StatusBar] onFrameAvailable
W/GooglePlayServicesUtil(13364): Google Play services is missing.
D/FA      (13364): Unable to get advertising id: java.io.IOException: Google Play services not available: com.google.android.gms.measurement.internal.zzft.g(Unknown Source)
D/FA      (13364): Setting user property: first_open_time(_fot), 1563872400000
D/SurfaceTexture(  104): [StatusBar] updateTexImage
D/FA      (13364): User property set: first_open_time(_fot), 1563872400000
D/FA      (13364): Setting user property: first_open_after_install(_fi), 1
D/FA      (13364): User property set: first_open_after_install(_fi), 1
V/FA      (13364): Logging event: origin=auto,name=first_open(_f),params=Bundle[{system_app(_sys)=0, previous_first_open_count(_pfo)=0, update_with_analytics(_uwa)=0, _r=1, system_app_update(_sysu)=0, firebase_conversion(_c)=1}]
V/Provider/Setting(13364): invalidate [secure]: current 2 != cached 0
D/Settings/Provide(  355): lookupValue table secure cache contains Key android_id value = Bundle[{value=b19178639623ead8}]
V/Provider/Setting(13364): from db cache, name = android_id value = b19178639623ead8
I/dalvikvm(13364): Could not find method sun.misc.Unsafe.allocateInstance, referenced from method zeb.Z
W/dalvikvm(13364): VFY: unable to resolve virtual method 26255: Lsun/misc/Unsafe;.allocateInstance (Ljava/lang/Class;)Ljava/lang/Object;
D/dalvikvm(13364): VFY: replacing opcode 0x6e at 0x0002
V/FA      (13364): Saving event, name, data size: first_open(_f), 71
V/FA      (13364): Event recorded: Event{appId='cn.wps.moffice_eng', name='first_open(_f)', params=Bundle[{system_app(_sys)=0, firebase_event_origin(_o)=auto, previous_first_open_count(_pfo)=0, update_with_analytics(_uwa)=0, _r=1, system_app_update(_sysu)=0, firebase_conversion(_c)=1}]}
D/ConnectivityService(  355): getActiveNetworkInfo:NetworkInfo: type: WIFI[], state: CONNECTED/CONNECTED, reason: (unspecified), extra: (none), roaming: false, failover: false, isAvailable: true, simId: 0/10031
V/FA      (13364): Upload scheduled in approximately ms: 368
V/FA      (13364): Scheduling upload with DelayedRunnable
V/FA      (13364): Scheduling upload with AlarmManager
V/AlarmManager(  355): setInexactRepeating: type=2 interval=3600000 trigger=106200000 orig=105411709
V/AlarmManager(  355): set: Alarm{43bbc1b8 type 2 cn.wps.moffice_eng}
V/AlarmManager(  355): Adding alarm Alarm{43bbc1b8 type 2 cn.wps.moffice_eng} at 1
V/AlarmManager(  355): alarms: 6 type: 2
V/AlarmManager(  355): 0: Jan 02 01:18:59 pm jp.naver.line.android
V/AlarmManager(  355): 1: Jan 02 01:30:00 pm cn.wps.moffice_eng
V/AlarmManager(  355): 2: Jan 02 01:46:24 pm android
V/AlarmManager(  355): 3: Jan 02 02:00:00 pm com.ljq.firebase
V/AlarmManager(  355): 4: Jan 02 02:00:34 pm android
V/AlarmManager(  355): 5: Jan 03 08:30:00 am android
V/FA      (13364): Background event processing time, ms: 82
D/dalvikvm(13364): GC_CONCURRENT freed 1117K, 11% free 10675K/11895K, paused 1ms+4ms, total 43ms
V/FA      (13364): Logging event: origin=auto,name=user_engagement(_e),params=Bundle[{engagement_time_msec(_et)=1}]
V/Provider/Setting(13364): from settings cache , name = android_id value = b19178639623ead8
V/FA      (13364): Saving event, name, data size: user_engagement(_e), 23
V/FA      (13364): Event recorded: Event{appId='cn.wps.moffice_eng', name='user_engagement(_e)', params=Bundle[{firebase_event_origin(_o)=auto, engagement_time_msec(_et)=1}]}
D/ConnectivityService(  355): getActiveNetworkInfo:NetworkInfo: type: WIFI[], state: CONNECTED/CONNECTED, reason: (unspecified), extra: (none), roaming: false, failover: false, isAvailable: true, simId: 0/10031
V/FA      (13364): Upload scheduled in approximately ms: 318
V/FA      (13364): Scheduling upload with DelayedRunnable
V/FA      (13364): Scheduling upload with AlarmManager
V/AlarmManager(  355): setInexactRepeating: type=2 interval=3600000 trigger=106200000 orig=105411708
V/AlarmManager(  355): set: Alarm{426a5f80 type 2 cn.wps.moffice_eng}
V/AlarmManager(  355): Adding alarm Alarm{426a5f80 type 2 cn.wps.moffice_eng} at 1
V/AlarmManager(  355): alarms: 6 type: 2
V/AlarmManager(  355): 0: Jan 02 01:18:59 pm jp.naver.line.android
V/AlarmManager(  355): 1: Jan 02 01:30:00 pm cn.wps.moffice_eng
V/AlarmManager(  355): 2: Jan 02 01:46:24 pm android
V/AlarmManager(  355): 3: Jan 02 02:00:00 pm com.ljq.firebase
V/AlarmManager(  355): 4: Jan 02 02:00:34 pm android
V/AlarmManager(  355): 5: Jan 03 08:30:00 am android
V/FA      (13364): Background event processing time, ms: 32
D/PowerManagerService(  355): user activity timeout timed out nextState=3
D/PowerManagerService(  355): setPowerState: mPowerState=0x7 newState=0x3 noChangeLights=false reason=3
D/PowerManagerService(  355): setPowerState: mPowerState=7 newState=3 noChangeLights=false
D/PowerManagerService(  355):   oldKeyboardBright=false newKeyboardBright=false
D/PowerManagerService(  355):   oldScreenBright=true newScreenBright=true
D/PowerManagerService(  355):   oldButtonBright=true newButtonBright=false
D/PowerManagerService(  355):   oldScreenOn=true newScreenOn=true
D/PowerManagerService(  355):   oldBatteryLow=false newBatteryLow=false
D/PowerManagerService(  355): offMask=0x4 dimMask=0x0 onMask=0x0 difference=0x4 realDifference=0x4 forceState=0x0
I/PowerManagerService(  355): Setting brightess off: 4
D/PowerManagerService(  355): setTimeoutLocked now=37250661 timeoutOverride=-1 nextState=1 when=39037661
V/FA      (13364): Starting upload from DelayedRunnable
D/ConnectivityService(  355): getActiveNetworkInfo:NetworkInfo: type: WIFI[], state: CONNECTED/CONNECTED, reason: (unspecified), extra: (none), roaming: false, failover: false, isAvailable: true, simId: 0/10031
D/FA      (13364): Uploading events. Elapsed time since last upload attempt (ms): 10005
D/ADB_SERVICES(  126): adb fdevent_process list (77) (34) (15) (10) (37) (45) (32) (35) 
V/FA      (13364): Fetching remote configuration: cn.wps.moffice_eng
D/dalvikvm(13364): create interp thread : stack size=32KB
D/dalvikvm(13364): create new thread
D/dalvikvm(13364): new thread created
D/dalvikvm(13364): update thread list
D/dalvikvm(13364): threadid=19: interp stack at 0x552ca000
D/dalvikvm(13364): threadid=19: created from interp
D/dalvikvm(13364): start new thread
V/FA      (13364): Not stopping services. fetch, network, upload: true, false, false
D/dalvikvm(13364): threadid=19: notify debugger
D/dalvikvm(13364): threadid=19 (Measurement Network): calling run()
D/SurfaceTexture(  104): [StatusBar] onFrameAvailable
I/System.out(13364): [socket][0] connection /10.226.24.33:8888;LocalPort=33601(60000)
I/System.out(13364): [CDS]connect[/10.226.24.33:8888] tm:60
D/Posix   (13364): [Posix_connect Debug]Process cn.wps.moffice_eng:gcmpush :8888 
I/System.out(13364): [socket][/192.168.1.125:33601] connected
I/System.out(13364): [CDS]rx timeout:61000
D/SurfaceTexture(  104): [StatusBar] updateTexImage
D/NativeCrypto(13364): ssl=0x552aeff8 NativeCrypto_SSL_do_handshake fd=0x1f200005 shc=0x20f00009 timeout_millis=61000 client_mode=1 npn=0x0
D/NativeCrypto(13364): doing handshake ++
D/NativeCrypto(13364): ssl=0x552aeff8 info_callback where=0x10 ret=1
D/NativeCrypto(13364): ssl=0x552aeff8 handshake start in UNKWN  before/connect initialization
D/NativeCrypto(13364): ssl=0x552aeff8 info_callback ignored
D/NativeCrypto(13364): ssl=0x552aeff8 info_callback where=0x1001 ret=1
D/NativeCrypto(13364): ssl=0x552aeff8 SSL_connect:UNKWN  before/connect initialization
D/NativeCrypto(13364): ssl=0x552aeff8 info_callback ignored
D/NativeCrypto(13364): ssl=0x552aeff8 info_callback where=0x1001 ret=1
D/NativeCrypto(13364): ssl=0x552aeff8 SSL_connect:23WCHA SSLv2/v3 write client hello A
D/NativeCrypto(13364): ssl=0x552aeff8 info_callback ignored
D/NativeCrypto(13364): ssl=0x552aeff8 info_callback where=0x1002 ret=-1
D/NativeCrypto(13364): ssl=0x552aeff8 SSL_connect:error exit in 23RSHA SSLv2/v3 read server hello A
D/NativeCrypto(13364): ssl=0x552aeff8 info_callback ignored
D/NativeCrypto(13364): doing handshake -- ret=-1
D/NativeCrypto(13364): ssl=0x552aeff8 NativeCrypto_SSL_do_handshake ret=-1 errno=11 sslError=2 timeout_millis=61000
D/NativeCrypto(13364): sslSelect type=READ fd=53 appData=0x552a5cc0 timeout_millis=61000
D/NativeCrypto(13364): sslSelect READ fd=53 appData=0x552a5cc0 timeout_millis=61000 => 1
D/NativeCrypto(13364): doing handshake ++
D/NativeCrypto(13364): ssl=0x552aeff8 info_callback where=0x1001 ret=1
D/NativeCrypto(13364): ssl=0x552aeff8 SSL_connect:3RSH_A SSLv3 read server hello A
D/NativeCrypto(13364): ssl=0x552aeff8 info_callback ignored
E/NativeCrypto(13364): ssl=0x552aeff8 cert_verify_callback x509_store_ctx=0x55777a80 arg=0x0
E/NativeCrypto(13364): ssl=0x552aeff8 cert_verify_callback calling verifyCertificateChain authMethod=ECDHE_RSA
D/NativeCrypto(13364): NativeCrypto_EVP_VerifyInit ctx=0x552c27d0
D/NativeCrypto(13364): NativeCrypto_EVP_VerifyInit algorithmChars=RSA-SHA256
D/NativeCrypto(13364): NativeCrypto_EVP_VerifyInit ctx=0x552c32d8
D/NativeCrypto(13364): NativeCrypto_EVP_VerifyInit algorithmChars=RSA-SHA256
D/NativeCrypto(13364): NativeCrypto_EVP_VerifyInit ctx=0x552c28a8
D/NativeCrypto(13364): NativeCrypto_EVP_VerifyInit algorithmChars=RSA-SHA256
D/NativeCrypto(13364): ssl=0x552aeff8 cert_verify_callback => 1
D/NativeCrypto(13364): ssl=0x552aeff8 info_callback where=0x1001 ret=1
D/NativeCrypto(13364): ssl=0x552aeff8 SSL_connect:3RSC_A SSLv3 read server certificate A
D/NativeCrypto(13364): ssl=0x552aeff8 info_callback ignored
D/NativeCrypto(13364): ssl=0x552aeff8 info_callback where=0x1001 ret=1
D/NativeCrypto(13364): ssl=0x552aeff8 SSL_connect:3RSKEA SSLv3 read server key exchange A
D/NativeCrypto(13364): ssl=0x552aeff8 info_callback ignored
D/NativeCrypto(13364): ssl=0x552aeff8 info_callback where=0x1001 ret=1
D/NativeCrypto(13364): ssl=0x552aeff8 SSL_connect:3RSD_A SSLv3 read server done A
D/NativeCrypto(13364): ssl=0x552aeff8 info_callback ignored
D/NativeCrypto(13364): ssl=0x552aeff8 info_callback where=0x1001 ret=1
D/NativeCrypto(13364): ssl=0x552aeff8 SSL_connect:3WCKEA SSLv3 write client key exchange A
D/NativeCrypto(13364): ssl=0x552aeff8 info_callback ignored
D/NativeCrypto(13364): ssl=0x552aeff8 info_callback where=0x1001 ret=1
D/NativeCrypto(13364): ssl=0x552aeff8 SSL_connect:3WCCSA SSLv3 write change cipher spec A
D/NativeCrypto(13364): ssl=0x552aeff8 info_callback ignored
D/NativeCrypto(13364): ssl=0x552aeff8 info_callback where=0x1001 ret=1
D/NativeCrypto(13364): ssl=0x552aeff8 SSL_connect:3WFINA SSLv3 write finished A
D/NativeCrypto(13364): ssl=0x552aeff8 info_callback ignored
D/NativeCrypto(13364): ssl=0x552aeff8 info_callback where=0x1001 ret=1
D/NativeCrypto(13364): ssl=0x552aeff8 SSL_connect:3FLUSH SSLv3 flush data
D/NativeCrypto(13364): ssl=0x552aeff8 info_callback ignored
D/NativeCrypto(13364): ssl=0x552aeff8 info_callback where=0x1002 ret=-1
D/NativeCrypto(13364): ssl=0x552aeff8 SSL_connect:error exit in 3RFINA SSLv3 read finished A
D/NativeCrypto(13364): ssl=0x552aeff8 info_callback ignored
D/NativeCrypto(13364): ssl=0x552aeff8 info_callback where=0x1002 ret=-1
D/NativeCrypto(13364): ssl=0x552aeff8 SSL_connect:error exit in 3RFINA SSLv3 read finished A
D/NativeCrypto(13364): ssl=0x552aeff8 info_callback ignored
D/NativeCrypto(13364): doing handshake -- ret=-1
D/NativeCrypto(13364): ssl=0x552aeff8 NativeCrypto_SSL_do_handshake ret=-1 errno=11 sslError=2 timeout_millis=61000
D/NativeCrypto(13364): sslSelect type=READ fd=53 appData=0x552a5cc0 timeout_millis=61000
D/NativeCrypto(13364): sslSelect READ fd=53 appData=0x552a5cc0 timeout_millis=61000 => 1
D/NativeCrypto(13364): doing handshake ++
D/NativeCrypto(13364): ssl=0x552aeff8 info_callback where=0x1001 ret=1
D/NativeCrypto(13364): ssl=0x552aeff8 SSL_connect:3RFINA SSLv3 read finished A
D/NativeCrypto(13364): ssl=0x552aeff8 info_callback ignored
D/NativeCrypto(13364): ssl=0x552aeff8 info_callback where=0x20 ret=1
D/NativeCrypto(13364): ssl=0x552aeff8 handshake done in SSLOK  SSL negotiation finished successfully
D/NativeCrypto(13364): ssl=0x552aeff8 info_callback calling handshakeCompleted
D/NativeCrypto(13364): ssl=0x552aeff8 info_callback completed
D/NativeCrypto(13364): ssl=0x552aeff8 info_callback where=0x1002 ret=1
D/NativeCrypto(13364): ssl=0x552aeff8 SSL_connect:ok exit in SSLOK  SSL negotiation finished successfully
D/NativeCrypto(13364): ssl=0x552aeff8 info_callback ignored
D/NativeCrypto(13364): doing handshake -- ret=1
D/NativeCrypto(13364): ssl=0x552aeff8 NativeCrypto_SSL_get_certificate => NULL
I/System.out(13364): [CDS]close[33601]
I/System.out(13364): close [socket][/0.0.0.0:33601]
V/FA      (13364): onConfigFetched. Response size: 0
V/FA      (13364): Fetching config failed. code, error: 0, java.io.IOException: Hostname 'app-measurement.com' was not verified
D/ConnectivityService(  355): getActiveNetworkInfo:NetworkInfo: type: WIFI[], state: CONNECTED/CONNECTED, reason: (unspecified), extra: (none), roaming: false, failover: false, isAvailable: true, simId: 0/10031
D/StateMachine(  355): handleMessage: E msg.what=131155
D/StateMachine(  355): processMsg: ConnectedState
D/WifiStateMachine(  355): ConnectedState{ what=131155 when=-4ms arg1=12 target=Handler (com.android.internal.util.StateMachine$SmHandler) {42563ac8} }
D/StateMachine(  355): processMsg: L2ConnectedState
D/WifiStateMachine(  355): L2ConnectedState{ what=131155 when=-4ms arg1=12 target=Handler (com.android.internal.util.StateMachine$SmHandler) {42563ac8} }
D/WifiNative-wlan0(  355): doString: SIGNAL_POLL
D/wpa_supplicant(  488): wpa_s 0x400ef6e8 cmd SIGNAL_POLL
D/wpa_supplicant(  488): nl80211: survey data missing!
D/WifiCommon(  355): [wlan0]SET "SIGNAL_POLL"
I/WifiStateMachine(  355): fetchRssiAndLinkSpeedNative, newRssi=-54
D/StateMachine(  355): handleMessage: X
V/FA      (13364): Upload scheduled in approximately ms: 1809991
V/FA      (13364): Scheduling upload with AlarmManager
V/AlarmManager(  355): setInexactRepeating: type=2 interval=3600000 trigger=108000000 orig=107221958
V/AlarmManager(  355): set: Alarm{43c75e48 type 2 cn.wps.moffice_eng}
V/AlarmManager(  355): Adding alarm Alarm{43c75e48 type 2 cn.wps.moffice_eng} at 2
V/AlarmManager(  355): alarms: 6 type: 2
V/AlarmManager(  355): 0: Jan 02 01:18:59 pm jp.naver.line.android
V/AlarmManager(  355): 1: Jan 02 01:46:24 pm android
V/AlarmManager(  355): 2: Jan 02 02:00:00 pm cn.wps.moffice_eng
V/AlarmManager(  355): 3: Jan 02 02:00:00 pm com.ljq.firebase
V/AlarmManager(  355): 4: Jan 02 02:00:34 pm android
V/AlarmManager(  355): 5: Jan 03 08:30:00 am android
V/FA      (13364): Stopping uploading service(s)
D/NetworkControllerGemini(  440): refreshViews(0), DataConnected=false
D/NetworkControllerGemini(  440): refreshViews(0), set parameters to signal cluster view.
D/NetworkControllerGemini(  440): refreshViews(0), tempPhoneSignalIconId.0 = 2130837726  tempPhoneSignalIconId.1 = 0  tempMobileActivityIconId= 0  tempDataTypeIconId= 0
D/SignalClusterViewGemini(  440): setMobileDataIndicators(0), visible=true, strengthIcon[0] ~ [1] 2130837726 ~ 0
D/SignalClusterViewGemini(  440): setDataConnected(0), dataConnected=false
D/SignalClusterViewGemini(  440): setDataNetType3G(0), dataNetType=null
D/SignalClusterViewGemini(  440): apply, mMobileVisible=true mMobileActivityId=0 mMobileTypeId=0 mMobileStrengthId[0] = 2130837726 mMobileStrengthId[1] = 0
D/SignalClusterViewGemini(  440): isSimInserted(0), SimInserted=false
D/SignalClusterViewGemini(  440): apply, mMobileVisibleGemini=true mMobileActivityIdGemini=0 mMobileTypeIdGemini=0 mMobileStrengthIdGemini[0] = 2130837726 mMobileStrengthIdGemini[1] = 0
