D/SignalClusterViewGemini(  440): isSimInserted(1), SimInserted=false
D/SignalClusterViewGemini(  440): apply, mMobileVisible=true, mWifiVisible=true, mIsAirplaneMode=false
D/SignalClusterViewGemini(  440): isSimInserted(0), SimInserted=false
D/SignalClusterViewGemini(  440): isSimInserted(1), SimInserted=false
D/SignalClusterViewGemini(  440): isSimInserted(1), SimInserted=false
D/SignalClusterViewGemini(  440): isSimInserted(0), SimInserted=false
D/NetworkControllerGemini(  440): refreshViews(1), DataConnected=false
D/SignalClusterViewGemini(  440): setDataConnected(1), dataConnected=false
D/SignalClusterViewGemini(  440): setDataNetType3G(1), dataNetType=null
D/SignalClusterViewGemini(  440): apply, mMobileVisible=true mMobileActivityId=0 mMobileTypeId=0 mMobileStrengthId[0] = 2130837726 mMobileStrengthId[1] = 0
D/SignalClusterViewGemini(  440): isSimInserted(0), SimInserted=false
D/SignalClusterViewGemini(  440): apply, mMobileVisibleGemini=true mMobileActivityIdGemini=0 mMobileTypeIdGemini=0 mMobileStrengthIdGemini[0] = 2130837726 mMobileStrengthIdGemini[1] = 0
D/SignalClusterViewGemini(  440): isSimInserted(1), SimInserted=false
D/SignalClusterViewGemini(  440): apply, mMobileVisible=true, mWifiVisible=true, mIsAirplaneMode=false
D/SignalClusterViewGemini(  440): isSimInserted(0), SimInserted=false
D/SignalClusterViewGemini(  440): isSimInserted(1), SimInserted=false
D/SignalClusterViewGemini(  440): isSimInserted(1), SimInserted=false
D/SignalClusterViewGemini(  440): isSimInserted(0), SimInserted=false
D/SurfaceTexture(  104): [StatusBar] onFrameAvailable
D/SurfaceTexture(  104): [StatusBar] updateTexImage
I/SurfaceFlinger(  104): [SurfaceFlinger] frames:3, duration:1.000000, fps:2.997852
D/SurfaceTexture(  104): [StatusBar] onFrameAvailable
D/SurfaceTexture(  104): [StatusBar] updateTexImage
D/SurfaceTexture(  104): [StatusBar] onFrameAvailable
D/SurfaceTexture(  104): [StatusBar] updateTexImage
D/NetworkControllerGemini(  440): refreshViews(0), DataConnected=false
D/NetworkControllerGemini(  440): refreshViews(0), set parameters to signal cluster view.
D/NetworkControllerGemini(  440): refreshViews(0), tempPhoneSignalIconId.0 = 2130837726  tempPhoneSignalIconId.1 = 0  tempMobileActivityIconId= 0  tempDataTypeIconId= 0
D/SignalClusterViewGemini(  440): setMobileDataIndicators(0), visible=true, strengthIcon[0] ~ [1] 2130837726 ~ 0
D/SignalClusterViewGemini(  440): setDataConnected(0), dataConnected=false
D/SignalClusterViewGemini(  440): setDataNetType3G(0), dataNetType=null
D/SignalClusterViewGemini(  440): apply, mMobileVisible=true mMobileActivityId=0 mMobileTypeId=0 mMobileStrengthId[0] = 2130837726 mMobileStrengthId[1] = 0
D/SignalClusterViewGemini(  440): isSimInserted(0), SimInserted=false
D/SignalClusterViewGemini(  440): apply, mMobileVisibleGemini=true mMobileActivityIdGemini=0 mMobileTypeIdGemini=0 mMobileStrengthIdGemini[0] = 2130837726 mMobileStrengthIdGemini[1] = 0
D/SignalClusterViewGemini(  440): isSimInserted(1), SimInserted=false
D/SignalClusterViewGemini(  440): apply, mMobileVisible=true, mWifiVisible=true, mIsAirplaneMode=false
D/SignalClusterViewGemini(  440): isSimInserted(0), SimInserted=false
D/SignalClusterViewGemini(  440): isSimInserted(1), SimInserted=false
D/SignalClusterViewGemini(  440): isSimInserted(1), SimInserted=false
D/SignalClusterViewGemini(  440): isSimInserted(0), SimInserted=false
D/NetworkControllerGemini(  440): refreshViews(1), DataConnected=false
D/SignalClusterViewGemini(  440): setDataConnected(1), dataConnected=false
D/SignalClusterViewGemini(  440): setDataNetType3G(1), dataNetType=null
D/SignalClusterViewGemini(  440): apply, mMobileVisible=true mMobileActivityId=0 mMobileTypeId=0 mMobileStrengthId[0] = 2130837726 mMobileStrengthId[1] = 0
D/SignalClusterViewGemini(  440): isSimInserted(0), SimInserted=false
D/SignalClusterViewGemini(  440): apply, mMobileVisibleGemini=true mMobileActivityIdGemini=0 mMobileTypeIdGemini=0 mMobileStrengthIdGemini[0] = 2130837726 mMobileStrengthIdGemini[1] = 0
D/SignalClusterViewGemini(  440): isSimInserted(1), SimInserted=false
D/SignalClusterViewGemini(  440): apply, mMobileVisible=true, mWifiVisible=true, mIsAirplaneMode=false
D/SignalClusterViewGemini(  440): isSimInserted(0), SimInserted=false
D/SignalClusterViewGemini(  440): isSimInserted(1), SimInserted=false
D/SignalClusterViewGemini(  440): isSimInserted(1), SimInserted=false
D/SignalClusterViewGemini(  440): isSimInserted(0), SimInserted=false
D/SurfaceTexture(  104): [StatusBar] onFrameAvailable
D/SurfaceTexture(  104): [StatusBar] updateTexImage
D/ADB_SERVICES(  126): adb socket read list (77) (15) (35) 
D/ADB_SERVICES(  126): read_data=136563
D/ADB_SERVICES(  126): max_read_time=0.003393 max_send_time=0.000102 
I/SurfaceFlinger(  104): [SurfaceFlinger] frames:3, duration:1.017000, fps:2.948243
D/ADB_SERVICES(  126): adb local_socket_ready list (77) (15) 
D/SurfaceTexture(  104): [StatusBar] onFrameAvailable
D/SurfaceTexture(  104): [StatusBar] updateTexImage
D/NetworkControllerGemini(  440): refreshViews(0), DataConnected=false
D/NetworkControllerGemini(  440): refreshViews(0), set parameters to signal cluster view.
D/NetworkControllerGemini(  440): refreshViews(0), tempPhoneSignalIconId.0 = 2130837726  tempPhoneSignalIconId.1 = 0  tempMobileActivityIconId= 0  tempDataTypeIconId= 0
D/SignalClusterViewGemini(  440): setMobileDataIndicators(0), visible=true, strengthIcon[0] ~ [1] 2130837726 ~ 0
D/SignalClusterViewGemini(  440): setDataConnected(0), dataConnected=false
D/SignalClusterViewGemini(  440): setDataNetType3G(0), dataNetType=null
D/SignalClusterViewGemini(  440): apply, mMobileVisible=true mMobileActivityId=0 mMobileTypeId=0 mMobileStrengthId[0] = 2130837726 mMobileStrengthId[1] = 0
D/SignalClusterViewGemini(  440): isSimInserted(0), SimInserted=false
D/SignalClusterViewGemini(  440): apply, mMobileVisibleGemini=true mMobileActivityIdGemini=0 mMobileTypeIdGemini=0 mMobileStrengthIdGemini[0] = 2130837726 mMobileStrengthIdGemini[1] = 0
D/SignalClusterViewGemini(  440): isSimInserted(1), SimInserted=false
D/SignalClusterViewGemini(  440): apply, mMobileVisible=true, mWifiVisible=true, mIsAirplaneMode=false
D/SignalClusterViewGemini(  440): isSimInserted(0), SimInserted=false
D/SignalClusterViewGemini(  440): isSimInserted(1), SimInserted=false
D/SignalClusterViewGemini(  440): isSimInserted(1), SimInserted=false
D/SignalClusterViewGemini(  440): isSimInserted(0), SimInserted=false
D/NetworkControllerGemini(  440): refreshViews(1), DataConnected=false
D/SignalClusterViewGemini(  440): setDataConnected(1), dataConnected=false
D/SignalClusterViewGemini(  440): setDataNetType3G(1), dataNetType=null
D/SignalClusterViewGemini(  440): apply, mMobileVisible=true mMobileActivityId=0 mMobileTypeId=0 mMobileStrengthId[0] = 2130837726 mMobileStrengthId[1] = 0
D/SignalClusterViewGemini(  440): isSimInserted(0), SimInserted=false
D/SignalClusterViewGemini(  440): apply, mMobileVisibleGemini=true mMobileActivityIdGemini=0 mMobileTypeIdGemini=0 mMobileStrengthIdGemini[0] = 2130837726 mMobileStrengthIdGemini[1] = 0
D/SignalClusterViewGemini(  440): isSimInserted(1), SimInserted=false
D/SignalClusterViewGemini(  440): apply, mMobileVisible=true, mWifiVisible=true, mIsAirplaneMode=false
D/SignalClusterViewGemini(  440): isSimInserted(0), SimInserted=false
D/SignalClusterViewGemini(  440): isSimInserted(1), SimInserted=false
D/SignalClusterViewGemini(  440): isSimInserted(1), SimInserted=false
D/SignalClusterViewGemini(  440): isSimInserted(0), SimInserted=false
D/SurfaceTexture(  104): [StatusBar] onFrameAvailable
I/SurfaceTextureClient(  440): [0x52e2ce70] frames:9, duration:3.340000, fps:2.694597
D/SurfaceTexture(  104): [StatusBar] updateTexImage
D/SurfaceTexture(  104): [StatusBar] onFrameAvailable
D/SurfaceTexture(  104): [StatusBar] updateTexImage
I/SurfaceFlinger(  104): [SurfaceFlinger] frames:3, duration:1.030000, fps:2.909891
V/Provider/Setting(  355): from settings cache , name = read_external_storage_enforced_default value = null
D/Zygote  (  105): SelectLoop : runOnce
D/Zygote  (  105): read arg list
D/Zygote  (  105): prepare new stderr
D/Zygote  (  105): parse args
D/Zygote  (  105): before fork
D/dalvikvm(  105): threadid=2: exiting
D/dalvikvm(  105): threadid=2: bye!
D/dalvikvm(  105): threadid=3: exiting
D/dalvikvm(  105): threadid=3: bye!
D/dalvikvm(  105): threadid=4: exiting
D/dalvikvm(  105): threadid=4: bye!
D/dalvikvm(  105): pre gc
D/dalvikvm(  105): Zygote::ForkAndSpecialize +
D/dalvikvm(  105): Zygote::ForkAndSpecialize : 13437
D/dalvikvm(  105): create interp thread : stack size=32KB
D/dalvikvm(  105): create new thread
D/dalvikvm(  105): new thread created
D/dalvikvm(  105): update thread list
D/dalvikvm(  105): threadid=2: interp stack at 0x4ee9c000
D/dalvikvm(  105): threadid=2: created from interp
D/dalvikvm(  105): start new thread
D/dalvikvm(  105): create interp thread : stack size=32KB
D/dalvikvm(  105): create new thread
D/dalvikvm(  105): threadid=2: notify debugger
D/dalvikvm(  105): new thread created
D/dalvikvm(  105): threadid=2 (ReferenceQueueDaemon): calling run()
D/dalvikvm(13437): Zygote::ForkAndSpecialize : 0
D/dalvikvm(  105): update thread list
D/dalvikvm(13437): zygote get new systemTid : 13437
D/dalvikvm(13437): threadid=2: interp stack at 0x4ef9c000
D/dalvikvm(13437): threadid=3: interp stack at 0x4f0a4000
D/jdwp    (13437): prepping for JDWP over ADB
D/jdwp    (13437): ADB transport startup
D/dalvikvm(13437): Elevating priority from 0 to -8
D/dalvikvm(13437): threadid=4: interp stack at 0x4f1ac000
D/jdwp    (13437): JDWP: thread running
D/jdwp    (13437): acceptConnection
D/jdwp    (13437): trying to receive file descriptor from ADB
D/dalvikvm(13437): threadid=5: interp stack at 0x514bc000
D/dalvikvm(13437): zygote get thread init done
D/ADB_SERVICES(  126): Adding socket 32 pid 13437 to jdwp process list
D/dalvikvm(13437): create interp thread : stack size=32KB
D/dalvikvm(13437): create new thread
D/dalvikvm(13437): new thread created
D/dalvikvm(13437): update thread list
D/dalvikvm(13437): threadid=6: interp stack at 0x514c4000
D/dalvikvm(  105): threadid=3: interp stack at 0x4efa4000
D/dalvikvm(13437): threadid=6: created from interp
D/dalvikvm(  105): threadid=3: created from interp
D/dalvikvm(13437): start new thread
D/dalvikvm(  105): start new thread
D/dalvikvm(  105): create interp thread : stack size=32KB
D/dalvikvm(  105): create new thread
D/dalvikvm(  105): new thread created
D/dalvikvm(  105): update thread list
D/dalvikvm(  105): threadid=3: notify debugger
D/dalvikvm(  105): threadid=3 (FinalizerDaemon): calling run()
D/dalvikvm(13437): create interp thread : stack size=32KB
D/dalvikvm(13437): create new thread
D/dalvikvm(13437): new thread created
D/dalvikvm(13437): update thread list
D/dalvikvm(13437): threadid=6: notify debugger
D/dalvikvm(13437): threadid=6 (ReferenceQueueDaemon): calling run()
D/dalvikvm(13437): threadid=7: interp stack at 0x515cc000
D/dalvikvm(13437): threadid=7: created from interp
D/dalvikvm(13437): start new thread
D/dalvikvm(13437): create interp thread : stack size=32KB
W/ADB_SERVICES(  126): create_local_service_socket() name=jdwp:13437
W/ADB_SERVICES(  126): looking for pid 13437 in JDWP process list return fds0(35) fds1(78)
D/dalvikvm(13437): create new thread
D/ADB_SERVICES(  126): Calling send_ready local=477, remote=258
D/dalvikvm(13437): new thread created
W/ADB_SERVICES(  126): trying to write to JDWP socket=32 pid=13437 count=1 out_fds=78
D/dalvikvm(13437): update thread list
D/dalvikvm(13437): threadid=7: notify debugger
D/jdwp    (13437): received file descriptor 35 from ADB
D/dalvikvm(13437): threadid=7 (FinalizerDaemon): calling run()
D/dalvikvm(13437): threadid=8: interp stack at 0x516d4000
D/dalvikvm(13437): threadid=8: created from interp
D/dalvikvm(13437): start new thread
D/Zygote  (13437): fork pid : 0
D/ADB_SERVICES(  126): Calling send_ready local=477, remote=258
D/jdwp    (13437): processIncoming
D/dalvikvm(  105): threadid=4: interp stack at 0x4f0ac000
D/ADB_SERVICES(  126): Calling send_ready local=477, remote=258
D/dalvikvm(  105): threadid=4: created from interp
D/dalvikvm(  105): start new thread
D/Zygote  (  105): fork pid : 13437
D/dalvikvm(  105): threadid=4: notify debugger
I/ActivityManager(  355): Start proc cn.wps.moffice_eng for service cn.wps.moffice_eng/cn.wps.moffice.common.qing.roaming.PollingService: pid=13437 uid=10031 gids={3003, 1015, 1028, 1006, 1013}
D/dalvikvm(  105): threadid=4 (FinalizerWatchdogDaemon): calling run()
D/jdwp    (13437): processIncoming
D/jdwp    (13437): handlePacket : cmd=0x1, cmdSet=0xC7, len=0x13, id=0x40000262, flags=0x0, dataLen=0x8
D/ADB_SERVICES(  126): Calling send_ready local=477, remote=258
D/dalvikvm(13437): threadid=8: notify debugger
D/dalvikvm(13437): threadid=8 (FinalizerWatchdogDaemon): calling run()
D/jdwp    (13437): processIncoming
D/jdwp    (13437): handlePacket : cmd=0x1, cmdSet=0xC7, len=0x17, id=0x40000263, flags=0x0, dataLen=0xC
D/ADB_SERVICES(  126): Calling send_ready local=477, remote=258
D/jdwp    (13437): processIncoming
D/jdwp    (13437): handlePacket : cmd=0x1, cmdSet=0xC7, len=0x13, id=0x40000264, flags=0x0, dataLen=0x8
D/jdwp    (13437): processIncoming
D/jdwp    (13437): handlePacket : cmd=0x1, cmdSet=0xC7, len=0x13, id=0x40000265, flags=0x0, dataLen=0x8
D/jdwp    (13437): processIncoming
D/jdwp    (13437): handlePacket : cmd=0x1, cmdSet=0xC7, len=0x14, id=0x40000266, flags=0x0, dataLen=0x9
D/dalvikvm(13437): threadid=9: interp stack at 0x51ada000
D/jdwp    (13437): sendBufferedRequest : len=0x39
D/SurfaceTexture(  104): [StatusBar] onFrameAvailable
D/dalvikvm(13437): threadid=10: interp stack at 0x51be2000
V/ActivityManager(  355): Binding process pid 13437 to record ProcessRecord{439664f0 13437:cn.wps.moffice_eng/u0a31}
V/ActivityManager(  355): New death recipient com.android.server.am.ActivityManagerService$AppDeathRecipient@43e14cd8 for thread android.os.BinderProxy@4325f658
V/ActivityManager(  355): New app record ProcessRecord{439664f0 13437:cn.wps.moffice_eng/u0a31} thread=android.os.BinderProxy@4325f658 pid=13437
E/Trace   (13437): error opening trace file: No such file or directory (2)
D/jdwp    (13437): sendBufferedRequest : len=0x3B
D/SurfaceTexture(  104): [StatusBar] updateTexImage
D/StateMachine(  355): handleMessage: E msg.what=131155
D/StateMachine(  355): processMsg: ConnectedState
D/WifiStateMachine(  355): ConnectedState{ what=131155 when=-4ms arg1=12 target=Handler (com.android.internal.util.StateMachine$SmHandler) {42563ac8} }
D/StateMachine(  355): processMsg: L2ConnectedState
D/WifiStateMachine(  355): L2ConnectedState{ what=131155 when=-5ms arg1=12 target=Handler (com.android.internal.util.StateMachine$SmHandler) {42563ac8} }
D/WifiNative-wlan0(  355): doString: SIGNAL_POLL
D/wpa_supplicant(  488): wpa_s 0x400ef6e8 cmd SIGNAL_POLL
D/wpa_supplicant(  488): nl80211: survey data missing!
D/WifiCommon(  355): [wlan0]SET "SIGNAL_POLL"
I/WifiStateMachine(  355): fetchRssiAndLinkSpeedNative, newRssi=-54
D/StateMachine(  355): handleMessage: X
D/NetworkControllerGemini(  440): refreshViews(0), DataConnected=false
D/NetworkControllerGemini(  440): refreshViews(0), set parameters to signal cluster view.
D/NetworkControllerGemini(  440): refreshViews(0), tempPhoneSignalIconId.0 = 2130837726  tempPhoneSignalIconId.1 = 0  tempMobileActivityIconId= 0  tempDataTypeIconId= 0
D/SignalClusterViewGemini(  440): setMobileDataIndicators(0), visible=true, strengthIcon[0] ~ [1] 2130837726 ~ 0
D/SignalClusterViewGemini(  440): setDataConnected(0), dataConnected=false
D/SignalClusterViewGemini(  440): setDataNetType3G(0), dataNetType=null
D/SignalClusterViewGemini(  440): apply, mMobileVisible=true mMobileActivityId=0 mMobileTypeId=0 mMobileStrengthId[0] = 2130837726 mMobileStrengthId[1] = 0
D/SignalClusterViewGemini(  440): isSimInserted(0), SimInserted=false
D/SignalClusterViewGemini(  440): apply, mMobileVisibleGemini=true mMobileActivityIdGemini=0 mMobileTypeIdGemini=0 mMobileStrengthIdGemini[0] = 2130837726 mMobileStrengthIdGemini[1] = 0
D/dalvikvm(13437): GC_CONCURRENT freed 413K, 6% free 9221K/9719K, paused 2ms+2ms, total 25ms
D/dalvikvm(13437): WAIT_FOR_CONCURRENT_GC blocked 16ms
D/SignalClusterViewGemini(  440): isSimInserted(1), SimInserted=false
D/SignalClusterViewGemini(  440): apply, mMobileVisible=true, mWifiVisible=true, mIsAirplaneMode=false
D/SignalClusterViewGemini(  440): isSimInserted(0), SimInserted=false
D/SignalClusterViewGemini(  440): isSimInserted(1), SimInserted=false
D/SignalClusterViewGemini(  440): isSimInserted(1), SimInserted=false
D/SignalClusterViewGemini(  440): isSimInserted(0), SimInserted=false
D/NetworkControllerGemini(  440): refreshViews(1), DataConnected=false
D/SignalClusterViewGemini(  440): setDataConnected(1), dataConnected=false
D/SignalClusterViewGemini(  440): setDataNetType3G(1), dataNetType=null
D/SignalClusterViewGemini(  440): apply, mMobileVisible=true mMobileActivityId=0 mMobileTypeId=0 mMobileStrengthId[0] = 2130837726 mMobileStrengthId[1] = 0
D/SignalClusterViewGemini(  440): isSimInserted(0), SimInserted=false
D/SignalClusterViewGemini(  440): apply, mMobileVisibleGemini=true mMobileActivityIdGemini=0 mMobileTypeIdGemini=0 mMobileStrengthIdGemini[0] = 2130837726 mMobileStrengthIdGemini[1] = 0
D/SignalClusterViewGemini(  440): isSimInserted(1), SimInserted=false
D/SignalClusterViewGemini(  440): apply, mMobileVisible=true, mWifiVisible=true, mIsAirplaneMode=false
D/SignalClusterViewGemini(  440): isSimInserted(0), SimInserted=false
D/SignalClusterViewGemini(  440): isSimInserted(1), SimInserted=false
D/SignalClusterViewGemini(  440): isSimInserted(1), SimInserted=false
D/SignalClusterViewGemini(  440): isSimInserted(0), SimInserted=false
D/SurfaceTexture(  104): [StatusBar] onFrameAvailable
D/SurfaceTexture(  104): [StatusBar] updateTexImage
D/SurfaceTexture(  104): [StatusBar] onFrameAvailable
D/SurfaceTexture(  104): [StatusBar] updateTexImage
I/SurfaceFlinger(  104): [SurfaceFlinger] frames:3, duration:1.000000, fps:2.999255
D/dalvikvm(13437): open_cached_dex_file : /data/app/cn.wps.moffice_eng-1.apk /data/dalvik-cache/data@app@cn.wps.moffice_eng-1.apk@classes.dex
D/dalvikvm(13437): create interp thread : stack size=32KB
D/dalvikvm(13437): create new thread
D/dalvikvm(13437): new thread created
D/dalvikvm(13437): update thread list
D/dalvikvm(13437): threadid=11: interp stack at 0x5397b000
D/dalvikvm(13437): threadid=11: created from interp
D/dalvikvm(13437): start new thread
D/dalvikvm(13437): threadid=11: notify debugger
D/dalvikvm(13437): threadid=11 (SharedPreferencesImpl-load): calling run()
D/dalvikvm(13437): threadid=11: exiting
D/dalvikvm(13437): threadid=11: bye!
I/dalvikvm(13437): Could not find method android.accounts.AccountManager.removeAccountExplicitly, referenced from method cn.wps.moffice.main.PreProcessActivity.f
W/dalvikvm(13437): VFY: unable to resolve virtual method 874: Landroid/accounts/AccountManager;.removeAccountExplicitly (Landroid/accounts/Account;)Z
D/dalvikvm(13437): VFY: replacing opcode 0x6e at 0x0063
I/dalvikvm(13437): Could not find method cn.wps.moffice.main.PreProcessActivity.isDestroyed, referenced from method cn.wps.moffice.main.PreProcessActivity.onStop
W/dalvikvm(13437): VFY: unable to resolve virtual method 11992: Lcn/wps/moffice/main/PreProcessActivity;.isDestroyed ()Z
D/dalvikvm(13437): VFY: replacing opcode 0x6e at 0x003f
D/dalvikvm(13437): open_cached_dex_file : /data/data/cn.wps.moffice_eng/code_cache/classes2.dex.zip /data/data/cn.wps.moffice_eng/opt_code_cache/classes2.dex.dex
D/dalvikvm(13437): open_cached_dex_file : /data/data/cn.wps.moffice_eng/code_cache/classes3.dex.zip /data/data/cn.wps.moffice_eng/opt_code_cache/classes3.dex.dex
W/dalvikvm(13437): VFY: unable to find class referenced in signature (Landroid/os/PersistableBundle;)
I/dalvikvm(13437): Could not find method android.app.Instrumentation.callActivityOnCreate, referenced from method maw.callActivityOnCreate
W/dalvikvm(13437): VFY: unable to resolve virtual method 1079: Landroid/app/Instrumentation;.callActivityOnCreate (Landroid/app/Activity;Landroid/os/Bundle;Landroid/os/PersistableBundle;)V
D/dalvikvm(13437): VFY: replacing opcode 0x6e at 0x0002
W/dalvikvm(13437): VFY: unable to find class referenced in signature (Landroid/os/PersistableBundle;)
I/dalvikvm(13437): Could not find method android.app.Instrumentation.callActivityOnPostCreate, referenced from method maw.callActivityOnPostCreate
W/dalvikvm(13437): VFY: unable to resolve virtual method 1084: Landroid/app/Instrumentation;.callActivityOnPostCreate (Landroid/app/Activity;Landroid/os/Bundle;Landroid/os/PersistableBundle;)V
D/dalvikvm(13437): VFY: replacing opcode 0x6e at 0x0002
W/dalvikvm(13437): VFY: unable to find class referenced in signature (Landroid/os/PersistableBundle;)
I/dalvikvm(13437): Could not find method android.app.Instrumentation.callActivityOnRestoreInstanceState, referenced from method maw.callActivityOnRestoreInstanceState
W/dalvikvm(13437): VFY: unable to resolve virtual method 1087: Landroid/app/Instrumentation;.callActivityOnRestoreInstanceState (Landroid/app/Activity;Landroid/os/Bundle;Landroid/os/PersistableBundle;)V
D/dalvikvm(13437): VFY: replacing opcode 0x6e at 0x0002
W/dalvikvm(13437): VFY: unable to find class referenced in signature (Landroid/os/PersistableBundle;)
I/dalvikvm(13437): Could not find method android.app.Instrumentation.callActivityOnSaveInstanceState, referenced from method maw.callActivityOnSaveInstanceState
W/dalvikvm(13437): VFY: unable to resolve virtual method 1090: Landroid/app/Instrumentation;.callActivityOnSaveInstanceState (Landroid/app/Activity;Landroid/os/Bundle;Landroid/os/PersistableBundle;)V
D/dalvikvm(13437): VFY: replacing opcode 0x6e at 0x0002
I/dalvikvm(13437): Could not find method android.app.Instrumentation.getUiAutomation, referenced from method maw.getUiAutomation
W/dalvikvm(13437): VFY: unable to resolve virtual method 1103: Landroid/app/Instrumentation;.getUiAutomation ()Landroid/app/UiAutomation;
D/dalvikvm(13437): VFY: replacing opcode 0x6e at 0x0002
I/ActivityThread(13437): Pub cn.wps.moffice_eng.mobileadsinitprovider: com.google.android.gms.ads.MobileAdsInitProvider
E/dalvikvm(13437): Could not find class 'android.app.AppOpsManager', referenced from method com.google.android.gms.common.wrappers.PackageManagerWrapper.au
W/dalvikvm(13437): VFY: unable to resolve check-cast 21 (Landroid/app/AppOpsManager;) in Lcom/google/android/gms/common/wrappers/PackageManagerWrapper;
D/dalvikvm(13437): VFY: replacing opcode 0x1f at 0x0010
I/dalvikvm(13437): Could not find method android.content.pm.PackageManager.isInstantApp, referenced from method com.google.android.gms.common.wrappers.PackageManagerWrapper.gnI
W/dalvikvm(13437): VFY: unable to resolve virtual method 309: Landroid/content/pm/PackageManager;.isInstantApp (Ljava/lang/String;)Z
D/dalvikvm(13437): VFY: replacing opcode 0x6e at 0x002d
D/dalvikvm(13437): create interp thread : stack size=32KB
D/dalvikvm(13437): create new thread
D/dalvikvm(13437): new thread created
D/dalvikvm(13437): update thread list
D/dalvikvm(13437): threadid=11: interp stack at 0x54479000
D/dalvikvm(13437): threadid=11: created from interp
D/dalvikvm(13437): start new thread
I/ActivityThread(13437): Pub cn.wps.moffice_eng.fileprovider: cn.wps.moffice.provider.MofficeFileProvider
D/dalvikvm(13437): threadid=11: notify debugger
D/dalvikvm(13437): threadid=11 (Thread-430): calling run()
I/ActivityThread(13437): Pub cn.wps.moffice_eng.ksostat: cn.wps.moffice.dw.core.KStatProvider
I/ActivityThread(13437): Pub cn.wps.moffice_eng.sync.provider: cn.wps.moffice.sync.StubProvider
I/ActivityThread(13437): Pub cn.wps.moffice_eng.preferences: cn.wps.moffice.persistence.AppDataProvider
I/ActivityThread(13437): Pub cn.wps.moffice_eng.provider: cn.wps.moffice.provider.MofficeProvider
E/dalvikvm(13437): Could not find class 'android.os.UserManager', referenced from method com.google.android.gms.common.GooglePlayServicesUtilLight.isRestrictedUserProfile
W/dalvikvm(13437): VFY: unable to resolve check-cast 214 (Landroid/os/UserManager;) in Lcom/google/android/gms/common/GooglePlayServicesUtilLight;
D/dalvikvm(13437): VFY: replacing opcode 0x1f at 0x000c
I/dalvikvm(13437): Could not find method android.content.pm.PackageManager.getPackageInstaller, referenced from method com.google.android.gms.common.GooglePlayServicesUtilLight.isUninstalledAppPossiblyUpdating
W/dalvikvm(13437): VFY: unable to resolve virtual method 302: Landroid/content/pm/PackageManager;.getPackageInstaller ()Landroid/content/pm/PackageInstaller;
D/dalvikvm(13437): VFY: replacing opcode 0x6e at 0x0012
D/dalvikvm(13437): create interp thread : stack size=32KB
D/dalvikvm(13437): create new thread
D/dalvikvm(13437): new thread created
D/dalvikvm(13437): update thread list
D/dalvikvm(13437): threadid=12: interp stack at 0x54581000
D/dalvikvm(13437): threadid=12: created from interp
D/dalvikvm(13437): start new thread
D/dalvikvm(13437): threadid=12: notify debugger
D/dalvikvm(13437): threadid=12 (SharedPreferencesImpl-load): calling run()
D/dalvikvm(13437): threadid=12: exiting
D/dalvikvm(13437): threadid=12: bye!
D/dalvikvm(13437): GC_CONCURRENT freed 606K, 7% free 10138K/10871K, paused 12ms+2ms, total 44ms
D/dalvikvm(13437): WAIT_FOR_CONCURRENT_GC blocked 16ms
D/dalvikvm(13437): WAIT_FOR_CONCURRENT_GC blocked 16ms
W/System.err(13437): java.lang.ClassNotFoundException: java.lang.Object
W/System.err(13437): 	at dalvik.system.BaseDexClassLoader.findClass(BaseDexClassLoader.java:61)
W/System.err(13437): 	at idi.loadClass(Unknown Source)
W/System.err(13437): 	at java.lang.ClassLoader.loadClass(ClassLoader.java:461)
W/System.err(13437): 	at dalvik.system.DexFile.defineClass(Native Method)
W/System.err(13437): 	at dalvik.system.DexFile.loadClassBinaryName(DexFile.java:211)
W/System.err(13437): 	at dalvik.system.DexPathList.findClass(DexPathList.java:315)
W/System.err(13437): 	at dalvik.system.BaseDexClassLoader.findClass(BaseDexClassLoader.java:58)
W/System.err(13437): 	at idi.findClass(Unknown Source)
W/System.err(13437): 	at idi.CR(Unknown Source)
W/System.err(13437): 	at idi.CS(Unknown Source)
W/System.err(13437): 	at idi.CS(Unknown Source)
W/System.err(13437): 	at idg.findClass(Unknown Source)
W/System.err(13437): 	at idg.loadClass(Unknown Source)
W/System.err(13437): 	at java.lang.ClassLoader.loadClass(ClassLoader.java:495)
W/System.err(13437): 	at java.lang.ClassLoader.loadClass(ClassLoader.java:461)
W/System.err(13437): 	at cn.wps.moffice.OfficeApp.onCreate(Unknown Source)
W/System.err(13437): 	at android.app.Instrumentation.callApplicationOnCreate(Instrumentation.java:999)
W/System.err(13437): 	at maw.callApplicationOnCreate(Unknown Source)
W/System.err(13437): 	at android.app.ActivityThread.handleBindApplication(ActivityThread.java:4318)
W/System.err(13437): 	at android.app.ActivityThread.access$1300(ActivityThread.java:149)
W/System.err(13437): 	at android.app.ActivityThread$H.handleMessage(ActivityThread.java:1360)
W/System.err(13437): 	at android.os.Handler.dispatchMessage(Handler.java:99)
W/System.err(13437): 	at android.os.Looper.loop(Looper.java:153)
W/System.err(13437): 	at android.app.ActivityThread.main(ActivityThread.java:5086)
W/System.err(13437): 	at java.lang.reflect.Method.invokeNative(Native Method)
W/System.err(13437): 	at java.lang.reflect.Method.invoke(Method.java:511)
W/System.err(13437): 	at com.android.internal.os.ZygoteInit$MethodAndArgsCaller.run(ZygoteInit.java:821)
W/System.err(13437): 	at com.android.internal.os.ZygoteInit.main(ZygoteInit.java:584)
W/System.err(13437): 	at dalvik.system.NativeStart.main(Native Method)
W/System.err(13437): java.lang.ClassNotFoundException: bvy
W/System.err(13437): 	at dalvik.system.BaseDexClassLoader.findClass(BaseDexClassLoader.java:61)
W/System.err(13437): 	at idi.loadClass(Unknown Source)
W/System.err(13437): 	at java.lang.ClassLoader.loadClass(ClassLoader.java:461)
W/System.err(13437): 	at dalvik.system.DexFile.defineClass(Native Method)
W/System.err(13437): 	at dalvik.system.DexFile.loadClassBinaryName(DexFile.java:211)
W/System.err(13437): 	at dalvik.system.DexPathList.findClass(DexPathList.java:315)
W/System.err(13437): 	at dalvik.system.BaseDexClassLoader.findClass(BaseDexClassLoader.java:58)
W/System.err(13437): 	at idi.findClass(Unknown Source)
W/System.err(13437): 	at idi.CR(Unknown Source)
W/System.err(13437): 	at idi.CS(Unknown Source)
W/System.err(13437): 	at idi.CS(Unknown Source)
W/System.err(13437): 	at idg.findClass(Unknown Source)
W/System.err(13437): 	at idg.loadClass(Unknown Source)
W/System.err(13437): 	at java.lang.ClassLoader.loadClass(ClassLoader.java:495)
W/System.err(13437): 	at java.lang.ClassLoader.loadClass(ClassLoader.java:461)
W/System.err(13437): 	at cn.wps.moffice.OfficeApp.onCreate(Unknown Source)
W/System.err(13437): 	at android.app.Instrumentation.callApplicationOnCreate(Instrumentation.java:999)
W/System.err(13437): 	at maw.callApplicationOnCreate(Unknown Source)
W/System.err(13437): 	at android.app.ActivityThread.handleBindApplication(ActivityThread.java:4318)
W/System.err(13437): 	at android.app.ActivityThread.access$1300(ActivityThread.java:149)
W/System.err(13437): 	at android.app.ActivityThread$H.handleMessage(ActivityThread.java:1360)
W/System.err(13437): 	at android.os.Handler.dispatchMessage(Handler.java:99)
W/System.err(13437): 	at android.os.Looper.loop(Looper.java:153)
W/System.err(13437): 	at android.app.ActivityThread.main(ActivityThread.java:5086)
W/System.err(13437): 	at java.lang.reflect.Method.invokeNative(Native Method)
W/System.err(13437): 	at java.lang.reflect.Method.invoke(Method.java:511)
W/System.err(13437): 	at com.android.internal.os.ZygoteInit$MethodAndArgsCaller.run(ZygoteInit.java:821)
W/System.err(13437): 	at com.android.internal.os.ZygoteInit.main(ZygoteInit.java:584)
W/System.err(13437): 	at dalvik.system.NativeStart.main(Native Method)
W/System.err(13437): java.lang.ClassNotFoundException: java.lang.String
W/System.err(13437): 	at dalvik.system.BaseDexClassLoader.findClass(BaseDexClassLoader.java:61)
W/System.err(13437): 	at idi.loadClass(Unknown Source)
W/System.err(13437): 	at java.lang.ClassLoader.loadClass(ClassLoader.java:461)
W/System.err(13437): 	at cn.wps.moffice.OfficeAppSdkInit.init(Unknown Source)
W/System.err(13437): 	at cn.wps.moffice.OfficeApp.onCreate(Unknown Source)
W/System.err(13437): 	at android.app.Instrumentation.callApplicationOnCreate(Instrumentation.java:999)
W/System.err(13437): 	at maw.callApplicationOnCreate(Unknown Source)
W/System.err(13437): 	at android.app.ActivityThread.handleBindApplication(ActivityThread.java:4318)
W/System.err(13437): 	at android.app.ActivityThread.access$1300(ActivityThread.java:149)
W/System.err(13437): 	at android.app.ActivityThread$H.handleMessage(ActivityThread.java:1360)
W/System.err(13437): 	at android.os.Handler.dispatchMessage(Handler.java:99)
W/System.err(13437): 	at android.os.Looper.loop(Looper.java:153)
W/System.err(13437): 	at android.app.ActivityThread.main(ActivityThread.java:5086)
W/System.err(13437): 	at java.lang.reflect.Method.invokeNative(Native Method)
W/System.err(13437): 	at java.lang.reflect.Method.invoke(Method.java:511)
W/System.err(13437): 	at com.android.internal.os.ZygoteInit$MethodAndArgsCaller.run(ZygoteInit.java:821)
W/System.err(13437): 	at com.android.internal.os.ZygoteInit.main(ZygoteInit.java:584)
W/System.err(13437): 	at dalvik.system.NativeStart.main(Native Method)
W/System.err(13437): java.lang.ClassNotFoundException: android.util.LruCache
W/System.err(13437): 	at dalvik.system.BaseDexClassLoader.findClass(BaseDexClassLoader.java:61)
W/System.err(13437): 	at idi.loadClass(Unknown Source)
W/System.err(13437): 	at java.lang.ClassLoader.loadClass(ClassLoader.java:461)
W/System.err(13437): 	at cn.wps.moffice.OfficeAppSdkInit.init(Unknown Source)
W/System.err(13437): 	at cn.wps.moffice.OfficeApp.onCreate(Unknown Source)
W/System.err(13437): 	at android.app.Instrumentation.callApplicationOnCreate(Instrumentation.java:999)
W/System.err(13437): 	at maw.callApplicationOnCreate(Unknown Source)
W/System.err(13437): 	at android.app.ActivityThread.handleBindApplication(ActivityThread.java:4318)
W/System.err(13437): 	at android.app.ActivityThread.access$1300(ActivityThread.java:149)
W/System.err(13437): 	at android.app.ActivityThread$H.handleMessage(ActivityThread.java:1360)
W/System.err(13437): 	at android.os.Handler.dispatchMessage(Handler.java:99)
W/System.err(13437): 	at android.os.Looper.loop(Looper.java:153)
W/System.err(13437): 	at android.app.ActivityThread.main(ActivityThread.java:5086)
W/System.err(13437): 	at java.lang.reflect.Method.invokeNative(Native Method)
W/System.err(13437): 	at java.lang.reflect.Method.invoke(Method.java:511)
W/System.err(13437): 	at com.android.internal.os.ZygoteInit$MethodAndArgsCaller.run(ZygoteInit.java:821)
W/System.err(13437): 	at com.android.internal.os.ZygoteInit.main(ZygoteInit.java:584)
W/System.err(13437): 	at dalvik.system.NativeStart.main(Native Method)
W/System.err(13437): java.lang.ClassNotFoundException: java.util.HashMap
W/System.err(13437): 	at dalvik.system.BaseDexClassLoader.findClass(BaseDexClassLoader.java:61)
W/System.err(13437): 	at idi.loadClass(Unknown Source)
W/System.err(13437): 	at java.lang.ClassLoader.loadClass(ClassLoader.java:461)
W/System.err(13437): 	at cn.wps.moffice.OfficeAppSdkInit.init(Unknown Source)
W/System.err(13437): 	at cn.wps.moffice.OfficeApp.onCreate(Unknown Source)
W/System.err(13437): 	at android.app.Instrumentation.callApplicationOnCreate(Instrumentation.java:999)
W/System.err(13437): 	at maw.callApplicationOnCreate(Unknown Source)
W/System.err(13437): 	at android.app.ActivityThread.handleBindApplication(ActivityThread.java:4318)
W/System.err(13437): 	at android.app.ActivityThread.access$1300(ActivityThread.java:149)
W/System.err(13437): 	at android.app.ActivityThread$H.handleMessage(ActivityThread.java:1360)
W/System.err(13437): 	at android.os.Handler.dispatchMessage(Handler.java:99)
W/System.err(13437): 	at android.os.Looper.loop(Looper.java:153)
W/System.err(13437): 	at android.app.ActivityThread.main(ActivityThread.java:5086)
W/System.err(13437): 	at java.lang.reflect.Method.invokeNative(Native Method)
W/System.err(13437): 	at java.lang.reflect.Method.invoke(Method.java:511)
W/System.err(13437): 	at com.android.internal.os.ZygoteInit$MethodAndArgsCaller.run(ZygoteInit.java:821)
W/System.err(13437): 	at com.android.internal.os.ZygoteInit.main(ZygoteInit.java:584)
W/System.err(13437): 	at dalvik.system.NativeStart.main(Native Method)
W/System.err(13437): java.lang.ClassNotFoundException: java.util.Map
W/System.err(13437): 	at dalvik.system.BaseDexClassLoader.findClass(BaseDexClassLoader.java:61)
W/System.err(13437): 	at idi.loadClass(Unknown Source)
W/System.err(13437): 	at java.lang.ClassLoader.loadClass(ClassLoader.java:461)
W/System.err(13437): 	at cn.wps.moffice.OfficeAppSdkInit.init(Unknown Source)
W/System.err(13437): 	at cn.wps.moffice.OfficeApp.onCreate(Unknown Source)
W/System.err(13437): 	at android.app.Instrumentation.callApplicationOnCreate(Instrumentation.java:999)
W/System.err(13437): 	at maw.callApplicationOnCreate(Unknown Source)
W/System.err(13437): 	at android.app.ActivityThread.handleBindApplication(ActivityThread.java:4318)
W/System.err(13437): 	at android.app.ActivityThread.access$1300(ActivityThread.java:149)
W/System.err(13437): 	at android.app.ActivityThread$H.handleMessage(ActivityThread.java:1360)
W/System.err(13437): 	at android.os.Handler.dispatchMessage(Handler.java:99)
W/System.err(13437): 	at android.os.Looper.loop(Looper.java:153)
W/System.err(13437): 	at android.app.ActivityThread.main(ActivityThread.java:5086)
W/System.err(13437): 	at java.lang.reflect.Method.invokeNative(Native Method)
W/System.err(13437): 	at java.lang.reflect.Method.invoke(Method.java:511)
W/System.err(13437): 	at com.android.internal.os.ZygoteInit$MethodAndArgsCaller.run(ZygoteInit.java:821)
W/System.err(13437): 	at com.android.internal.os.ZygoteInit.main(ZygoteInit.java:584)
W/System.err(13437): 	at dalvik.system.NativeStart.main(Native Method)
W/System.err(13437): java.lang.ClassNotFoundException: android.graphics.Bitmap$Config
W/System.err(13437): 	at dalvik.system.BaseDexClassLoader.findClass(BaseDexClassLoader.java:61)
W/System.err(13437): 	at idi.loadClass(Unknown Source)
W/System.err(13437): 	at java.lang.ClassLoader.loadClass(ClassLoader.java:461)
W/System.err(13437): 	at cn.wps.moffice.OfficeAppSdkInit.init(Unknown Source)
W/System.err(13437): 	at cn.wps.moffice.OfficeApp.onCreate(Unknown Source)
W/System.err(13437): 	at android.app.Instrumentation.callApplicationOnCreate(Instrumentation.java:999)
W/System.err(13437): 	at maw.callApplicationOnCreate(Unknown Source)
W/System.err(13437): 	at android.app.ActivityThread.handleBindApplication(ActivityThread.java:4318)
W/System.err(13437): 	at android.app.ActivityThread.access$1300(ActivityThread.java:149)
W/System.err(13437): 	at android.app.ActivityThread$H.handleMessage(ActivityThread.java:1360)
W/System.err(13437): 	at android.os.Handler.dispatchMessage(Handler.java:99)
W/System.err(13437): 	at android.os.Looper.loop(Looper.java:153)
W/System.err(13437): 	at android.app.ActivityThread.main(ActivityThread.java:5086)
W/System.err(13437): 	at java.lang.reflect.Method.invokeNative(Native Method)
W/System.err(13437): 	at java.lang.reflect.Method.invoke(Method.java:511)
W/System.err(13437): 	at com.android.internal.os.ZygoteInit$MethodAndArgsCaller.run(ZygoteInit.java:821)
W/System.err(13437): 	at com.android.internal.os.ZygoteInit.main(ZygoteInit.java:584)
W/System.err(13437): 	at dalvik.system.NativeStart.main(Native Method)
W/System.err(13437): java.lang.ClassNotFoundException: bvv
W/System.err(13437): 	at dalvik.system.BaseDexClassLoader.findClass(BaseDexClassLoader.java:61)
W/System.err(13437): 	at idi.loadClass(Unknown Source)
W/System.err(13437): 	at java.lang.ClassLoader.loadClass(ClassLoader.java:461)
W/System.err(13437): 	at cn.wps.moffice.OfficeAppSdkInit.init(Unknown Source)
W/System.err(13437): 	at cn.wps.moffice.OfficeApp.onCreate(Unknown Source)
W/System.err(13437): 	at android.app.Instrumentation.callApplicationOnCreate(Instrumentation.java:999)
W/System.err(13437): 	at maw.callApplicationOnCreate(Unknown Source)
W/System.err(13437): 	at android.app.ActivityThread.handleBindApplication(ActivityThread.java:4318)
W/System.err(13437): 	at android.app.ActivityThread.access$1300(ActivityThread.java:149)
W/System.err(13437): 	at android.app.ActivityThread$H.handleMessage(ActivityThread.java:1360)
W/System.err(13437): 	at android.os.Handler.dispatchMessage(Handler.java:99)
W/System.err(13437): 	at android.os.Looper.loop(Looper.java:153)
W/System.err(13437): 	at android.app.ActivityThread.main(ActivityThread.java:5086)
W/System.err(13437): 	at java.lang.reflect.Method.invokeNative(Native Method)
W/System.err(13437): 	at java.lang.reflect.Method.invoke(Method.java:511)
W/System.err(13437): 	at com.android.internal.os.ZygoteInit$MethodAndArgsCaller.run(ZygoteInit.java:821)
W/System.err(13437): 	at com.android.internal.os.ZygoteInit.main(ZygoteInit.java:584)
W/System.err(13437): 	at dalvik.system.NativeStart.main(Native Method)
W/System.err(13437): java.lang.ClassNotFoundException: bum
W/System.err(13437): 	at dalvik.system.BaseDexClassLoader.findClass(BaseDexClassLoader.java:61)
W/System.err(13437): 	at idi.loadClass(Unknown Source)
W/System.err(13437): 	at java.lang.ClassLoader.loadClass(ClassLoader.java:461)
W/System.err(13437): 	at cn.wps.moffice.OfficeAppSdkInit.init(Unknown Source)
W/System.err(13437): 	at cn.wps.moffice.OfficeApp.onCreate(Unknown Source)
W/System.err(13437): 	at android.app.Instrumentation.callApplicationOnCreate(Instrumentation.java:999)
W/System.err(13437): 	at maw.callApplicationOnCreate(Unknown Source)
W/System.err(13437): 	at android.app.ActivityThread.handleBindApplication(ActivityThread.java:4318)
W/System.err(13437): 	at android.app.ActivityThread.access$1300(ActivityThread.java:149)
W/System.err(13437): 	at android.app.ActivityThread$H.handleMessage(ActivityThread.java:1360)
W/System.err(13437): 	at android.os.Handler.dispatchMessage(Handler.java:99)
W/System.err(13437): 	at android.os.Looper.loop(Looper.java:153)
W/System.err(13437): 	at android.app.ActivityThread.main(ActivityThread.java:5086)
W/System.err(13437): 	at java.lang.reflect.Method.invokeNative(Native Method)
W/System.err(13437): 	at java.lang.reflect.Method.invoke(Method.java:511)
W/System.err(13437): 	at com.android.internal.os.ZygoteInit$MethodAndArgsCaller.run(ZygoteInit.java:821)
W/System.err(13437): 	at com.android.internal.os.ZygoteInit.main(ZygoteInit.java:584)
W/System.err(13437): 	at dalvik.system.NativeStart.main(Native Method)
W/System.err(13437): java.lang.ClassNotFoundException: java.lang.OutOfMemoryError
W/System.err(13437): 	at dalvik.system.BaseDexClassLoader.findClass(BaseDexClassLoader.java:61)
W/System.err(13437): 	at idi.loadClass(Unknown Source)
W/System.err(13437): 	at java.lang.ClassLoader.loadClass(ClassLoader.java:461)
W/System.err(13437): 	at cn.wps.moffice.OfficeAppSdkInit.init(Unknown Source)
W/System.err(13437): 	at cn.wps.moffice.OfficeApp.onCreate(Unknown Source)
W/System.err(13437): 	at android.app.Instrumentation.callApplicationOnCreate(Instrumentation.java:999)
W/System.err(13437): 	at maw.callApplicationOnCreate(Unknown Source)
W/System.err(13437): 	at android.app.ActivityThread.handleBindApplication(ActivityThread.java:4318)
W/System.err(13437): 	at android.app.ActivityThread.access$1300(ActivityThread.java:149)
W/System.err(13437): 	at android.app.ActivityThread$H.handleMessage(ActivityThread.java:1360)
W/System.err(13437): 	at android.os.Handler.dispatchMessage(Handler.java:99)
W/System.err(13437): 	at android.os.Looper.loop(Looper.java:153)
W/System.err(13437): 	at android.app.ActivityThread.main(ActivityThread.java:5086)
W/System.err(13437): 	at java.lang.reflect.Method.invokeNative(Native Method)
W/System.err(13437): 	at java.lang.reflect.Method.invoke(Method.java:511)
W/System.err(13437): 	at com.android.internal.os.ZygoteInit$MethodAndArgsCaller.run(ZygoteInit.java:821)
W/System.err(13437): 	at com.android.internal.os.ZygoteInit.main(ZygoteInit.java:584)
W/System.err(13437): 	at dalvik.system.NativeStart.main(Native Method)
W/System.err(13437): java.lang.ClassNotFoundException: bvh
W/System.err(13437): 	at dalvik.system.BaseDexClassLoader.findClass(BaseDexClassLoader.java:61)
W/System.err(13437): 	at idi.loadClass(Unknown Source)
W/System.err(13437): 	at java.lang.ClassLoader.loadClass(ClassLoader.java:461)
W/System.err(13437): 	at cn.wps.moffice.OfficeAppSdkInit.init(Unknown Source)
W/System.err(13437): 	at cn.wps.moffice.OfficeApp.onCreate(Unknown Source)
W/System.err(13437): 	at android.app.Instrumentation.callApplicationOnCreate(Instrumentation.java:999)
W/System.err(13437): 	at maw.callApplicationOnCreate(Unknown Source)
W/System.err(13437): 	at android.app.ActivityThread.handleBindApplication(ActivityThread.java:4318)
W/System.err(13437): 	at android.app.ActivityThread.access$1300(ActivityThread.java:149)
W/System.err(13437): 	at android.app.ActivityThread$H.handleMessage(ActivityThread.java:1360)
W/System.err(13437): 	at android.os.Handler.dispatchMessage(Handler.java:99)
W/System.err(13437): 	at android.os.Looper.loop(Looper.java:153)
W/System.err(13437): 	at android.app.ActivityThread.main(ActivityThread.java:5086)
W/System.err(13437): 	at java.lang.reflect.Method.invokeNative(Native Method)
W/System.err(13437): 	at java.lang.reflect.Method.invoke(Method.java:511)
W/System.err(13437): 	at com.android.internal.os.ZygoteInit$MethodAndArgsCaller.run(ZygoteInit.java:821)
W/System.err(13437): 	at com.android.internal.os.ZygoteInit.main(ZygoteInit.java:584)
W/System.err(13437): 	at dalvik.system.NativeStart.main(Native Method)
W/System.err(13437): java.lang.ClassNotFoundException: android.graphics.Bitmap
W/System.err(13437): 	at dalvik.system.BaseDexClassLoader.findClass(BaseDexClassLoader.java: